C:/Users/Juan/test/sdks/trabajo_integrador_sdk/devices/LPC845/drivers/fsl_gpio.h:153:20:GPIO_PinWrite	24	static
C:/Users/Juan/test/sdks/trabajo_integrador_sdk/devices/LPC845/drivers/fsl_gpio.h:172:24:GPIO_PinRead	24	static
C:/Users/Juan/test/sdks/trabajo_integrador_sdk/devices/LPC845/drivers/fsl_gpio.h:210:20:GPIO_PortToggle	24	static
C:/Users/Juan/test/sdks/trabajo_integrador_sdk/devices/LPC845/drivers/fsl_adc.h:497:20:ADC_DoSoftwareTriggerConvSeqA	16	static
C:/Users/Juan/test/trabajo_integrador/wrappers.h:44:20:wrapper_gpio_init	16	static
C:/Users/Juan/test/trabajo_integrador/wrappers.h:53:20:wrapper_btn_get	24	static
C:/Users/Juan/test/trabajo_integrador/wrappers.h:63:20:wrapper_output_init	40	static
C:/Users/Juan/test/trabajo_integrador/wrappers.h:73:24:wrapper_gpio_get_port	24	static
C:/Users/Juan/test/trabajo_integrador/wrappers.h:83:24:wrapper_gpio_get_pin	24	static
C:/Users/Juan/test/trabajo_integrador/wrappers.h:92:20:wrapper_output_toggle	32	static
C:/Users/Juan/test/trabajo_integrador/wrappers.h:100:20:wrapper_display_off	8	static
C:/Users/Juan/test/trabajo_integrador/wrappers.h:110:20:wrapper_display_on	24	static
C:/Users/Juan/test/trabajo_integrador/app_tasks.h:174:20:wrapper_btn_get_with_debouncing_with_pull_up	24	static
C:/Users/Juan/test/trabajo_integrador/app_tasks.c:30:6:task_system_init	64	static
C:/Users/Juan/test/trabajo_integrador/app_tasks.c:73:6:task_adc_trigger	16	static
C:/Users/Juan/test/trabajo_integrador/app_tasks.c:88:6:task_light_sensor	32	static
C:/Users/Juan/test/trabajo_integrador/app_tasks.c:116:6:task_pwm_control	32	static
C:/Users/Juan/test/trabajo_integrador/app_tasks.c:142:6:task_rgb_controller	32	static
C:/Users/Juan/test/trabajo_integrador/app_tasks.c:182:6:task_display_manager	64	static
C:/Users/Juan/test/trabajo_integrador/app_tasks.c:219:6:task_display_toggle	32	static
C:/Users/Juan/test/trabajo_integrador/app_tasks.c:247:6:task_user_button	16	static
C:/Users/Juan/test/trabajo_integrador/app_tasks.c:275:6:task_buzzer_control	48	static
C:/Users/Juan/test/trabajo_integrador/app_tasks.c:306:6:task_setpoint_buttons	56	static
C:/Users/Juan/test/trabajo_integrador/app_tasks.c:337:6:task_system_monitor	56	static
