Archive member included to satisfy reference by file (symbol)

C:/NXP/MCUXpressoIDE_24.12.148/ide/tools/bin/../lib/gcc/arm-none-eabi/13.2.1/thumb/v6-m/nofp\libgcc.a(_udivsi3.o)
                              CMakeFiles/new_project.elf.dir/C_/GitHub/curso-lse/workspace_lpc845/sdks/01.blinky_sdk/devices/LPC845/system_LPC845.c.obj (__aeabi_uidiv)
C:/NXP/MCUXpressoIDE_24.12.148/ide/tools/bin/../lib/gcc/arm-none-eabi/13.2.1/thumb/v6-m/nofp\libgcc.a(_dvmd_tls.o)
                              C:/NXP/MCUXpressoIDE_24.12.148/ide/tools/bin/../lib/gcc/arm-none-eabi/13.2.1/thumb/v6-m/nofp\libgcc.a(_udivsi3.o) (__aeabi_idiv0)
C:/NXP/MCUXpressoIDE_24.12.148/ide/tools/bin/../lib/gcc/arm-none-eabi/13.2.1/thumb/v6-m/nofp\libgcc.a(_aeabi_uldivmod.o)
                              CMakeFiles/new_project.elf.dir/C_/GitHub/curso-lse/workspace_lpc845/sdks/01.blinky_sdk/devices/LPC845/drivers/fsl_clock.c.obj (__aeabi_uldivmod)
C:/NXP/MCUXpressoIDE_24.12.148/ide/tools/bin/../lib/gcc/arm-none-eabi/13.2.1/thumb/v6-m/nofp\libgcc.a(_muldi3.o)
                              CMakeFiles/new_project.elf.dir/C_/GitHub/curso-lse/workspace_lpc845/sdks/01.blinky_sdk/devices/LPC845/drivers/fsl_common_arm.c.obj (__aeabi_lmul)
C:/NXP/MCUXpressoIDE_24.12.148/ide/tools/bin/../lib/gcc/arm-none-eabi/13.2.1/thumb/v6-m/nofp\libgcc.a(_udivmoddi4.o)
                              C:/NXP/MCUXpressoIDE_24.12.148/ide/tools/bin/../lib/gcc/arm-none-eabi/13.2.1/thumb/v6-m/nofp\libgcc.a(_aeabi_uldivmod.o) (__udivmoddi4)
C:/NXP/MCUXpressoIDE_24.12.148/ide/tools/bin/../lib/gcc/arm-none-eabi/13.2.1/thumb/v6-m/nofp\libgcc.a(_clzdi2.o)
                              C:/NXP/MCUXpressoIDE_24.12.148/ide/tools/bin/../lib/gcc/arm-none-eabi/13.2.1/thumb/v6-m/nofp\libgcc.a(_udivmoddi4.o) (__clzdi2)
C:/NXP/MCUXpressoIDE_24.12.148/ide/tools/bin/../lib/gcc/arm-none-eabi/13.2.1/thumb/v6-m/nofp\libgcc.a(_clzsi2.o)
                              C:/NXP/MCUXpressoIDE_24.12.148/ide/tools/bin/../lib/gcc/arm-none-eabi/13.2.1/thumb/v6-m/nofp\libgcc.a(_clzdi2.o) (__clzsi2)
C:/NXP/MCUXpressoIDE_24.12.148/ide/tools/bin/../lib/gcc/arm-none-eabi/13.2.1/thumb/v6-m/nofp\libc_nano.a(libc_a-exit.o)
                              C:/NXP/MCUXpressoIDE_24.12.148/ide/tools/bin/../lib/gcc/arm-none-eabi/13.2.1/thumb/v6-m/nofp/crt0.o (exit)
C:/NXP/MCUXpressoIDE_24.12.148/ide/tools/bin/../lib/gcc/arm-none-eabi/13.2.1/thumb/v6-m/nofp\libc_nano.a(libc_a-malloc.o)
                              CMakeFiles/new_project.elf.dir/C_/GitHub/curso-lse/workspace_lpc845/sdks/01.blinky_sdk/devices/LPC845/drivers/fsl_common.c.obj (malloc)
C:/NXP/MCUXpressoIDE_24.12.148/ide/tools/bin/../lib/gcc/arm-none-eabi/13.2.1/thumb/v6-m/nofp\libc_nano.a(libc_a-mallocr.o)
                              C:/NXP/MCUXpressoIDE_24.12.148/ide/tools/bin/../lib/gcc/arm-none-eabi/13.2.1/thumb/v6-m/nofp\libc_nano.a(libc_a-malloc.o) (_malloc_r)
C:/NXP/MCUXpressoIDE_24.12.148/ide/tools/bin/../lib/gcc/arm-none-eabi/13.2.1/thumb/v6-m/nofp\libc_nano.a(libc_a-mlock.o)
                              C:/NXP/MCUXpressoIDE_24.12.148/ide/tools/bin/../lib/gcc/arm-none-eabi/13.2.1/thumb/v6-m/nofp\libc_nano.a(libc_a-mallocr.o) (__malloc_lock)
C:/NXP/MCUXpressoIDE_24.12.148/ide/tools/bin/../lib/gcc/arm-none-eabi/13.2.1/thumb/v6-m/nofp\libc_nano.a(libc_a-strtoul.o)
                              CMakeFiles/new_project.elf.dir/C_/GitHub/curso-lse/workspace_lpc845/sdks/01.blinky_sdk/devices/LPC845/utilities/str/fsl_str.c.obj (strtoul)
C:/NXP/MCUXpressoIDE_24.12.148/ide/tools/bin/../lib/gcc/arm-none-eabi/13.2.1/thumb/v6-m/nofp\libc_nano.a(libc_a-ctype_.o)
                              C:/NXP/MCUXpressoIDE_24.12.148/ide/tools/bin/../lib/gcc/arm-none-eabi/13.2.1/thumb/v6-m/nofp\libc_nano.a(libc_a-strtoul.o) (_ctype_)
C:/NXP/MCUXpressoIDE_24.12.148/ide/tools/bin/../lib/gcc/arm-none-eabi/13.2.1/thumb/v6-m/nofp\libc_nano.a(libc_a-findfp.o)
                              C:/NXP/MCUXpressoIDE_24.12.148/ide/tools/bin/../lib/gcc/arm-none-eabi/13.2.1/thumb/v6-m/nofp\libc_nano.a(libc_a-exit.o) (__stdio_exit_handler)
C:/NXP/MCUXpressoIDE_24.12.148/ide/tools/bin/../lib/gcc/arm-none-eabi/13.2.1/thumb/v6-m/nofp\libc_nano.a(libc_a-fwalk.o)
                              C:/NXP/MCUXpressoIDE_24.12.148/ide/tools/bin/../lib/gcc/arm-none-eabi/13.2.1/thumb/v6-m/nofp\libc_nano.a(libc_a-findfp.o) (_fwalk_sglue)
C:/NXP/MCUXpressoIDE_24.12.148/ide/tools/bin/../lib/gcc/arm-none-eabi/13.2.1/thumb/v6-m/nofp\libc_nano.a(libc_a-stdio.o)
                              C:/NXP/MCUXpressoIDE_24.12.148/ide/tools/bin/../lib/gcc/arm-none-eabi/13.2.1/thumb/v6-m/nofp\libc_nano.a(libc_a-findfp.o) (__sread)
C:/NXP/MCUXpressoIDE_24.12.148/ide/tools/bin/../lib/gcc/arm-none-eabi/13.2.1/thumb/v6-m/nofp\libc_nano.a(libc_a-memset.o)
                              C:/NXP/MCUXpressoIDE_24.12.148/ide/tools/bin/../lib/gcc/arm-none-eabi/13.2.1/thumb/v6-m/nofp/crt0.o (memset)
C:/NXP/MCUXpressoIDE_24.12.148/ide/tools/bin/../lib/gcc/arm-none-eabi/13.2.1/thumb/v6-m/nofp\libc_nano.a(libc_a-closer.o)
[...]
Memory Configuration

Name             Origin             Length             Attributes
m_interrupts     0x00000000         0x00000200         xr
m_crp            0x000002fc         0x00000004         xr
m_text           0x00000300         0x0000fd00         xr
m_data           0x10000000         0x00003fe0         rw
*default*        0x00000000         0xffffffff

Linker script and memory map

LOAD C:/NXP/MCUXpressoIDE_24.12.148/ide/tools/bin/../lib/gcc/arm-none-eabi/13.2.1/thumb/v6-m/nofp/crti.o
LOAD C:/NXP/MCUXpressoIDE_24.12.148/ide/tools/bin/../lib/gcc/arm-none-eabi/13.2.1/thumb/v6-m/nofp/crtbegin.o
LOAD C:/NXP/MCUXpressoIDE_24.12.148/ide/tools/bin/../lib/gcc/arm-none-eabi/13.2.1/thumb/v6-m/nofp/crt0.o
LOAD CMakeFiles/new_project.elf.dir/C_/GitHub/curso-lse/workspace_lpc845/01.blinky/main.c.obj
LOAD CMakeFiles/new_project.elf.dir/C_/GitHub/curso-lse/workspace_lpc845/01.blinky/peripherals.c.obj
LOAD CMakeFiles/new_project.elf.dir/C_/GitHub/curso-lse/workspace_lpc845/01.blinky/pin_mux.c.obj
LOAD CMakeFiles/new_project.elf.dir/C_/GitHub/curso-lse/workspace_lpc845/01.blinky/board.c.obj
LOAD CMakeFiles/new_project.elf.dir/C_/GitHub/curso-lse/workspace_lpc845/01.blinky/clock_config.c.obj
LOAD CMakeFiles/new_project.elf.dir/C_/GitHub/curso-lse/workspace_lpc845/01.blinky/hardware_init.c.obj
LOAD CMakeFiles/new_project.elf.dir/C_/GitHub/curso-lse/workspace_lpc845/sdks/01.blinky_sdk/components/uart/fsl_adapter_miniusart.c.obj
LOAD CMakeFiles/new_project.elf.dir/C_/GitHub/curso-lse/workspace_lpc845/sdks/01.blinky_sdk/devices/LPC845/gcc/startup_LPC845.S.obj
LOAD CMakeFiles/new_project.elf.dir/C_/GitHub/curso-lse/workspace_lpc845/sdks/01.blinky_sdk/devices/LPC845/system_LPC845.c.obj
LOAD CMakeFiles/new_project.elf.dir/C_/GitHub/curso-lse/workspace_lpc845/sdks/01.blinky_sdk/devices/LPC845/drivers/fsl_clock.c.obj
LOAD CMakeFiles/new_project.elf.dir/C_/GitHub/curso-lse/workspace_lpc845/sdks/01.blinky_sdk/devices/LPC845/drivers/fsl_common.c.obj
LOAD CMakeFiles/new_project.elf.dir/C_/GitHub/curso-lse/workspace_lpc845/sdks/01.blinky_sdk/devices/LPC845/drivers/fsl_common_arm.c.obj
LOAD CMakeFiles/new_project.elf.dir/C_/GitHub/curso-lse/workspace_lpc845/sdks/01.blinky_sdk/devices/LPC845/drivers/fsl_inputmux.c.obj
LOAD CMakeFiles/new_project.elf.dir/C_/GitHub/curso-lse/workspace_lpc845/sdks/01.blinky_sdk/devices/LPC845/drivers/fsl_gpio.c.obj
LOAD CMakeFiles/new_project.elf.dir/C_/GitHub/curso-lse/workspace_lpc845/sdks/01.blinky_sdk/devices/LPC845/drivers/fsl_usart.c.obj
LOAD CMakeFiles/new_project.elf.dir/C_/GitHub/curso-lse/workspace_lpc845/sdks/01.blinky_sdk/devices/LPC845/drivers/fsl_power.c.obj
LOAD CMakeFiles/new_project.elf.dir/C_/GitHub/curso-lse/workspace_lpc845/sdks/01.blinky_sdk/devices/LPC845/drivers/fsl_reset.c.obj
LOAD CMakeFiles/new_project.elf.dir/C_/GitHub/curso-lse/workspace_lpc845/sdks/01.blinky_sdk/devices/LPC845/drivers/fsl_swm.c.obj
LOAD CMakeFiles/new_project.elf.dir/C_/GitHub/curso-lse/workspace_lpc845/sdks/01.blinky_sdk/devices/LPC845/drivers/fsl_syscon.c.obj
LOAD CMakeFiles/new_project.elf.dir/C_/GitHub/curso-lse/workspace_lpc845/sdks/01.blinky_sdk/devices/LPC845/utilities/fsl_syscall_stub.c.obj
LOAD CMakeFiles/new_project.elf.dir/C_/GitHub/curso-lse/workspace_lpc845/sdks/01.blinky_sdk/devices/LPC845/utilities/fsl_sbrk.c.obj
LOAD CMakeFiles/new_project.elf.dir/C_/GitHub/curso-lse/workspace_lpc845/sdks/01.blinky_sdk/devices/LPC845/utilities/debug_console_lite/fsl_assert.c.obj
LOAD CMakeFiles/new_project.elf.dir/C_/GitHub/curso-lse/workspace_lpc845/sdks/01.blinky_sdk/devices/LPC845/utilities/debug_console_lite/fsl_debug_console.c.obj
LOAD CMakeFiles/new_project.elf.dir/C_/GitHub/curso-lse/workspace_lpc845/sdks/01.blinky_sdk/devices/LPC845/utilities/str/fsl_str.c.obj
START GROUP
LOAD C:/NXP/MCUXpressoIDE_24.12.148/ide/tools/bin/../lib/gcc/arm-none-eabi/13.2.1/thumb/v6-m/nofp\libgcc.a
LOAD C:/NXP/MCUXpressoIDE_24.12.148/ide/tools/bin/../lib/gcc/arm-none-eabi/13.2.1/thumb/v6-m/nofp\libc_nano.a
LOAD C:/NXP/MCUXpressoIDE_24.12.148/ide/tools/bin/../lib/gcc/arm-none-eabi/13.2.1/thumb/v6-m/nofp\libm.a
LOAD C:/NXP/MCUXpressoIDE_24.12.148/ide/tools/bin/../lib/gcc/arm-none-eabi/13.2.1/../../../../arm-none-eabi/lib/thumb/v6-m/nofp\libcr_newlib_nohost.a
END GROUP
START GROUP
LOAD C:/NXP/MCUXpressoIDE_24.12.148/ide/tools/bin/../lib/gcc/arm-none-eabi/13.2.1/thumb/v6-m/nofp\libgcc.a
LOAD C:/NXP/MCUXpressoIDE_24.12.148/ide/tools/bin/../lib/gcc/arm-none-eabi/13.2.1/thumb/v6-m/nofp\libg_nano.a
LOAD C:/NXP/MCUXpressoIDE_24.12.148/ide/tools/bin/../lib/gcc/arm-none-eabi/13.2.1/thumb/v6-m/nofp\libc_nano.a
END GROUP
START GROUP
LOAD C:/NXP/MCUXpressoIDE_24.12.148/ide/tools/bin/../lib/gcc/arm-none-eabi/13.2.1/thumb/v6-m/nofp\libgcc.a
LOAD C:/NXP/MCUXpressoIDE_24.12.148/ide/tools/bin/../lib/gcc/arm-none-eabi/13.2.1/thumb/v6-m/nofp\libc_nano.a
LOAD C:/NXP/MCUXpressoIDE_24.12.148/ide/tools/bin/../lib/gcc/arm-none-eabi/13.2.1/thumb/v6-m/nofp\libnosys.a
END GROUP
START GROUP
LOAD C:/NXP/MCUXpressoIDE_24.12.148/ide/tools/bin/../lib/gcc/arm-none-eabi/13.2.1/thumb/v6-m/nofp\libgcc.a
LOAD C:/NXP/MCUXpressoIDE_24.12.148/ide/tools/bin/../lib/gcc/arm-none-eabi/13.2.1/thumb/v6-m/nofp\libc_nano.a
LOAD C:/NXP/MCUXpressoIDE_24.12.148/ide/tools/bin/../lib/gcc/arm-none-eabi/13.2.1/thumb/v6-m/nofp\libnosys.a
END GROUP
LOAD C:/NXP/MCUXpressoIDE_24.12.148/ide/tools/bin/../lib/gcc/arm-none-eabi/13.2.1/thumb/v6-m/nofp/crtend.o
LOAD C:/NXP/MCUXpressoIDE_24.12.148/ide/tools/bin/../lib/gcc/arm-none-eabi/13.2.1/thumb/v6-m/nofp/crtn.o
                0x00000400                        HEAP_SIZE = DEFINED (__heap_size__)?__heap_size__:0x400
                0x00000800                        STACK_SIZE = DEFINED (__stack_size__)?__stack_size__:0x800
                0xefffb4f9                        __valid_user_code_checksum = (0x0 - ((((__StackTop + Reset_Handler) + NMI_Handler) + HardFault_Handler) + 0x3))

.interrupts     0x00000000       0xc0
                0x00000000                        . = ALIGN (0x4)
 *(.isr_vector)
 .isr_vector    0x00000000       0xc0 CMakeFiles/new_project.elf.dir/C_/GitHub/curso-lse/workspace_lpc845/sdks/01.blinky_sdk/devices/LPC845/gcc/startup_LPC845.S.obj
                0x00000000                __Vectors
                0x000000c0                        . = ALIGN (0x4)

.crp            0x000002fc        0x4
                0x000002fc                        . = ALIGN (0x4)
 *(.crp)
 .crp           0x000002fc        0x4 CMakeFiles/new_project.elf.dir/C_/GitHub/curso-lse/workspace_lpc845/sdks/01.blinky_sdk/devices/LPC845/gcc/startup_LPC845.S.obj
                0x00000300                        . = ALIGN (0x4)

.text           0x00000300     0x1724
                0x00000300                        . = ALIGN (0x4)
 *(.text)
 .text          0x00000300       0x80 C:/NXP/MCUXpressoIDE_24.12.148/ide/tools/bin/../lib/gcc/arm-none-eabi/13.2.1/thumb/v6-m/nofp/crt0.o
                0x00000300                _stack_init
                0x0000030c                _start
                0x0000030c                _mainCRTStartup
 .text          0x00000380      0x17c CMakeFiles/new_project.elf.dir/C_/GitHub/curso-lse/workspace_lpc845/sdks/01.blinky_sdk/devices/LPC845/gcc/startup_LPC845.S.obj
                0x00000380                Reset_Handler
                0x000003cc                BOD_DriverIRQHandler
                0x000003cc                ADC0_OVR_DriverIRQHandler
                0x000003cc                SCT0_DriverIRQHandler
                0x000003cc                DMA0_DriverIRQHandler
                0x000003cc                ADC0_THCMP_DriverIRQHandler
                0x000003cc                SPI1_DriverIRQHandler
                0x000003cc                I2C0_DriverIRQHandler
                0x000003cc                I2C1_DriverIRQHandler
                0x000003cc                PIN_INT1_DriverIRQHandler
                0x000003cc                CMP_CAPT_DriverIRQHandler
                0x000003cc                WDT_DriverIRQHandler
                0x000003cc                I2C3_DriverIRQHandler
                0x000003cc                CTIMER0_DriverIRQHandler
                0x000003cc                PIN_INT3_DriverIRQHandler
                0x000003cc                PIN_INT5_DAC1_DriverIRQHandler
                0x000003cc                PIN_INT2_DriverIRQHandler
                0x000003cc                ADC0_SEQB_DriverIRQHandler
                0x000003cc                I2C2_DriverIRQHandler
                0x000003cc                PIN_INT0_DriverIRQHandler
                0x000003cc                FLASH_DriverIRQHandler
                0x000003cc                Reserved22_DriverIRQHandler
                0x000003cc                SPI0_DriverIRQHandler
                0x000003cc                ADC0_SEQA_DriverIRQHandler
                0x000003cc                WKT_DriverIRQHandler
                0x000003cc                DAC0_DriverIRQHandler
                0x000003cc                MRT0_DriverIRQHandler
                0x000003cc                PIN_INT4_DriverIRQHandler
                0x000003cc                DefaultISR
                0x000003d0                NMI_Handler
                0x000003d4                HardFault_Handler
                0x000003d8                SVC_Handler
                0x000003dc                PendSV_Handler
                0x000003e0                SysTick_Handler
                0x000003e4                SPI0_IRQHandler
                0x000003e8                SPI1_IRQHandler
                0x000003ec                DAC0_IRQHandler
                0x000003f0                USART0_IRQHandler
                0x000003f4                USART1_IRQHandler
                0x000003f8                USART2_IRQHandler
                0x000003fc                Reserved22_IRQHandler
                0x00000400                I2C1_IRQHandler
                0x00000404                I2C0_IRQHandler
                0x00000408                SCT0_IRQHandler
                0x0000040c                MRT0_IRQHandler
                0x00000410                CMP_CAPT_IRQHandler
                0x00000414                WDT_IRQHandler
                0x00000418                BOD_IRQHandler
                0x0000041c                FLASH_IRQHandler
                0x00000420                WKT_IRQHandler
                0x00000424                ADC0_SEQA_IRQHandler
                0x00000428                ADC0_SEQB_IRQHandler
                0x0000042c                ADC0_THCMP_IRQHandler
                0x00000430                ADC0_OVR_IRQHandler
                0x00000434                DMA0_IRQHandler
                0x00000438                I2C2_IRQHandler
                0x0000043c                I2C3_IRQHandler
                0x00000440                CTIMER0_IRQHandler
                0x00000444                PIN_INT0_IRQHandler
                0x00000448                PIN_INT1_IRQHandler
                0x0000044c                PIN_INT2_IRQHandler
                0x00000450                PIN_INT3_IRQHandler
                0x00000454                PIN_INT4_IRQHandler
                0x00000458                PIN_INT5_DAC1_IRQHandler
                0x0000045c                PIN_INT6_USART3_IRQHandler
                0x00000460                PIN_INT7_USART4_IRQHandler
 .text          0x000004fc      0x114 C:/NXP/MCUXpressoIDE_24.12.148/ide/tools/bin/../lib/gcc/arm-none-eabi/13.2.1/thumb/v6-m/nofp\libgcc.a(_udivsi3.o)
                0x000004fc                __aeabi_uidiv
                0x000004fc                __udivsi3
                0x00000608                __aeabi_uidivmod
 .text          0x00000610        0x4 C:/NXP/MCUXpressoIDE_24.12.148/ide/tools/bin/../lib/gcc/arm-none-eabi/13.2.1/thumb/v6-m/nofp\libgcc.a(_dvmd_tls.o)
                0x00000610                __aeabi_idiv0
                0x00000610                __aeabi_ldiv0
 .text          0x00000614        0xe C:/NXP/MCUXpressoIDE_24.12.148/ide/tools/bin/../lib/gcc/arm-none-eabi/13.2.1/thumb/v6-m/nofp\libc_nano.a(libc_a-strlen.o)
                0x00000614                strlen
 *(.text*)
 *fill*         0x00000622        0x2 
 .text.deregister_tm_clones
                0x00000624       0x20 C:/NXP/MCUXpressoIDE_24.12.148/ide/tools/bin/../lib/gcc/arm-none-eabi/13.2.1/thumb/v6-m/nofp/crtbegin.o
 .text.register_tm_clones
                0x00000644       0x28 C:/NXP/MCUXpressoIDE_24.12.148/ide/tools/bin/../lib/gcc/arm-none-eabi/13.2.1/thumb/v6-m/nofp/crtbegin.o
 .text.__do_global_dtors_aux
                0x0000066c       0x2c C:/NXP/MCUXpressoIDE_24.12.148/ide/tools/bin/../lib/gcc/arm-none-eabi/13.2.1/thumb/v6-m/nofp/crtbegin.o
 .text.frame_dummy
                0x00000698       0x24 C:/NXP/MCUXpressoIDE_24.12.148/ide/tools/bin/../lib/gcc/arm-none-eabi/13.2.1/thumb/v6-m/nofp/crtbegin.o
 .text.delay    0x000006bc       0x2c CMakeFiles/new_project.elf.dir/C_/GitHub/curso-lse/workspace_lpc845/01.blinky/main.c.obj
                0x000006bc                delay
 .text.main     0x000006e8       0x40 CMakeFiles/new_project.elf.dir/C_/GitHub/curso-lse/workspace_lpc845/01.blinky/main.c.obj
                0x000006e8                main
 .text.CLOCK_EnableClock
                0x00000728       0x54 CMakeFiles/new_project.elf.dir/C_/GitHub/curso-lse/workspace_lpc845/01.blinky/pin_mux.c.obj
 .text.CLOCK_DisableClock
                0x0000077c       0x58 CMakeFiles/new_project.elf.dir/C_/GitHub/curso-lse/workspace_lpc845/01.blinky/pin_mux.c.obj
 .text.IOCON_PinMuxSet
                0x000007d4       0x26 CMakeFiles/new_project.elf.dir/C_/GitHub/curso-lse/workspace_lpc845/01.blinky/pin_mux.c.obj
 .text.BOARD_InitBootPins
                0x000007fa       0x22 CMakeFiles/new_project.elf.dir/C_/GitHub/curso-lse/workspace_lpc845/01.blinky/pin_mux.c.obj
                0x000007fa                BOARD_InitBootPins
 .text.BOARD_InitPins
                0x0000081c        0xa CMakeFiles/new_project.elf.dir/C_/GitHub/curso-lse/workspace_lpc845/01.blinky/pin_mux.c.obj
                0x0000081c                BOARD_InitPins
 *fill*         0x00000826        0x2 
 .text.BOARD_InitLEDsPins
                0x00000828       0x98 CMakeFiles/new_project.elf.dir/C_/GitHub/curso-lse/workspace_lpc845/01.blinky/pin_mux.c.obj
                0x00000828                BOARD_InitLEDsPins
 .text.BOARD_InitDEBUG_UARTPins
                0x000008c0       0x60 CMakeFiles/new_project.elf.dir/C_/GitHub/curso-lse/workspace_lpc845/01.blinky/pin_mux.c.obj
                0x000008c0                BOARD_InitDEBUG_UARTPins
 .text.BOARD_InitSWD_DEBUGPins
                0x00000920       0x80 CMakeFiles/new_project.elf.dir/C_/GitHub/curso-lse/workspace_lpc845/01.blinky/pin_mux.c.obj
                0x00000920                BOARD_InitSWD_DEBUGPins
 .text.BOARD_InitBUTTONsPins
                0x000009a0       0x50 CMakeFiles/new_project.elf.dir/C_/GitHub/curso-lse/workspace_lpc845/01.blinky/pin_mux.c.obj
                0x000009a0                BOARD_InitBUTTONsPins
 .text.BOARD_InitCAPTPins
                0x000009f0       0xa4 CMakeFiles/new_project.elf.dir/C_/GitHub/curso-lse/workspace_lpc845/01.blinky/pin_mux.c.obj
                0x000009f0                BOARD_InitCAPTPins
 .text.CLOCK_Select
                0x00000a94       0x38 CMakeFiles/new_project.elf.dir/C_/GitHub/curso-lse/workspace_lpc845/01.blinky/clock_config.c.obj
 .text.CLOCK_SetCoreSysClkDiv
                0x00000acc       0x4c CMakeFiles/new_project.elf.dir/C_/GitHub/curso-lse/workspace_lpc845/01.blinky/clock_config.c.obj
 .text.CLOCK_SetFroOscFreq
                0x00000b18       0x24 CMakeFiles/new_project.elf.dir/C_/GitHub/curso-lse/workspace_lpc845/01.blinky/clock_config.c.obj
 .text.POWER_DisablePD
                0x00000b3c       0x2c CMakeFiles/new_project.elf.dir/C_/GitHub/curso-lse/workspace_lpc845/01.blinky/clock_config.c.obj
 .text.BOARD_InitBootClocks
                0x00000b68        0xe CMakeFiles/new_project.elf.dir/C_/GitHub/curso-lse/workspace_lpc845/01.blinky/clock_config.c.obj
                0x00000b68                BOARD_InitBootClocks
 *fill*         0x00000b76        0x2 
 .text.BOARD_BootClockFRO18M
                0x00000b78       0x58 CMakeFiles/new_project.elf.dir/C_/GitHub/curso-lse/workspace_lpc845/01.blinky/clock_config.c.obj
                0x00000b78                BOARD_BootClockFRO18M
 .text.BOARD_InitHardware
                0x00000bd0       0x12 CMakeFiles/new_project.elf.dir/C_/GitHub/curso-lse/workspace_lpc845/01.blinky/hardware_init.c.obj
                0x00000bd0                BOARD_InitHardware
 *fill*         0x00000be2        0x2 
 .text.SystemInit
                0x00000be4       0x2c CMakeFiles/new_project.elf.dir/C_/GitHub/curso-lse/workspace_lpc845/sdks/01.blinky_sdk/devices/LPC845/system_LPC845.c.obj
                0x00000be4                SystemInit
 .text.SystemInitHook
                0x00000c10        0xa CMakeFiles/new_project.elf.dir/C_/GitHub/curso-lse/workspace_lpc845/sdks/01.blinky_sdk/devices/LPC845/system_LPC845.c.obj
                0x00000c10                SystemInitHook
 *fill*         0x00000c1a        0x2 
 .text.CLOCK_UpdateClkSrc
                0x00000c1c       0x58 CMakeFiles/new_project.elf.dir/C_/GitHub/curso-lse/workspace_lpc845/sdks/01.blinky_sdk/devices/LPC845/drivers/fsl_clock.c.obj
 .text.CLOCK_SetMainClkSrc
                0x00000c74       0x9c CMakeFiles/new_project.elf.dir/C_/GitHub/curso-lse/workspace_lpc845/sdks/01.blinky_sdk/devices/LPC845/drivers/fsl_clock.c.obj
                0x00000c74                CLOCK_SetMainClkSrc
 .text.CLOCK_SetFroOutClkSrc
                0x00000d10       0x48 CMakeFiles/new_project.elf.dir/C_/GitHub/curso-lse/workspace_lpc845/sdks/01.blinky_sdk/devices/LPC845/drivers/fsl_clock.c.obj
                0x00000d10                CLOCK_SetFroOutClkSrc
 .text.CLOCK_EnableClock
                0x00000d58       0x54 CMakeFiles/new_project.elf.dir/C_/GitHub/curso-lse/workspace_lpc845/sdks/01.blinky_sdk/devices/LPC845/drivers/fsl_gpio.c.obj
 .text.GPIO_EnablePortClock
                0x00000dac       0x44 CMakeFiles/new_project.elf.dir/C_/GitHub/curso-lse/workspace_lpc845/sdks/01.blinky_sdk/devices/LPC845/drivers/fsl_gpio.c.obj
 .text.GPIO_PinInit
                0x00000df0       0xc0 CMakeFiles/new_project.elf.dir/C_/GitHub/curso-lse/workspace_lpc845/sdks/01.blinky_sdk/devices/LPC845/drivers/fsl_gpio.c.obj
                0x00000df0                GPIO_PinInit
 .text.USART0_DriverIRQHandler
                0x00000eb0       0x24 CMakeFiles/new_project.elf.dir/C_/GitHub/curso-lse/workspace_lpc845/sdks/01.blinky_sdk/devices/LPC845/drivers/fsl_usart.c.obj
                0x00000eb0                USART0_DriverIRQHandler
 .text.USART1_DriverIRQHandler
                0x00000ed4       0x24 CMakeFiles/new_project.elf.dir/C_/GitHub/curso-lse/workspace_lpc845/sdks/01.blinky_sdk/devices/LPC845/drivers/fsl_usart.c.obj
                0x00000ed4                USART1_DriverIRQHandler
 .text.USART2_DriverIRQHandler
                0x00000ef8       0x24 CMakeFiles/new_project.elf.dir/C_/GitHub/curso-lse/workspace_lpc845/sdks/01.blinky_sdk/devices/LPC845/drivers/fsl_usart.c.obj
                0x00000ef8                USART2_DriverIRQHandler
 .text.PIN_INT6_USART3_DriverIRQHandler
                0x00000f1c       0x24 CMakeFiles/new_project.elf.dir/C_/GitHub/curso-lse/workspace_lpc845/sdks/01.blinky_sdk/devices/LPC845/drivers/fsl_usart.c.obj
                0x00000f1c                PIN_INT6_USART3_DriverIRQHandler
 .text.PIN_INT7_USART4_DriverIRQHandler
                0x00000f40       0x24 CMakeFiles/new_project.elf.dir/C_/GitHub/curso-lse/workspace_lpc845/sdks/01.blinky_sdk/devices/LPC845/drivers/fsl_usart.c.obj
                0x00000f40                PIN_INT7_USART4_DriverIRQHandler
 .text.SWM_SetMovablePinSelect
                0x00000f64       0xa8 CMakeFiles/new_project.elf.dir/C_/GitHub/curso-lse/workspace_lpc845/sdks/01.blinky_sdk/devices/LPC845/drivers/fsl_swm.c.obj
                0x00000f64                SWM_SetMovablePinSelect
 .text.SWM_SetFixedPinSelect
                0x0000100c       0xac CMakeFiles/new_project.elf.dir/C_/GitHub/curso-lse/workspace_lpc845/sdks/01.blinky_sdk/devices/LPC845/drivers/fsl_swm.c.obj
                0x0000100c                SWM_SetFixedPinSelect
 .text.fsl_assert_hook
                0x000010b8       0x16 CMakeFiles/new_project.elf.dir/C_/GitHub/curso-lse/workspace_lpc845/sdks/01.blinky_sdk/devices/LPC845/utilities/debug_console_lite/fsl_assert.c.obj
                0x000010b8                fsl_assert_hook
 *fill*         0x000010ce        0x2 
 .text.__assert_func
                0x000010d0       0x34 CMakeFiles/new_project.elf.dir/C_/GitHub/curso-lse/workspace_lpc845/sdks/01.blinky_sdk/devices/LPC845/utilities/debug_console_lite/fsl_assert.c.obj
                0x000010d0                __assert_func
 .text.DbgConsole_Printf
                0x00001104       0x32 CMakeFiles/new_project.elf.dir/C_/GitHub/curso-lse/workspace_lpc845/sdks/01.blinky_sdk/devices/LPC845/utilities/debug_console_lite/fsl_debug_console.c.obj
                0x00001104                DbgConsole_Printf
 *fill*         0x00001136        0x2 
 .text.DbgConsole_Vprintf
                0x00001138       0x40 CMakeFiles/new_project.elf.dir/C_/GitHub/curso-lse/workspace_lpc845/sdks/01.blinky_sdk/devices/LPC845/utilities/debug_console_lite/fsl_debug_console.c.obj
                0x00001138                DbgConsole_Vprintf
 .text.DbgConsole_Putchar
                0x00001178       0x30 CMakeFiles/new_project.elf.dir/C_/GitHub/curso-lse/workspace_lpc845/sdks/01.blinky_sdk/devices/LPC845/utilities/debug_console_lite/fsl_debug_console.c.obj
                0x00001178                DbgConsole_Putchar
 .text.DbgConsole_PrintfPaddingCharacter
                0x000011a8       0x48 CMakeFiles/new_project.elf.dir/C_/GitHub/curso-lse/workspace_lpc845/sdks/01.blinky_sdk/devices/LPC845/utilities/debug_console_lite/fsl_debug_console.c.obj
 .text.DbgConsole_ConvertRadixNumToString
                0x000011f0       0xc2 CMakeFiles/new_project.elf.dir/C_/GitHub/curso-lse/workspace_lpc845/sdks/01.blinky_sdk/devices/LPC845/utilities/debug_console_lite/fsl_debug_console.c.obj
 .text.DbgConsole_PrintfFormattedData
                0x000012b2      0x3da CMakeFiles/new_project.elf.dir/C_/GitHub/curso-lse/workspace_lpc845/sdks/01.blinky_sdk/devices/LPC845/utilities/debug_console_lite/fsl_debug_console.c.obj
 .text.exit     0x0000168c       0x28 C:/NXP/MCUXpressoIDE_24.12.148/ide/tools/bin/../lib/gcc/arm-none-eabi/13.2.1/thumb/v6-m/nofp\libc_nano.a(libc_a-exit.o)
                0x0000168c                exit
 .text.memset   0x000016b4       0x10 C:/NXP/MCUXpressoIDE_24.12.148/ide/tools/bin/../lib/gcc/arm-none-eabi/13.2.1/thumb/v6-m/nofp\libc_nano.a(libc_a-memset.o)
                0x000016b4                memset
 .text.__libc_init_array
                0x000016c4       0x48 C:/NXP/MCUXpressoIDE_24.12.148/ide/tools/bin/../lib/gcc/arm-none-eabi/13.2.1/thumb/v6-m/nofp\libc_nano.a(libc_a-init.o)
                0x000016c4                __libc_init_array
 .text.memcpy   0x0000170c       0x12 C:/NXP/MCUXpressoIDE_24.12.148/ide/tools/bin/../lib/gcc/arm-none-eabi/13.2.1/thumb/v6-m/nofp\libc_nano.a(libc_a-memcpy-stub.o)
                0x0000170c                memcpy
 .text._exit    0x0000171e        0x2 C:/NXP/MCUXpressoIDE_24.12.148/ide/tools/bin/../lib/gcc/arm-none-eabi/13.2.1/../../../../arm-none-eabi/lib/thumb/v6-m/nofp\libcr_newlib_nohost.a(_exit.o)
                0x0000171e                _exit
 *(.rodata)
 .rodata        0x00001720        0x2 CMakeFiles/new_project.elf.dir/C_/GitHub/curso-lse/workspace_lpc845/01.blinky/pin_mux.c.obj
 *fill*         0x00001722        0x2 
 .rodata        0x00001724       0x67 CMakeFiles/new_project.elf.dir/C_/GitHub/curso-lse/workspace_lpc845/01.blinky/clock_config.c.obj
 *fill*         0x0000178b        0x1 
 .rodata        0x0000178c       0xbc CMakeFiles/new_project.elf.dir/C_/GitHub/curso-lse/workspace_lpc845/sdks/01.blinky_sdk/devices/LPC845/drivers/fsl_clock.c.obj
 .rodata        0x00001848       0x7e CMakeFiles/new_project.elf.dir/C_/GitHub/curso-lse/workspace_lpc845/sdks/01.blinky_sdk/devices/LPC845/drivers/fsl_gpio.c.obj
 *fill*         0x000018c6        0x2 
 .rodata        0x000018c8       0x8a CMakeFiles/new_project.elf.dir/C_/GitHub/curso-lse/workspace_lpc845/sdks/01.blinky_sdk/devices/LPC845/drivers/fsl_swm.c.obj
 *fill*         0x00001952        0x2 
 .rodata        0x00001954       0x3e CMakeFiles/new_project.elf.dir/C_/GitHub/curso-lse/workspace_lpc845/sdks/01.blinky_sdk/devices/LPC845/utilities/debug_console_lite/fsl_assert.c.obj
 *(.rodata*)
 *fill*         0x00001992        0x2 
 .rodata.__func__.0
                0x00001994       0x17 CMakeFiles/new_project.elf.dir/C_/GitHub/curso-lse/workspace_lpc845/01.blinky/clock_config.c.obj
 *fill*         0x000019ab        0x1 
 .rodata.__func__.2
                0x000019ac       0x13 CMakeFiles/new_project.elf.dir/C_/GitHub/curso-lse/workspace_lpc845/sdks/01.blinky_sdk/devices/LPC845/drivers/fsl_clock.c.obj
 *fill*         0x000019bf        0x1 
 .rodata.s_gpioClockName
                0x000019c0        0x4 CMakeFiles/new_project.elf.dir/C_/GitHub/curso-lse/workspace_lpc845/sdks/01.blinky_sdk/devices/LPC845/drivers/fsl_gpio.c.obj
 .rodata.__func__.0
                0x000019c4       0x15 CMakeFiles/new_project.elf.dir/C_/GitHub/curso-lse/workspace_lpc845/sdks/01.blinky_sdk/devices/LPC845/drivers/fsl_gpio.c.obj
 *fill*         0x000019d9        0x3 
 .rodata.__func__.1
                0x000019dc       0x18 CMakeFiles/new_project.elf.dir/C_/GitHub/curso-lse/workspace_lpc845/sdks/01.blinky_sdk/devices/LPC845/drivers/fsl_swm.c.obj
 .rodata.__func__.0
                0x000019f4       0x16 CMakeFiles/new_project.elf.dir/C_/GitHub/curso-lse/workspace_lpc845/sdks/01.blinky_sdk/devices/LPC845/drivers/fsl_swm.c.obj
 *(.glue_7)
 .glue_7        0x00001a0a        0x0 linker stubs
 *(.glue_7t)
 .glue_7t       0x00001a0a        0x0 linker stubs
 *(.eh_frame)
 *fill*         0x00001a0a        0x2 
 .eh_frame      0x00001a0c        0x0 C:/NXP/MCUXpressoIDE_24.12.148/ide/tools/bin/../lib/gcc/arm-none-eabi/13.2.1/thumb/v6-m/nofp/crtbegin.o
 *(.init)
 .init          0x00001a0c        0x4 C:/NXP/MCUXpressoIDE_24.12.148/ide/tools/bin/../lib/gcc/arm-none-eabi/13.2.1/thumb/v6-m/nofp/crti.o
                0x00001a0c                _init
 .init          0x00001a10        0x8 C:/NXP/MCUXpressoIDE_24.12.148/ide/tools/bin/../lib/gcc/arm-none-eabi/13.2.1/thumb/v6-m/nofp/crtn.o
 *(.fini)
 .fini          0x00001a18        0x4 C:/NXP/MCUXpressoIDE_24.12.148/ide/tools/bin/../lib/gcc/arm-none-eabi/13.2.1/thumb/v6-m/nofp/crti.o
                0x00001a18                _fini
 .fini          0x00001a1c        0x8 C:/NXP/MCUXpressoIDE_24.12.148/ide/tools/bin/../lib/gcc/arm-none-eabi/13.2.1/thumb/v6-m/nofp/crtn.o
                0x00001a24                        . = ALIGN (0x4)

.vfp11_veneer   0x00001a24        0x0
 .vfp11_veneer  0x00001a24        0x0 linker stubs

.v4_bx          0x00001a24        0x0
 .v4_bx         0x00001a24        0x0 linker stubs

.iplt           0x00001a24        0x0
 .iplt          0x00001a24        0x0 C:/NXP/MCUXpressoIDE_24.12.148/ide/tools/bin/../lib/gcc/arm-none-eabi/13.2.1/thumb/v6-m/nofp/crtbegin.o

.ARM.extab
 *(.ARM.extab* .gnu.linkonce.armextab.*)

.ARM            0x00001a24        0x8
                0x00001a24                        __exidx_start = .
 *(.ARM.exidx*)
 .ARM.exidx     0x00001a24        0x8 C:/NXP/MCUXpressoIDE_24.12.148/ide/tools/bin/../lib/gcc/arm-none-eabi/13.2.1/thumb/v6-m/nofp/crt0.o
                                 0x10 (size before relaxing)
                0x00001a2c                        __exidx_end = .

.rel.dyn        0x00001a2c        0x0
 .rel.iplt      0x00001a2c        0x0 C:/NXP/MCUXpressoIDE_24.12.148/ide/tools/bin/../lib/gcc/arm-none-eabi/13.2.1/thumb/v6-m/nofp/crtbegin.o

.ctors          0x00001a2c        0x0
                0x00001a2c                        __CTOR_LIST__ = .
 *crtbegin.o(.ctors)
 *crtbegin?.o(.ctors)
 *(EXCLUDE_FILE(*crtend.o *crtend?.o) .ctors)
 *(SORT_BY_NAME(.ctors.*))
 *(.ctors)
                0x00001a2c                        __CTOR_END__ = .

.dtors          0x00001a2c        0x0
                0x00001a2c                        __DTOR_LIST__ = .
 *crtbegin.o(.dtors)
 *crtbegin?.o(.dtors)
 *(EXCLUDE_FILE(*crtend.o *crtend?.o) .dtors)
 *(SORT_BY_NAME(.dtors.*))
 *(.dtors)
                0x00001a2c                        __DTOR_END__ = .

.preinit_array  0x00001a2c        0x0
                0x00001a2c                        PROVIDE (__preinit_array_start = .)
 *(.preinit_array*)
                0x00001a2c                        PROVIDE (__preinit_array_end = .)

.init_array     0x00001a2c        0x4
                0x00001a2c                        PROVIDE (__init_array_start = .)
 *(SORT_BY_NAME(.init_array.*))
 *(.init_array*)
 .init_array    0x00001a2c        0x4 C:/NXP/MCUXpressoIDE_24.12.148/ide/tools/bin/../lib/gcc/arm-none-eabi/13.2.1/thumb/v6-m/nofp/crtbegin.o
                0x00001a30                        PROVIDE (__init_array_end = .)

.fini_array     0x00001a30        0x4
                [!provide]                        PROVIDE (__fini_array_start = .)
 *(SORT_BY_NAME(.fini_array.*))
 *(.fini_array*)
 .fini_array    0x00001a30        0x4 C:/NXP/MCUXpressoIDE_24.12.148/ide/tools/bin/../lib/gcc/arm-none-eabi/13.2.1/thumb/v6-m/nofp/crtbegin.o
                [!provide]                        PROVIDE (__fini_array_end = .)
                0x00001a34                        __etext = .
                0x00001a34                        __DATA_ROM = .

.data           0x10000000        0x4 load address 0x00001a34
                0x10000000                        . = ALIGN (0x4)
                0x10000000                        __DATA_RAM = .
                0x10000000                        __data_start__ = .
 *(.ramfunc*)
 *(.data)
 *(.data*)
 .data.SystemCoreClock
                0x10000000        0x4 CMakeFiles/new_project.elf.dir/C_/GitHub/curso-lse/workspace_lpc845/sdks/01.blinky_sdk/devices/LPC845/system_LPC845.c.obj
                0x10000000                SystemCoreClock
 *(.jcr*)
                0x10000004                        . = ALIGN (0x4)
                0x10000004                        __data_end__ = .
                0x00001a38                        __DATA_END = (__DATA_ROM + (__data_end__ - __data_start__))
                0x00010000                        text_end = (ORIGIN (m_text) + LENGTH (m_text))
                0x00000001                        ASSERT ((__DATA_END <= text_end), region m_text overflowed with text and data)

.tm_clone_table
                0x10000004        0x0 load address 0x00001a38
 .tm_clone_table
                0x10000004        0x0 C:/NXP/MCUXpressoIDE_24.12.148/ide/tools/bin/../lib/gcc/arm-none-eabi/13.2.1/thumb/v6-m/nofp/crtbegin.o
 .tm_clone_table
                0x10000004        0x0 C:/NXP/MCUXpressoIDE_24.12.148/ide/tools/bin/../lib/gcc/arm-none-eabi/13.2.1/thumb/v6-m/nofp/crtend.o

.igot.plt       0x10000004        0x0 load address 0x00001a38
 .igot.plt      0x10000004        0x0 C:/NXP/MCUXpressoIDE_24.12.148/ide/tools/bin/../lib/gcc/arm-none-eabi/13.2.1/thumb/v6-m/nofp/crtbegin.o

.bss            0x10000004       0x4c load address 0x00001a38
                0x10000004                        . = ALIGN (0x4)
                0x10000004                        __START_BSS = .
                0x10000004                        __bss_start__ = .
 *(.bss)
 *(.bss*)
 .bss.completed.1
                0x10000004        0x1 C:/NXP/MCUXpressoIDE_24.12.148/ide/tools/bin/../lib/gcc/arm-none-eabi/13.2.1/thumb/v6-m/nofp/crtbegin.o
 *fill*         0x10000005        0x3 
 .bss.object.0  0x10000008       0x18 C:/NXP/MCUXpressoIDE_24.12.148/ide/tools/bin/../lib/gcc/arm-none-eabi/13.2.1/thumb/v6-m/nofp/crtbegin.o
 .bss.s_usartHandle
                0x10000020       0x14 CMakeFiles/new_project.elf.dir/C_/GitHub/curso-lse/workspace_lpc845/sdks/01.blinky_sdk/devices/LPC845/drivers/fsl_usart.c.obj
 .bss.s_usartIsr
                0x10000034        0x4 CMakeFiles/new_project.elf.dir/C_/GitHub/curso-lse/workspace_lpc845/sdks/01.blinky_sdk/devices/LPC845/drivers/fsl_usart.c.obj
 .bss.s_debugConsole
                0x10000038       0x14 CMakeFiles/new_project.elf.dir/C_/GitHub/curso-lse/workspace_lpc845/sdks/01.blinky_sdk/devices/LPC845/utilities/debug_console_lite/fsl_debug_console.c.obj
 .bss.__stdio_exit_handler
                0x1000004c        0x4 C:/NXP/MCUXpressoIDE_24.12.148/ide/tools/bin/../lib/gcc/arm-none-eabi/13.2.1/thumb/v6-m/nofp\libc_nano.a(libc_a-findfp.o)
                0x1000004c                __stdio_exit_handler
 *(COMMON)
                0x10000050                        . = ALIGN (0x4)
                0x10000050                        __bss_end__ = .
                0x10000050                        __END_BSS = .

.heap           0x10000050      0x400 load address 0x00001a84
                0x10000050                        . = ALIGN (0x8)
                0x10000050                        __end__ = .
                0x10000050                        PROVIDE (end = .)
                0x10000050                        __HeapBase = .
                0x10000450                        . = (. + HEAP_SIZE)
 *fill*         0x10000050      0x400 
                0x10000450                        __HeapLimit = .
                0x10000450                        __heap_limit = .

.stack          0x10000450      0x800 load address 0x00001e84
                0x10000450                        . = ALIGN (0x8)
                0x10000c50                        . = (. + STACK_SIZE)
 *fill*         0x10000450      0x800 
                0x10003fe0                        __StackTop = (ORIGIN (m_data) + LENGTH (m_data))
                0x100037e0                        __StackLimit = (__StackTop - STACK_SIZE)
                0x10003fe0                        PROVIDE (__stack = __StackTop)

.ARM.attributes
                0x00000000       0x28
 *(.ARM.attributes)
 .ARM.attributes
                0x00000000       0x1e C:/NXP/MCUXpressoIDE_24.12.148/ide/tools/bin/../lib/gcc/arm-none-eabi/13.2.1/thumb/v6-m/nofp/crti.o
 .ARM.attributes
                0x0000001e       0x2c C:/NXP/MCUXpressoIDE_24.12.148/ide/tools/bin/../lib/gcc/arm-none-eabi/13.2.1/thumb/v6-m/nofp/crtbegin.o
 .ARM.attributes
                0x0000004a       0x1b C:/NXP/MCUXpressoIDE_24.12.148/ide/tools/bin/../lib/gcc/arm-none-eabi/13.2.1/thumb/v6-m/nofp/crt0.o
 .ARM.attributes
                0x00000065       0x2c CMakeFiles/new_project.elf.dir/C_/GitHub/curso-lse/workspace_lpc845/01.blinky/main.c.obj
 .ARM.attributes
                0x00000091       0x2c CMakeFiles/new_project.elf.dir/C_/GitHub/curso-lse/workspace_lpc845/01.blinky/pin_mux.c.obj
 .ARM.attributes
                0x000000bd       0x2c CMakeFiles/new_project.elf.dir/C_/GitHub/curso-lse/workspace_lpc845/01.blinky/clock_config.c.obj
 .ARM.attributes
                0x000000e9       0x2c CMakeFiles/new_project.elf.dir/C_/GitHub/curso-lse/workspace_lpc845/01.blinky/hardware_init.c.obj
 .ARM.attributes
                0x00000115       0x1b CMakeFiles/new_project.elf.dir/C_/GitHub/curso-lse/workspace_lpc845/sdks/01.blinky_sdk/devices/LPC845/gcc/startup_LPC845.S.obj
 .ARM.attributes
                0x00000130       0x2c CMakeFiles/new_project.elf.dir/C_/GitHub/curso-lse/workspace_lpc845/sdks/01.blinky_sdk/devices/LPC845/system_LPC845.c.obj
 .ARM.attributes
                0x0000015c       0x2c CMakeFiles/new_project.elf.dir/C_/GitHub/curso-lse/workspace_lpc845/sdks/01.blinky_sdk/devices/LPC845/drivers/fsl_clock.c.obj
 .ARM.attributes
                0x00000188       0x2c CMakeFiles/new_project.elf.dir/C_/GitHub/curso-lse/workspace_lpc845/sdks/01.blinky_sdk/devices/LPC845/drivers/fsl_gpio.c.obj
 .ARM.attributes
                0x000001b4       0x2c CMakeFiles/new_project.elf.dir/C_/GitHub/curso-lse/workspace_lpc845/sdks/01.blinky_sdk/devices/LPC845/drivers/fsl_usart.c.obj
 .ARM.attributes
                0x000001e0       0x2c CMakeFiles/new_project.elf.dir/C_/GitHub/curso-lse/workspace_lpc845/sdks/01.blinky_sdk/devices/LPC845/drivers/fsl_swm.c.obj
 .ARM.attributes
                0x0000020c       0x2c CMakeFiles/new_project.elf.dir/C_/GitHub/curso-lse/workspace_lpc845/sdks/01.blinky_sdk/devices/LPC845/utilities/debug_console_lite/fsl_assert.c.obj
 .ARM.attributes
                0x00000238       0x2c CMakeFiles/new_project.elf.dir/C_/GitHub/curso-lse/workspace_lpc845/sdks/01.blinky_sdk/devices/LPC845/utilities/debug_console_lite/fsl_debug_console.c.obj
 .ARM.attributes
                0x00000264       0x1e C:/NXP/MCUXpressoIDE_24.12.148/ide/tools/bin/../lib/gcc/arm-none-eabi/13.2.1/thumb/v6-m/nofp\libgcc.a(_udivsi3.o)
 .ARM.attributes
                0x00000282       0x1e C:/NXP/MCUXpressoIDE_24.12.148/ide/tools/bin/../lib/gcc/arm-none-eabi/13.2.1/thumb/v6-m/nofp\libgcc.a(_dvmd_tls.o)
 .ARM.attributes
                0x000002a0       0x2c C:/NXP/MCUXpressoIDE_24.12.148/ide/tools/bin/../lib/gcc/arm-none-eabi/13.2.1/thumb/v6-m/nofp\libc_nano.a(libc_a-exit.o)
 .ARM.attributes
                0x000002cc       0x2c C:/NXP/MCUXpressoIDE_24.12.148/ide/tools/bin/../lib/gcc/arm-none-eabi/13.2.1/thumb/v6-m/nofp\libc_nano.a(libc_a-findfp.o)
 .ARM.attributes
                0x000002f8       0x2c C:/NXP/MCUXpressoIDE_24.12.148/ide/tools/bin/../lib/gcc/arm-none-eabi/13.2.1/thumb/v6-m/nofp\libc_nano.a(libc_a-memset.o)
 .ARM.attributes
                0x00000324       0x2c C:/NXP/MCUXpressoIDE_24.12.148/ide/tools/bin/../lib/gcc/arm-none-eabi/13.2.1/thumb/v6-m/nofp\libc_nano.a(libc_a-init.o)
 .ARM.attributes
                0x00000350       0x2c C:/NXP/MCUXpressoIDE_24.12.148/ide/tools/bin/../lib/gcc/arm-none-eabi/13.2.1/thumb/v6-m/nofp\libc_nano.a(libc_a-memcpy-stub.o)
 .ARM.attributes
                0x0000037c       0x1c C:/NXP/MCUXpressoIDE_24.12.148/ide/tools/bin/../lib/gcc/arm-none-eabi/13.2.1/thumb/v6-m/nofp\libc_nano.a(libc_a-strlen.o)
 .ARM.attributes
                0x00000398       0x2c C:/NXP/MCUXpressoIDE_24.12.148/ide/tools/bin/../lib/gcc/arm-none-eabi/13.2.1/../../../../arm-none-eabi/lib/thumb/v6-m/nofp\libcr_newlib_nohost.a(_exit.o)
 .ARM.attributes
                0x000003c4       0x2c C:/NXP/MCUXpressoIDE_24.12.148/ide/tools/bin/../lib/gcc/arm-none-eabi/13.2.1/thumb/v6-m/nofp/crtend.o
 .ARM.attributes
                0x000003f0       0x1e C:/NXP/MCUXpressoIDE_24.12.148/ide/tools/bin/../lib/gcc/arm-none-eabi/13.2.1/thumb/v6-m/nofp/crtn.o
                0x00000001                        ASSERT ((__StackLimit >= __HeapLimit), region m_data overflowed with stack and heap)
OUTPUT(new_project.elf elf32-littlearm)
LOAD linker stubs

.debug_line_str
                0x00000000      0x31a
 .debug_line_str
                0x00000000      0x31a C:/NXP/MCUXpressoIDE_24.12.148/ide/tools/bin/../lib/gcc/arm-none-eabi/13.2.1/thumb/v6-m/nofp/crt0.o
                                 0xd2 (size before relaxing)
 .debug_line_str
                0x0000031a       0x98 CMakeFiles/new_project.elf.dir/C_/GitHub/curso-lse/workspace_lpc845/sdks/01.blinky_sdk/devices/LPC845/gcc/startup_LPC845.S.obj
 .debug_line_str
                0x0000031a       0xc9 C:/NXP/MCUXpressoIDE_24.12.148/ide/tools/bin/../lib/gcc/arm-none-eabi/13.2.1/thumb/v6-m/nofp\libgcc.a(_udivsi3.o)
 .debug_line_str
                0x0000031a       0xc9 C:/NXP/MCUXpressoIDE_24.12.148/ide/tools/bin/../lib/gcc/arm-none-eabi/13.2.1/thumb/v6-m/nofp\libgcc.a(_dvmd_tls.o)
 .debug_line_str
                0x0000031a       0xe7 C:/NXP/MCUXpressoIDE_24.12.148/ide/tools/bin/../lib/gcc/arm-none-eabi/13.2.1/thumb/v6-m/nofp\libc_nano.a(libc_a-strlen.o)

.debug_info     0x00000000     0x7c77
 .debug_info    0x00000000      0x2b0 CMakeFiles/new_project.elf.dir/C_/GitHub/curso-lse/workspace_lpc845/01.blinky/main.c.obj
 .debug_info    0x000002b0     0x10b7 CMakeFiles/new_project.elf.dir/C_/GitHub/curso-lse/workspace_lpc845/01.blinky/pin_mux.c.obj
 .debug_info    0x00001367      0xa3e CMakeFiles/new_project.elf.dir/C_/GitHub/curso-lse/workspace_lpc845/01.blinky/clock_config.c.obj
 .debug_info    0x00001da5       0x94 CMakeFiles/new_project.elf.dir/C_/GitHub/curso-lse/workspace_lpc845/01.blinky/hardware_init.c.obj
 .debug_info    0x00001e39      0x37b CMakeFiles/new_project.elf.dir/C_/GitHub/curso-lse/workspace_lpc845/sdks/01.blinky_sdk/devices/LPC845/gcc/startup_LPC845.S.obj
 .debug_info    0x000021b4      0x60e CMakeFiles/new_project.elf.dir/C_/GitHub/curso-lse/workspace_lpc845/sdks/01.blinky_sdk/devices/LPC845/system_LPC845.c.obj
 .debug_info    0x000027c2     0x12f9 CMakeFiles/new_project.elf.dir/C_/GitHub/curso-lse/workspace_lpc845/sdks/01.blinky_sdk/devices/LPC845/drivers/fsl_clock.c.obj
 .debug_info    0x00003abb      0xde8 CMakeFiles/new_project.elf.dir/C_/GitHub/curso-lse/workspace_lpc845/sdks/01.blinky_sdk/devices/LPC845/drivers/fsl_gpio.c.obj
 .debug_info    0x000048a3     0x1dce CMakeFiles/new_project.elf.dir/C_/GitHub/curso-lse/workspace_lpc845/sdks/01.blinky_sdk/devices/LPC845/drivers/fsl_usart.c.obj
 .debug_info    0x00006671      0x76a CMakeFiles/new_project.elf.dir/C_/GitHub/curso-lse/workspace_lpc845/sdks/01.blinky_sdk/devices/LPC845/drivers/fsl_swm.c.obj
 .debug_info    0x00006ddb      0x126 CMakeFiles/new_project.elf.dir/C_/GitHub/curso-lse/workspace_lpc845/sdks/01.blinky_sdk/devices/LPC845/utilities/debug_console_lite/fsl_assert.c.obj
 .debug_info    0x00006f01      0xcd3 CMakeFiles/new_project.elf.dir/C_/GitHub/curso-lse/workspace_lpc845/sdks/01.blinky_sdk/devices/LPC845/utilities/debug_console_lite/fsl_debug_console.c.obj
 .debug_info    0x00007bd4       0xa3 C:/NXP/MCUXpressoIDE_24.12.148/ide/tools/bin/../lib/gcc/arm-none-eabi/13.2.1/../../../../arm-none-eabi/lib/thumb/v6-m/nofp\libcr_newlib_nohost.a(_exit.o)

.debug_abbrev   0x00000000     0x1570
 .debug_abbrev  0x00000000      0x11a CMakeFiles/new_project.elf.dir/C_/GitHub/curso-lse/workspace_lpc845/01.blinky/main.c.obj
 .debug_abbrev  0x0000011a      0x273 CMakeFiles/new_project.elf.dir/C_/GitHub/curso-lse/workspace_lpc845/01.blinky/pin_mux.c.obj
 .debug_abbrev  0x0000038d      0x270 CMakeFiles/new_project.elf.dir/C_/GitHub/curso-lse/workspace_lpc845/01.blinky/clock_config.c.obj
 .debug_abbrev  0x000005fd       0x57 CMakeFiles/new_project.elf.dir/C_/GitHub/curso-lse/workspace_lpc845/01.blinky/hardware_init.c.obj
 .debug_abbrev  0x00000654       0x26 CMakeFiles/new_project.elf.dir/C_/GitHub/curso-lse/workspace_lpc845/sdks/01.blinky_sdk/devices/LPC845/gcc/startup_LPC845.S.obj
 .debug_abbrev  0x0000067a      0x16b CMakeFiles/new_project.elf.dir/C_/GitHub/curso-lse/workspace_lpc845/sdks/01.blinky_sdk/devices/LPC845/system_LPC845.c.obj
 .debug_abbrev  0x000007e5      0x343 CMakeFiles/new_project.elf.dir/C_/GitHub/curso-lse/workspace_lpc845/sdks/01.blinky_sdk/devices/LPC845/drivers/fsl_clock.c.obj
 .debug_abbrev  0x00000b28      0x1e8 CMakeFiles/new_project.elf.dir/C_/GitHub/curso-lse/workspace_lpc845/sdks/01.blinky_sdk/devices/LPC845/drivers/fsl_gpio.c.obj
 .debug_abbrev  0x00000d10      0x38f CMakeFiles/new_project.elf.dir/C_/GitHub/curso-lse/workspace_lpc845/sdks/01.blinky_sdk/devices/LPC845/drivers/fsl_usart.c.obj
 .debug_abbrev  0x0000109f      0x180 CMakeFiles/new_project.elf.dir/C_/GitHub/curso-lse/workspace_lpc845/sdks/01.blinky_sdk/devices/LPC845/drivers/fsl_swm.c.obj
 .debug_abbrev  0x0000121f       0xa8 CMakeFiles/new_project.elf.dir/C_/GitHub/curso-lse/workspace_lpc845/sdks/01.blinky_sdk/devices/LPC845/utilities/debug_console_lite/fsl_assert.c.obj
 .debug_abbrev  0x000012c7      0x242 CMakeFiles/new_project.elf.dir/C_/GitHub/curso-lse/workspace_lpc845/sdks/01.blinky_sdk/devices/LPC845/utilities/debug_console_lite/fsl_debug_console.c.obj
 .debug_abbrev  0x00001509       0x67 C:/NXP/MCUXpressoIDE_24.12.148/ide/tools/bin/../lib/gcc/arm-none-eabi/13.2.1/../../../../arm-none-eabi/lib/thumb/v6-m/nofp\libcr_newlib_nohost.a(_exit.o)

.debug_aranges  0x00000000      0x4b0
 .debug_aranges
                0x00000000       0x28 CMakeFiles/new_project.elf.dir/C_/GitHub/curso-lse/workspace_lpc845/01.blinky/main.c.obj
 .debug_aranges
                0x00000028       0x68 CMakeFiles/new_project.elf.dir/C_/GitHub/curso-lse/workspace_lpc845/01.blinky/pin_mux.c.obj
 .debug_aranges
                0x00000090       0x60 CMakeFiles/new_project.elf.dir/C_/GitHub/curso-lse/workspace_lpc845/01.blinky/clock_config.c.obj
 .debug_aranges
                0x000000f0       0x20 CMakeFiles/new_project.elf.dir/C_/GitHub/curso-lse/workspace_lpc845/01.blinky/hardware_init.c.obj
 .debug_aranges
                0x00000110       0x20 CMakeFiles/new_project.elf.dir/C_/GitHub/curso-lse/workspace_lpc845/sdks/01.blinky_sdk/devices/LPC845/gcc/startup_LPC845.S.obj
 .debug_aranges
                0x00000130       0x30 CMakeFiles/new_project.elf.dir/C_/GitHub/curso-lse/workspace_lpc845/sdks/01.blinky_sdk/devices/LPC845/system_LPC845.c.obj
 .debug_aranges
                0x00000160      0x108 CMakeFiles/new_project.elf.dir/C_/GitHub/curso-lse/workspace_lpc845/sdks/01.blinky_sdk/devices/LPC845/drivers/fsl_clock.c.obj
 .debug_aranges
                0x00000268       0x38 CMakeFiles/new_project.elf.dir/C_/GitHub/curso-lse/workspace_lpc845/sdks/01.blinky_sdk/devices/LPC845/drivers/fsl_gpio.c.obj
 .debug_aranges
                0x000002a0      0x128 CMakeFiles/new_project.elf.dir/C_/GitHub/curso-lse/workspace_lpc845/sdks/01.blinky_sdk/devices/LPC845/drivers/fsl_usart.c.obj
 .debug_aranges
                0x000003c8       0x28 CMakeFiles/new_project.elf.dir/C_/GitHub/curso-lse/workspace_lpc845/sdks/01.blinky_sdk/devices/LPC845/drivers/fsl_swm.c.obj
 .debug_aranges
                0x000003f0       0x28 CMakeFiles/new_project.elf.dir/C_/GitHub/curso-lse/workspace_lpc845/sdks/01.blinky_sdk/devices/LPC845/utilities/debug_console_lite/fsl_assert.c.obj
 .debug_aranges
                0x00000418       0x78 CMakeFiles/new_project.elf.dir/C_/GitHub/curso-lse/workspace_lpc845/sdks/01.blinky_sdk/devices/LPC845/utilities/debug_console_lite/fsl_debug_console.c.obj
 .debug_aranges
                0x00000490       0x20 C:/NXP/MCUXpressoIDE_24.12.148/ide/tools/bin/../lib/gcc/arm-none-eabi/13.2.1/../../../../arm-none-eabi/lib/thumb/v6-m/nofp\libcr_newlib_nohost.a(_exit.o)

.debug_rnglists
                0x00000000      0x339
 .debug_rnglists
                0x00000000       0x19 CMakeFiles/new_project.elf.dir/C_/GitHub/curso-lse/workspace_lpc845/01.blinky/main.c.obj
 .debug_rnglists
                0x00000019       0x4c CMakeFiles/new_project.elf.dir/C_/GitHub/curso-lse/workspace_lpc845/01.blinky/pin_mux.c.obj
 .debug_rnglists
                0x00000065       0x43 CMakeFiles/new_project.elf.dir/C_/GitHub/curso-lse/workspace_lpc845/01.blinky/clock_config.c.obj
 .debug_rnglists
                0x000000a8       0x13 CMakeFiles/new_project.elf.dir/C_/GitHub/curso-lse/workspace_lpc845/01.blinky/hardware_init.c.obj
 .debug_rnglists
                0x000000bb       0x20 CMakeFiles/new_project.elf.dir/C_/GitHub/curso-lse/workspace_lpc845/sdks/01.blinky_sdk/devices/LPC845/system_LPC845.c.obj
 .debug_rnglists
                0x000000db       0xc9 CMakeFiles/new_project.elf.dir/C_/GitHub/curso-lse/workspace_lpc845/sdks/01.blinky_sdk/devices/LPC845/drivers/fsl_clock.c.obj
 .debug_rnglists
                0x000001a4       0x26 CMakeFiles/new_project.elf.dir/C_/GitHub/curso-lse/workspace_lpc845/sdks/01.blinky_sdk/devices/LPC845/drivers/fsl_gpio.c.obj
 .debug_rnglists
                0x000001ca       0xe2 CMakeFiles/new_project.elf.dir/C_/GitHub/curso-lse/workspace_lpc845/sdks/01.blinky_sdk/devices/LPC845/drivers/fsl_usart.c.obj
 .debug_rnglists
                0x000002ac       0x1b CMakeFiles/new_project.elf.dir/C_/GitHub/curso-lse/workspace_lpc845/sdks/01.blinky_sdk/devices/LPC845/drivers/fsl_swm.c.obj
 .debug_rnglists
                0x000002c7       0x19 CMakeFiles/new_project.elf.dir/C_/GitHub/curso-lse/workspace_lpc845/sdks/01.blinky_sdk/devices/LPC845/utilities/debug_console_lite/fsl_assert.c.obj
 .debug_rnglists
                0x000002e0       0x59 CMakeFiles/new_project.elf.dir/C_/GitHub/curso-lse/workspace_lpc845/sdks/01.blinky_sdk/devices/LPC845/utilities/debug_console_lite/fsl_debug_console.c.obj

.debug_line     0x00000000     0x341f
 .debug_line    0x00000000      0x1c6 CMakeFiles/new_project.elf.dir/C_/GitHub/curso-lse/workspace_lpc845/01.blinky/main.c.obj
 .debug_line    0x000001c6      0x3d7 CMakeFiles/new_project.elf.dir/C_/GitHub/curso-lse/workspace_lpc845/01.blinky/pin_mux.c.obj
 .debug_line    0x0000059d      0x3b9 CMakeFiles/new_project.elf.dir/C_/GitHub/curso-lse/workspace_lpc845/01.blinky/clock_config.c.obj
 .debug_line    0x00000956       0x96 CMakeFiles/new_project.elf.dir/C_/GitHub/curso-lse/workspace_lpc845/01.blinky/hardware_init.c.obj
 .debug_line    0x000009ec      0x136 CMakeFiles/new_project.elf.dir/C_/GitHub/curso-lse/workspace_lpc845/sdks/01.blinky_sdk/devices/LPC845/gcc/startup_LPC845.S.obj
 .debug_line    0x00000b22      0x391 CMakeFiles/new_project.elf.dir/C_/GitHub/curso-lse/workspace_lpc845/sdks/01.blinky_sdk/devices/LPC845/system_LPC845.c.obj
 .debug_line    0x00000eb3      0x9e2 CMakeFiles/new_project.elf.dir/C_/GitHub/curso-lse/workspace_lpc845/sdks/01.blinky_sdk/devices/LPC845/drivers/fsl_clock.c.obj
 .debug_line    0x00001895      0x2ce CMakeFiles/new_project.elf.dir/C_/GitHub/curso-lse/workspace_lpc845/sdks/01.blinky_sdk/devices/LPC845/drivers/fsl_gpio.c.obj
 .debug_line    0x00001b63      0xd16 CMakeFiles/new_project.elf.dir/C_/GitHub/curso-lse/workspace_lpc845/sdks/01.blinky_sdk/devices/LPC845/drivers/fsl_usart.c.obj
 .debug_line    0x00002879      0x299 CMakeFiles/new_project.elf.dir/C_/GitHub/curso-lse/workspace_lpc845/sdks/01.blinky_sdk/devices/LPC845/drivers/fsl_swm.c.obj
 .debug_line    0x00002b12      0x126 CMakeFiles/new_project.elf.dir/C_/GitHub/curso-lse/workspace_lpc845/sdks/01.blinky_sdk/devices/LPC845/utilities/debug_console_lite/fsl_assert.c.obj
 .debug_line    0x00002c38      0x7a3 CMakeFiles/new_project.elf.dir/C_/GitHub/curso-lse/workspace_lpc845/sdks/01.blinky_sdk/devices/LPC845/utilities/debug_console_lite/fsl_debug_console.c.obj
 .debug_line    0x000033db       0x44 C:/NXP/MCUXpressoIDE_24.12.148/ide/tools/bin/../lib/gcc/arm-none-eabi/13.2.1/../../../../arm-none-eabi/lib/thumb/v6-m/nofp\libcr_newlib_nohost.a(_exit.o)

.debug_str      0x00000000     0x52e4
 .debug_str     0x00000000     0x52e4 CMakeFiles/new_project.elf.dir/C_/GitHub/curso-lse/workspace_lpc845/01.blinky/main.c.obj
                                0x2bd (size before relaxing)
 .debug_str     0x000052e4     0x147f CMakeFiles/new_project.elf.dir/C_/GitHub/curso-lse/workspace_lpc845/01.blinky/pin_mux.c.obj
 .debug_str     0x000052e4      0xfe1 CMakeFiles/new_project.elf.dir/C_/GitHub/curso-lse/workspace_lpc845/01.blinky/clock_config.c.obj
 .debug_str     0x000052e4      0x214 CMakeFiles/new_project.elf.dir/C_/GitHub/curso-lse/workspace_lpc845/01.blinky/hardware_init.c.obj
 .debug_str     0x000052e4      0x678 CMakeFiles/new_project.elf.dir/C_/GitHub/curso-lse/workspace_lpc845/sdks/01.blinky_sdk/devices/LPC845/gcc/startup_LPC845.S.obj
 .debug_str     0x000052e4      0x58f CMakeFiles/new_project.elf.dir/C_/GitHub/curso-lse/workspace_lpc845/sdks/01.blinky_sdk/devices/LPC845/system_LPC845.c.obj
 .debug_str     0x000052e4     0x1842 CMakeFiles/new_project.elf.dir/C_/GitHub/curso-lse/workspace_lpc845/sdks/01.blinky_sdk/devices/LPC845/drivers/fsl_clock.c.obj
 .debug_str     0x000052e4     0x1549 CMakeFiles/new_project.elf.dir/C_/GitHub/curso-lse/workspace_lpc845/sdks/01.blinky_sdk/devices/LPC845/drivers/fsl_gpio.c.obj
 .debug_str     0x000052e4     0x2455 CMakeFiles/new_project.elf.dir/C_/GitHub/curso-lse/workspace_lpc845/sdks/01.blinky_sdk/devices/LPC845/drivers/fsl_usart.c.obj
 .debug_str     0x000052e4      0xdf0 CMakeFiles/new_project.elf.dir/C_/GitHub/curso-lse/workspace_lpc845/sdks/01.blinky_sdk/devices/LPC845/drivers/fsl_swm.c.obj
 .debug_str     0x000052e4      0x255 CMakeFiles/new_project.elf.dir/C_/GitHub/curso-lse/workspace_lpc845/sdks/01.blinky_sdk/devices/LPC845/utilities/debug_console_lite/fsl_assert.c.obj
 .debug_str     0x000052e4     0x13ef CMakeFiles/new_project.elf.dir/C_/GitHub/curso-lse/workspace_lpc845/sdks/01.blinky_sdk/devices/LPC845/utilities/debug_console_lite/fsl_debug_console.c.obj
 .debug_str     0x000052e4      0x1b8 C:/NXP/MCUXpressoIDE_24.12.148/ide/tools/bin/../lib/gcc/arm-none-eabi/13.2.1/../../../../arm-none-eabi/lib/thumb/v6-m/nofp\libcr_newlib_nohost.a(_exit.o)

.comment        0x00000000       0x44
 .comment       0x00000000       0x44 CMakeFiles/new_project.elf.dir/C_/GitHub/curso-lse/workspace_lpc845/01.blinky/main.c.obj
                                 0x45 (size before relaxing)
 .comment       0x00000044       0x45 CMakeFiles/new_project.elf.dir/C_/GitHub/curso-lse/workspace_lpc845/01.blinky/pin_mux.c.obj
 .comment       0x00000044       0x45 CMakeFiles/new_project.elf.dir/C_/GitHub/curso-lse/workspace_lpc845/01.blinky/clock_config.c.obj
 .comment       0x00000044       0x45 CMakeFiles/new_project.elf.dir/C_/GitHub/curso-lse/workspace_lpc845/01.blinky/hardware_init.c.obj
 .comment       0x00000044       0x45 CMakeFiles/new_project.elf.dir/C_/GitHub/curso-lse/workspace_lpc845/sdks/01.blinky_sdk/devices/LPC845/system_LPC845.c.obj
 .comment       0x00000044       0x45 CMakeFiles/new_project.elf.dir/C_/GitHub/curso-lse/workspace_lpc845/sdks/01.blinky_sdk/devices/LPC845/drivers/fsl_clock.c.obj
 .comment       0x00000044       0x45 CMakeFiles/new_project.elf.dir/C_/GitHub/curso-lse/workspace_lpc845/sdks/01.blinky_sdk/devices/LPC845/drivers/fsl_gpio.c.obj
 .comment       0x00000044       0x45 CMakeFiles/new_project.elf.dir/C_/GitHub/curso-lse/workspace_lpc845/sdks/01.blinky_sdk/devices/LPC845/drivers/fsl_usart.c.obj
 .comment       0x00000044       0x45 CMakeFiles/new_project.elf.dir/C_/GitHub/curso-lse/workspace_lpc845/sdks/01.blinky_sdk/devices/LPC845/drivers/fsl_swm.c.obj
 .comment       0x00000044       0x45 CMakeFiles/new_project.elf.dir/C_/GitHub/curso-lse/workspace_lpc845/sdks/01.blinky_sdk/devices/LPC845/utilities/debug_console_lite/fsl_assert.c.obj
 .comment       0x00000044       0x45 CMakeFiles/new_project.elf.dir/C_/GitHub/curso-lse/workspace_lpc845/sdks/01.blinky_sdk/devices/LPC845/utilities/debug_console_lite/fsl_debug_console.c.obj
 .comment       0x00000044       0x45 C:/NXP/MCUXpressoIDE_24.12.148/ide/tools/bin/../lib/gcc/arm-none-eabi/13.2.1/../../../../arm-none-eabi/lib/thumb/v6-m/nofp\libcr_newlib_nohost.a(_exit.o)

.debug_frame    0x00000000     0x1024
 .debug_frame   0x00000000       0x4c CMakeFiles/new_project.elf.dir/C_/GitHub/curso-lse/workspace_lpc845/01.blinky/main.c.obj
 .debug_frame   0x0000004c      0x148 CMakeFiles/new_project.elf.dir/C_/GitHub/curso-lse/workspace_lpc845/01.blinky/pin_mux.c.obj
 .debug_frame   0x00000194      0x120 CMakeFiles/new_project.elf.dir/C_/GitHub/curso-lse/workspace_lpc845/01.blinky/clock_config.c.obj
 .debug_frame   0x000002b4       0x2c CMakeFiles/new_project.elf.dir/C_/GitHub/curso-lse/workspace_lpc845/01.blinky/hardware_init.c.obj
 .debug_frame   0x000002e0       0x68 CMakeFiles/new_project.elf.dir/C_/GitHub/curso-lse/workspace_lpc845/sdks/01.blinky_sdk/devices/LPC845/system_LPC845.c.obj
 .debug_frame   0x00000348      0x3cc CMakeFiles/new_project.elf.dir/C_/GitHub/curso-lse/workspace_lpc845/sdks/01.blinky_sdk/devices/LPC845/drivers/fsl_clock.c.obj
 .debug_frame   0x00000714       0x90 CMakeFiles/new_project.elf.dir/C_/GitHub/curso-lse/workspace_lpc845/sdks/01.blinky_sdk/devices/LPC845/drivers/fsl_gpio.c.obj
 .debug_frame   0x000007a4      0x43c CMakeFiles/new_project.elf.dir/C_/GitHub/curso-lse/workspace_lpc845/sdks/01.blinky_sdk/devices/LPC845/drivers/fsl_usart.c.obj
 .debug_frame   0x00000be0       0x50 CMakeFiles/new_project.elf.dir/C_/GitHub/curso-lse/workspace_lpc845/sdks/01.blinky_sdk/devices/LPC845/drivers/fsl_swm.c.obj
 .debug_frame   0x00000c30       0x50 CMakeFiles/new_project.elf.dir/C_/GitHub/curso-lse/workspace_lpc845/sdks/01.blinky_sdk/devices/LPC845/utilities/debug_console_lite/fsl_assert.c.obj
 .debug_frame   0x00000c80      0x190 CMakeFiles/new_project.elf.dir/C_/GitHub/curso-lse/workspace_lpc845/sdks/01.blinky_sdk/devices/LPC845/utilities/debug_console_lite/fsl_debug_console.c.obj
 .debug_frame   0x00000e10       0x20 C:/NXP/MCUXpressoIDE_24.12.148/ide/tools/bin/../lib/gcc/arm-none-eabi/13.2.1/thumb/v6-m/nofp\libgcc.a(_udivsi3.o)
 .debug_frame   0x00000e30       0x28 C:/NXP/MCUXpressoIDE_24.12.148/ide/tools/bin/../lib/gcc/arm-none-eabi/13.2.1/thumb/v6-m/nofp\libc_nano.a(libc_a-exit.o)
 .debug_frame   0x00000e58      0x138 C:/NXP/MCUXpressoIDE_24.12.148/ide/tools/bin/../lib/gcc/arm-none-eabi/13.2.1/thumb/v6-m/nofp\libc_nano.a(libc_a-findfp.o)
 .debug_frame   0x00000f90       0x20 C:/NXP/MCUXpressoIDE_24.12.148/ide/tools/bin/../lib/gcc/arm-none-eabi/13.2.1/thumb/v6-m/nofp\libc_nano.a(libc_a-memset.o)
 .debug_frame   0x00000fb0       0x2c C:/NXP/MCUXpressoIDE_24.12.148/ide/tools/bin/../lib/gcc/arm-none-eabi/13.2.1/thumb/v6-m/nofp\libc_nano.a(libc_a-init.o)
 .debug_frame   0x00000fdc       0x28 C:/NXP/MCUXpressoIDE_24.12.148/ide/tools/bin/../lib/gcc/arm-none-eabi/13.2.1/thumb/v6-m/nofp\libc_nano.a(libc_a-memcpy-stub.o)
 .debug_frame   0x00001004       0x20 C:/NXP/MCUXpressoIDE_24.12.148/ide/tools/bin/../lib/gcc/arm-none-eabi/13.2.1/../../../../arm-none-eabi/lib/thumb/v6-m/nofp\libcr_newlib_nohost.a(_exit.o)

.debug_loc      0x00000000       0x15
 .debug_loc     0x00000000       0x15 C:/NXP/MCUXpressoIDE_24.12.148/ide/tools/bin/../lib/gcc/arm-none-eabi/13.2.1/../../../../arm-none-eabi/lib/thumb/v6-m/nofp\libcr_newlib_nohost.a(_exit.o)

.debug_ranges   0x00000000       0x10
 .debug_ranges  0x00000000       0x10 C:/NXP/MCUXpressoIDE_24.12.148/ide/tools/bin/../lib/gcc/arm-none-eabi/13.2.1/../../../../arm-none-eabi/lib/thumb/v6-m/nofp\libcr_newlib_nohost.a(_exit.o)
