Archive member included to satisfy reference by file (symbol)

C:/Users/Juan/.mcuxpressotools/arm-gnu-toolchain-13.2.Rel1-mingw-w64-i686-arm-none-eabi/bin/../lib/gcc/arm-none-eabi/13.2.1/thumb/v6-m/nofp\libgcc.a(_udivsi3.o)
                              CMakeFiles/new_project.elf.dir/C_/Users/Juan/test/trabajo_integrador/app_tasks.c.obj (__aeabi_uidiv)
C:/Users/Juan/.mcuxpressotools/arm-gnu-toolchain-13.2.Rel1-mingw-w64-i686-arm-none-eabi/bin/../lib/gcc/arm-none-eabi/13.2.1/thumb/v6-m/nofp\libgcc.a(_divsi3.o)
                              CMakeFiles/new_project.elf.dir/C_/Users/Juan/test/trabajo_integrador/app_tasks.c.obj (__aeabi_idiv)
C:/Users/Juan/.mcuxpressotools/arm-gnu-toolchain-13.2.Rel1-mingw-w64-i686-arm-none-eabi/bin/../lib/gcc/arm-none-eabi/13.2.1/thumb/v6-m/nofp\libgcc.a(_dvmd_tls.o)
                              C:/Users/Juan/.mcuxpressotools/arm-gnu-toolchain-13.2.Rel1-mingw-w64-i686-arm-none-eabi/bin/../lib/gcc/arm-none-eabi/13.2.1/thumb/v6-m/nofp\libgcc.a(_udivsi3.o) (__aeabi_idiv0)
C:/Users/Juan/.mcuxpressotools/arm-gnu-toolchain-13.2.Rel1-mingw-w64-i686-arm-none-eabi/bin/../lib/gcc/arm-none-eabi/13.2.1/thumb/v6-m/nofp\libgcc.a(_aeabi_uldivmod.o)
                              CMakeFiles/new_project.elf.dir/C_/Users/Juan/test/sdks/trabajo_integrador_sdk/devices/LPC845/drivers/fsl_clock.c.obj (__aeabi_uldivmod)
C:/Users/Juan/.mcuxpressotools/arm-gnu-toolchain-13.2.Rel1-mingw-w64-i686-arm-none-eabi/bin/../lib/gcc/arm-none-eabi/13.2.1/thumb/v6-m/nofp\libgcc.a(_muldi3.o)
                              CMakeFiles/new_project.elf.dir/C_/Users/Juan/test/sdks/trabajo_integrador_sdk/devices/LPC845/drivers/fsl_common_arm.c.obj (__aeabi_lmul)
C:/Users/Juan/.mcuxpressotools/arm-gnu-toolchain-13.2.Rel1-mingw-w64-i686-arm-none-eabi/bin/../lib/gcc/arm-none-eabi/13.2.1/thumb/v6-m/nofp\libgcc.a(_fixunssfsi.o)
                              CMakeFiles/new_project.elf.dir/C_/Users/Juan/test/trabajo_integrador/app_tasks.c.obj (__aeabi_f2uiz)
C:/Users/Juan/.mcuxpressotools/arm-gnu-toolchain-13.2.Rel1-mingw-w64-i686-arm-none-eabi/bin/../lib/gcc/arm-none-eabi/13.2.1/thumb/v6-m/nofp\libgcc.a(_fixunsdfsi.o)
                              CMakeFiles/new_project.elf.dir/C_/Users/Juan/test/trabajo_integrador/app_tasks.c.obj (__aeabi_d2uiz)
C:/Users/Juan/.mcuxpressotools/arm-gnu-toolchain-13.2.Rel1-mingw-w64-i686-arm-none-eabi/bin/../lib/gcc/arm-none-eabi/13.2.1/thumb/v6-m/nofp\libgcc.a(_udivmoddi4.o)
                              C:/Users/Juan/.mcuxpressotools/arm-gnu-toolchain-13.2.Rel1-mingw-w64-i686-arm-none-eabi/bin/../lib/gcc/arm-none-eabi/13.2.1/thumb/v6-m/nofp\libgcc.a(_aeabi_uldivmod.o) (__udivmoddi4)
C:/Users/Juan/.mcuxpressotools/arm-gnu-toolchain-13.2.Rel1-mingw-w64-i686-arm-none-eabi/bin/../lib/gcc/arm-none-eabi/13.2.1/thumb/v6-m/nofp\libgcc.a(subsf3.o)
                              C:/Users/Juan/.mcuxpressotools/arm-gnu-toolchain-13.2.Rel1-mingw-w64-i686-arm-none-eabi/bin/../lib/gcc/arm-none-eabi/13.2.1/thumb/v6-m/nofp\libgcc.a(_fixunssfsi.o) (__aeabi_fsub)
C:/Users/Juan/.mcuxpressotools/arm-gnu-toolchain-13.2.Rel1-mingw-w64-i686-arm-none-eabi/bin/../lib/gcc/arm-none-eabi/13.2.1/thumb/v6-m/nofp\libgcc.a(fixsfsi.o)
                              C:/Users/Juan/.mcuxpressotools/arm-gnu-toolchain-13.2.Rel1-mingw-w64-i686-arm-none-eabi/bin/../lib/gcc/arm-none-eabi/13.2.1/thumb/v6-m/nofp\libgcc.a(_fixunssfsi.o) (__aeabi_f2iz)
C:/Users/Juan/.mcuxpressotools/arm-gnu-toolchain-13.2.Rel1-mingw-w64-i686-arm-none-eabi/bin/../lib/gcc/arm-none-eabi/13.2.1/thumb/v6-m/nofp\libgcc.a(divdf3.o)
                              CMakeFiles/new_project.elf.dir/C_/Users/Juan/test/trabajo_integrador/app_tasks.c.obj (__aeabi_ddiv)
C:/Users/Juan/.mcuxpressotools/arm-gnu-toolchain-13.2.Rel1-mingw-w64-i686-arm-none-eabi/bin/../lib/gcc/arm-none-eabi/13.2.1/thumb/v6-m/nofp\libgcc.a(muldf3.o)
                              CMakeFiles/new_project.elf.dir/C_/Users/Juan/test/trabajo_integrador/app_tasks.c.obj (__aeabi_dmul)
C:/Users/Juan/.mcuxpressotools/arm-gnu-toolchain-13.2.Rel1-mingw-w64-i686-arm-none-eabi/bin/../lib/gcc/arm-none-eabi/13.2.1/thumb/v6-m/nofp\libgcc.a(subdf3.o)
                              CMakeFiles/new_project.elf.dir/C_/Users/Juan/test/trabajo_integrador/app_tasks.c.obj (__aeabi_dsub)
C:/Users/Juan/.mcuxpressotools/arm-gnu-toolchain-13.2.Rel1-mingw-w64-i686-arm-none-eabi/bin/../lib/gcc/arm-none-eabi/13.2.1/thumb/v6-m/nofp\libgcc.a(fixdfsi.o)
                              C:/Users/Juan/.mcuxpressotools/arm-gnu-toolchain-13.2.Rel1-mingw-w64-i686-arm-none-eabi/bin/../lib/gcc/arm-none-eabi/13.2.1/thumb/v6-m/nofp\libgcc.a(_fixunsdfsi.o) (__aeabi_d2iz)
C:/Users/Juan/.mcuxpressotools/arm-gnu-toolchain-13.2.Rel1-mingw-w64-i686-arm-none-eabi/bin/../lib/gcc/arm-none-eabi/13.2.1/thumb/v6-m/nofp\libgcc.a(floatsidf.o)
                              CMakeFiles/new_project.elf.dir/C_/Users/Juan/test/trabajo_integrador/app_tasks.c.obj (__aeabi_i2d)
[...]
Memory Configuration

Name             Origin             Length             Attributes
m_interrupts     0x00000000         0x00000200         xr
m_crp            0x000002fc         0x00000004         xr
m_text           0x00000300         0x0000fd00         xr
m_data           0x10000000         0x00003fe0         rw
*default*        0x00000000         0xffffffff

Linker script and memory map

LOAD C:/Users/Juan/.mcuxpressotools/arm-gnu-toolchain-13.2.Rel1-mingw-w64-i686-arm-none-eabi/bin/../lib/gcc/arm-none-eabi/13.2.1/thumb/v6-m/nofp/crti.o
LOAD C:/Users/Juan/.mcuxpressotools/arm-gnu-toolchain-13.2.Rel1-mingw-w64-i686-arm-none-eabi/bin/../lib/gcc/arm-none-eabi/13.2.1/thumb/v6-m/nofp/crtbegin.o
LOAD C:/Users/Juan/.mcuxpressotools/arm-gnu-toolchain-13.2.Rel1-mingw-w64-i686-arm-none-eabi/bin/../lib/gcc/arm-none-eabi/13.2.1/thumb/v6-m/nofp/crt0.o
LOAD CMakeFiles/new_project.elf.dir/C_/Users/Juan/test/trabajo_integrador/main.c.obj
LOAD CMakeFiles/new_project.elf.dir/C_/Users/Juan/test/trabajo_integrador/board.c.obj
LOAD CMakeFiles/new_project.elf.dir/C_/Users/Juan/test/trabajo_integrador/clock_config.c.obj
LOAD CMakeFiles/new_project.elf.dir/C_/Users/Juan/test/trabajo_integrador/app_tasks.c.obj
LOAD CMakeFiles/new_project.elf.dir/C_/Users/Juan/test/trabajo_integrador/isr.c.obj
LOAD CMakeFiles/new_project.elf.dir/C_/Users/Juan/test/trabajo_integrador/wrappers.c.obj
LOAD CMakeFiles/new_project.elf.dir/C_/Users/Juan/test/sdks/trabajo_integrador_sdk/components/uart/fsl_adapter_miniusart.c.obj
LOAD CMakeFiles/new_project.elf.dir/C_/Users/Juan/test/sdks/trabajo_integrador_sdk/devices/LPC845/gcc/startup_LPC845.S.obj
LOAD CMakeFiles/new_project.elf.dir/C_/Users/Juan/test/sdks/trabajo_integrador_sdk/devices/LPC845/system_LPC845.c.obj
LOAD CMakeFiles/new_project.elf.dir/C_/Users/Juan/test/sdks/trabajo_integrador_sdk/devices/LPC845/drivers/fsl_capt.c.obj
LOAD CMakeFiles/new_project.elf.dir/C_/Users/Juan/test/sdks/trabajo_integrador_sdk/devices/LPC845/drivers/fsl_clock.c.obj
LOAD CMakeFiles/new_project.elf.dir/C_/Users/Juan/test/sdks/trabajo_integrador_sdk/devices/LPC845/drivers/fsl_common.c.obj
LOAD CMakeFiles/new_project.elf.dir/C_/Users/Juan/test/sdks/trabajo_integrador_sdk/devices/LPC845/drivers/fsl_common_arm.c.obj
LOAD CMakeFiles/new_project.elf.dir/C_/Users/Juan/test/sdks/trabajo_integrador_sdk/devices/LPC845/drivers/fsl_inputmux.c.obj
LOAD CMakeFiles/new_project.elf.dir/C_/Users/Juan/test/sdks/trabajo_integrador_sdk/devices/LPC845/drivers/fsl_adc.c.obj
LOAD CMakeFiles/new_project.elf.dir/C_/Users/Juan/test/sdks/trabajo_integrador_sdk/devices/LPC845/drivers/fsl_gpio.c.obj
LOAD CMakeFiles/new_project.elf.dir/C_/Users/Juan/test/sdks/trabajo_integrador_sdk/devices/LPC845/drivers/fsl_i2c.c.obj
LOAD CMakeFiles/new_project.elf.dir/C_/Users/Juan/test/sdks/trabajo_integrador_sdk/devices/LPC845/drivers/fsl_usart.c.obj
LOAD CMakeFiles/new_project.elf.dir/C_/Users/Juan/test/sdks/trabajo_integrador_sdk/devices/LPC845/drivers/fsl_pint.c.obj
LOAD CMakeFiles/new_project.elf.dir/C_/Users/Juan/test/sdks/trabajo_integrador_sdk/devices/LPC845/drivers/fsl_power.c.obj
LOAD CMakeFiles/new_project.elf.dir/C_/Users/Juan/test/sdks/trabajo_integrador_sdk/devices/LPC845/drivers/fsl_reset.c.obj
LOAD CMakeFiles/new_project.elf.dir/C_/Users/Juan/test/sdks/trabajo_integrador_sdk/devices/LPC845/drivers/fsl_sctimer.c.obj
LOAD CMakeFiles/new_project.elf.dir/C_/Users/Juan/test/sdks/trabajo_integrador_sdk/devices/LPC845/drivers/fsl_swm.c.obj
LOAD CMakeFiles/new_project.elf.dir/C_/Users/Juan/test/sdks/trabajo_integrador_sdk/devices/LPC845/drivers/fsl_syscon.c.obj
LOAD CMakeFiles/new_project.elf.dir/C_/Users/Juan/test/sdks/trabajo_integrador_sdk/devices/LPC845/utilities/fsl_syscall_stub.c.obj
LOAD CMakeFiles/new_project.elf.dir/C_/Users/Juan/test/sdks/trabajo_integrador_sdk/devices/LPC845/utilities/fsl_sbrk.c.obj
LOAD CMakeFiles/new_project.elf.dir/C_/Users/Juan/test/sdks/trabajo_integrador_sdk/devices/LPC845/utilities/debug_console_lite/fsl_assert.c.obj
LOAD CMakeFiles/new_project.elf.dir/C_/Users/Juan/test/sdks/trabajo_integrador_sdk/devices/LPC845/utilities/debug_console_lite/fsl_debug_console.c.obj
LOAD CMakeFiles/new_project.elf.dir/C_/Users/Juan/test/sdks/trabajo_integrador_sdk/devices/LPC845/utilities/str/fsl_str.c.obj
START GROUP
LOAD C:/Users/Juan/.mcuxpressotools/arm-gnu-toolchain-13.2.Rel1-mingw-w64-i686-arm-none-eabi/bin/../lib/gcc/arm-none-eabi/13.2.1/thumb/v6-m/nofp\libgcc.a
LOAD C:/Users/Juan/.mcuxpressotools/arm-gnu-toolchain-13.2.Rel1-mingw-w64-i686-arm-none-eabi/bin/../lib/gcc/arm-none-eabi/13.2.1/thumb/v6-m/nofp\libc_nano.a
LOAD C:/Users/Juan/.mcuxpressotools/arm-gnu-toolchain-13.2.Rel1-mingw-w64-i686-arm-none-eabi/bin/../lib/gcc/arm-none-eabi/13.2.1/thumb/v6-m/nofp\libm.a
LOAD C:/Users/Juan/.mcuxpressotools/arm-gnu-toolchain-13.2.Rel1-mingw-w64-i686-arm-none-eabi/bin/../lib/gcc/arm-none-eabi/13.2.1/../../../../arm-none-eabi/lib/thumb/v6-m/nofp\libcr_newlib_nohost.a
LOAD freertos/libfreertos.a
END GROUP
START GROUP
LOAD C:/Users/Juan/.mcuxpressotools/arm-gnu-toolchain-13.2.Rel1-mingw-w64-i686-arm-none-eabi/bin/../lib/gcc/arm-none-eabi/13.2.1/thumb/v6-m/nofp\libgcc.a
LOAD C:/Users/Juan/.mcuxpressotools/arm-gnu-toolchain-13.2.Rel1-mingw-w64-i686-arm-none-eabi/bin/../lib/gcc/arm-none-eabi/13.2.1/thumb/v6-m/nofp\libg_nano.a
LOAD C:/Users/Juan/.mcuxpressotools/arm-gnu-toolchain-13.2.Rel1-mingw-w64-i686-arm-none-eabi/bin/../lib/gcc/arm-none-eabi/13.2.1/thumb/v6-m/nofp\libc_nano.a
END GROUP
START GROUP
LOAD C:/Users/Juan/.mcuxpressotools/arm-gnu-toolchain-13.2.Rel1-mingw-w64-i686-arm-none-eabi/bin/../lib/gcc/arm-none-eabi/13.2.1/thumb/v6-m/nofp\libgcc.a
LOAD C:/Users/Juan/.mcuxpressotools/arm-gnu-toolchain-13.2.Rel1-mingw-w64-i686-arm-none-eabi/bin/../lib/gcc/arm-none-eabi/13.2.1/thumb/v6-m/nofp\libc_nano.a
LOAD C:/Users/Juan/.mcuxpressotools/arm-gnu-toolchain-13.2.Rel1-mingw-w64-i686-arm-none-eabi/bin/../lib/gcc/arm-none-eabi/13.2.1/thumb/v6-m/nofp\libnosys.a
END GROUP
START GROUP
LOAD C:/Users/Juan/.mcuxpressotools/arm-gnu-toolchain-13.2.Rel1-mingw-w64-i686-arm-none-eabi/bin/../lib/gcc/arm-none-eabi/13.2.1/thumb/v6-m/nofp\libgcc.a
LOAD C:/Users/Juan/.mcuxpressotools/arm-gnu-toolchain-13.2.Rel1-mingw-w64-i686-arm-none-eabi/bin/../lib/gcc/arm-none-eabi/13.2.1/thumb/v6-m/nofp\libc_nano.a
LOAD C:/Users/Juan/.mcuxpressotools/arm-gnu-toolchain-13.2.Rel1-mingw-w64-i686-arm-none-eabi/bin/../lib/gcc/arm-none-eabi/13.2.1/thumb/v6-m/nofp\libnosys.a
END GROUP
LOAD C:/Users/Juan/.mcuxpressotools/arm-gnu-toolchain-13.2.Rel1-mingw-w64-i686-arm-none-eabi/bin/../lib/gcc/arm-none-eabi/13.2.1/thumb/v6-m/nofp/crtend.o
LOAD C:/Users/Juan/.mcuxpressotools/arm-gnu-toolchain-13.2.Rel1-mingw-w64-i686-arm-none-eabi/bin/../lib/gcc/arm-none-eabi/13.2.1/thumb/v6-m/nofp/crtn.o
                0x00000400                        HEAP_SIZE = DEFINED (__heap_size__)?__heap_size__:0x400
                0x00000800                        STACK_SIZE = DEFINED (__stack_size__)?__stack_size__:0x800
                0xefffb4f9                        __valid_user_code_checksum = (0x0 - ((((__StackTop + Reset_Handler) + NMI_Handler) + HardFault_Handler) + 0x3))

.interrupts     0x00000000       0xc0
                0x00000000                        . = ALIGN (0x4)
 *(.isr_vector)
 .isr_vector    0x00000000       0xc0 CMakeFiles/new_project.elf.dir/C_/Users/Juan/test/sdks/trabajo_integrador_sdk/devices/LPC845/gcc/startup_LPC845.S.obj
                0x00000000                __Vectors
                0x000000c0                        . = ALIGN (0x4)

.crp            0x000002fc        0x4
                0x000002fc                        . = ALIGN (0x4)
 *(.crp)
 .crp           0x000002fc        0x4 CMakeFiles/new_project.elf.dir/C_/Users/Juan/test/sdks/trabajo_integrador_sdk/devices/LPC845/gcc/startup_LPC845.S.obj
                0x00000300                        . = ALIGN (0x4)

.text           0x00000300     0xa814
                0x00000300                        . = ALIGN (0x4)
 *(.text)
 .text          0x00000300       0x80 C:/Users/Juan/.mcuxpressotools/arm-gnu-toolchain-13.2.Rel1-mingw-w64-i686-arm-none-eabi/bin/../lib/gcc/arm-none-eabi/13.2.1/thumb/v6-m/nofp/crt0.o
                0x00000300                _stack_init
                0x0000030c                _start
                0x0000030c                _mainCRTStartup
 .text          0x00000380      0x17c CMakeFiles/new_project.elf.dir/C_/Users/Juan/test/sdks/trabajo_integrador_sdk/devices/LPC845/gcc/startup_LPC845.S.obj
                0x00000380                Reset_Handler
                0x000003cc                WDT_DriverIRQHandler
                0x000003cc                ADC0_OVR_DriverIRQHandler
                0x000003cc                CTIMER0_DriverIRQHandler
                0x000003cc                DMA0_DriverIRQHandler
                0x000003cc                ADC0_SEQB_DriverIRQHandler
                0x000003cc                SPI1_DriverIRQHandler
                0x000003cc                FLASH_DriverIRQHandler
                0x000003cc                Reserved22_DriverIRQHandler
                0x000003cc                ADC0_THCMP_DriverIRQHandler
                0x000003cc                I2C3_DriverIRQHandler
                0x000003cc                CMP_CAPT_DriverIRQHandler
                0x000003cc                PIN_INT5_DAC1_DriverIRQHandler
                0x000003cc                ADC0_SEQA_DriverIRQHandler
                0x000003cc                MRT0_DriverIRQHandler
                0x000003cc                DefaultISR
                0x000003cc                SPI0_DriverIRQHandler
                0x000003cc                WKT_DriverIRQHandler
                0x000003cc                DAC0_DriverIRQHandler
                0x000003cc                BOD_DriverIRQHandler
                0x000003d0                NMI_Handler
                0x000003d4                HardFault_Handler
                0x000003e4                SPI0_IRQHandler
                0x000003e8                SPI1_IRQHandler
                0x000003ec                DAC0_IRQHandler
                0x000003f0                USART0_IRQHandler
                0x000003f4                USART1_IRQHandler
                0x000003f8                USART2_IRQHandler
                0x000003fc                Reserved22_IRQHandler
                0x00000400                I2C1_IRQHandler
                0x00000404                I2C0_IRQHandler
                0x00000408                SCT0_IRQHandler
                0x0000040c                MRT0_IRQHandler
                0x00000410                CMP_CAPT_IRQHandler
                0x00000414                WDT_IRQHandler
                0x00000418                BOD_IRQHandler
                0x0000041c                FLASH_IRQHandler
                0x00000420                WKT_IRQHandler
                0x00000428                ADC0_SEQB_IRQHandler
                0x0000042c                ADC0_THCMP_IRQHandler
                0x00000430                ADC0_OVR_IRQHandler
                0x00000434                DMA0_IRQHandler
                0x00000438                I2C2_IRQHandler
                0x0000043c                I2C3_IRQHandler
                0x00000440                CTIMER0_IRQHandler
                0x00000444                PIN_INT0_IRQHandler
                0x00000448                PIN_INT1_IRQHandler
                0x0000044c                PIN_INT2_IRQHandler
                0x00000450                PIN_INT3_IRQHandler
                0x00000454                PIN_INT4_IRQHandler
 .text          0x000004fc      0x114 C:/Users/Juan/.mcuxpressotools/arm-gnu-toolchain-13.2.Rel1-mingw-w64-i686-arm-none-eabi/bin/../lib/gcc/arm-none-eabi/13.2.1/thumb/v6-m/nofp\libgcc.a(_udivsi3.o)
                0x000004fc                __aeabi_uidiv
                0x000004fc                __udivsi3
                0x00000608                __aeabi_uidivmod
 .text          0x00000610      0x1d4 C:/Users/Juan/.mcuxpressotools/arm-gnu-toolchain-13.2.Rel1-mingw-w64-i686-arm-none-eabi/bin/../lib/gcc/arm-none-eabi/13.2.1/thumb/v6-m/nofp\libgcc.a(_divsi3.o)
                0x00000610                __divsi3
                0x00000610                __aeabi_idiv
                0x000007dc                __aeabi_idivmod
 .text          0x000007e4        0x4 C:/Users/Juan/.mcuxpressotools/arm-gnu-toolchain-13.2.Rel1-mingw-w64-i686-arm-none-eabi/bin/../lib/gcc/arm-none-eabi/13.2.1/thumb/v6-m/nofp\libgcc.a(_dvmd_tls.o)
                0x000007e4                __aeabi_idiv0
                0x000007e4                __aeabi_ldiv0
 .text          0x000007e8       0x40 C:/Users/Juan/.mcuxpressotools/arm-gnu-toolchain-13.2.Rel1-mingw-w64-i686-arm-none-eabi/bin/../lib/gcc/arm-none-eabi/13.2.1/thumb/v6-m/nofp\libgcc.a(_aeabi_uldivmod.o)
                0x000007e8                __aeabi_uldivmod
 .text          0x00000828       0x7c C:/Users/Juan/.mcuxpressotools/arm-gnu-toolchain-13.2.Rel1-mingw-w64-i686-arm-none-eabi/bin/../lib/gcc/arm-none-eabi/13.2.1/thumb/v6-m/nofp\libgcc.a(_arm_cmpdf2.o)
                0x00000828                __aeabi_cdrcmple
                0x00000838                __aeabi_cdcmple
                0x00000838                __aeabi_cdcmpeq
                0x00000848                __aeabi_dcmpeq
                0x00000854                __aeabi_dcmplt
                0x00000868                __aeabi_dcmple
                0x0000087c                __aeabi_dcmpgt
                0x00000890                __aeabi_dcmpge
 .text          0x000008a4       0x74 C:/Users/Juan/.mcuxpressotools/arm-gnu-toolchain-13.2.Rel1-mingw-w64-i686-arm-none-eabi/bin/../lib/gcc/arm-none-eabi/13.2.1/thumb/v6-m/nofp\libgcc.a(_arm_cmpsf2.o)
                0x000008a4                __aeabi_cfrcmple
                0x000008ac                __aeabi_cfcmpeq
                0x000008ac                __aeabi_cfcmple
                0x000008bc                __aeabi_fcmpeq
                0x000008c8                __aeabi_fcmplt
                0x000008dc                __aeabi_fcmple
                0x000008f0                __aeabi_fcmpgt
                0x00000904                __aeabi_fcmpge
 .text          0x00000918       0x3c C:/Users/Juan/.mcuxpressotools/arm-gnu-toolchain-13.2.Rel1-mingw-w64-i686-arm-none-eabi/bin/../lib/gcc/arm-none-eabi/13.2.1/thumb/v6-m/nofp\libgcc.a(_clzsi2.o)
                0x00000918                __clzsi2
 .text          0x00000954       0x18 C:/Users/Juan/.mcuxpressotools/arm-gnu-toolchain-13.2.Rel1-mingw-w64-i686-arm-none-eabi/bin/../lib/gcc/arm-none-eabi/13.2.1/thumb/v6-m/nofp\libgcc.a(_clzdi2.o)
                0x00000954                __clzdi2
 .text          0x0000096c        0xe C:/Users/Juan/.mcuxpressotools/arm-gnu-toolchain-13.2.Rel1-mingw-w64-i686-arm-none-eabi/bin/../lib/gcc/arm-none-eabi/13.2.1/thumb/v6-m/nofp\libc_nano.a(libc_a-strlen.o)
                0x0000096c                strlen
 *(.text*)
 *fill*         0x0000097a        0x2 
 .text.deregister_tm_clones
                0x0000097c       0x20 C:/Users/Juan/.mcuxpressotools/arm-gnu-toolchain-13.2.Rel1-mingw-w64-i686-arm-none-eabi/bin/../lib/gcc/arm-none-eabi/13.2.1/thumb/v6-m/nofp/crtbegin.o
 .text.register_tm_clones
                0x0000099c       0x28 C:/Users/Juan/.mcuxpressotools/arm-gnu-toolchain-13.2.Rel1-mingw-w64-i686-arm-none-eabi/bin/../lib/gcc/arm-none-eabi/13.2.1/thumb/v6-m/nofp/crtbegin.o
 .text.__do_global_dtors_aux
                0x000009c4       0x2c C:/Users/Juan/.mcuxpressotools/arm-gnu-toolchain-13.2.Rel1-mingw-w64-i686-arm-none-eabi/bin/../lib/gcc/arm-none-eabi/13.2.1/thumb/v6-m/nofp/crtbegin.o
 .text.frame_dummy
                0x000009f0       0x24 C:/Users/Juan/.mcuxpressotools/arm-gnu-toolchain-13.2.Rel1-mingw-w64-i686-arm-none-eabi/bin/../lib/gcc/arm-none-eabi/13.2.1/thumb/v6-m/nofp/crtbegin.o
 .text.main     0x00000a14      0x154 CMakeFiles/new_project.elf.dir/C_/Users/Juan/test/trabajo_integrador/main.c.obj
                0x00000a14                main
 .text.CLOCK_Select
                0x00000b68       0x38 CMakeFiles/new_project.elf.dir/C_/Users/Juan/test/trabajo_integrador/board.c.obj
 .text.BOARD_InitDebugConsole
                0x00000ba0       0x58 CMakeFiles/new_project.elf.dir/C_/Users/Juan/test/trabajo_integrador/board.c.obj
                0x00000ba0                BOARD_InitDebugConsole
 .text.CLOCK_Select
                0x00000bf8       0x38 CMakeFiles/new_project.elf.dir/C_/Users/Juan/test/trabajo_integrador/clock_config.c.obj
 .text.CLOCK_SetCoreSysClkDiv
                0x00000c30       0x4c CMakeFiles/new_project.elf.dir/C_/Users/Juan/test/trabajo_integrador/clock_config.c.obj
 .text.CLOCK_SetFroOscFreq
                0x00000c7c       0x24 CMakeFiles/new_project.elf.dir/C_/Users/Juan/test/trabajo_integrador/clock_config.c.obj
 .text.POWER_DisablePD
                0x00000ca0       0x2c CMakeFiles/new_project.elf.dir/C_/Users/Juan/test/trabajo_integrador/clock_config.c.obj
 .text.BOARD_BootClockFRO30M
                0x00000ccc       0x58 CMakeFiles/new_project.elf.dir/C_/Users/Juan/test/trabajo_integrador/clock_config.c.obj
                0x00000ccc                BOARD_BootClockFRO30M
 .text.GPIO_PinWrite
                0x00000d24       0x2c CMakeFiles/new_project.elf.dir/C_/Users/Juan/test/trabajo_integrador/app_tasks.c.obj
 .text.GPIO_PinRead
                0x00000d50       0x24 CMakeFiles/new_project.elf.dir/C_/Users/Juan/test/trabajo_integrador/app_tasks.c.obj
 .text.GPIO_PortToggle
                0x00000d74       0x26 CMakeFiles/new_project.elf.dir/C_/Users/Juan/test/trabajo_integrador/app_tasks.c.obj
 .text.ADC_DoSoftwareTriggerConvSeqA
                0x00000d9a       0x1e CMakeFiles/new_project.elf.dir/C_/Users/Juan/test/trabajo_integrador/app_tasks.c.obj
 .text.wrapper_gpio_init
                0x00000db8       0x24 CMakeFiles/new_project.elf.dir/C_/Users/Juan/test/trabajo_integrador/app_tasks.c.obj
 .text.wrapper_btn_get
                0x00000ddc       0x30 CMakeFiles/new_project.elf.dir/C_/Users/Juan/test/trabajo_integrador/app_tasks.c.obj
 .text.wrapper_output_init
                0x00000e0c       0x3e CMakeFiles/new_project.elf.dir/C_/Users/Juan/test/trabajo_integrador/app_tasks.c.obj
 .text.wrapper_gpio_get_port
                0x00000e4a       0x1a CMakeFiles/new_project.elf.dir/C_/Users/Juan/test/trabajo_integrador/app_tasks.c.obj
 .text.wrapper_gpio_get_pin
                0x00000e64       0x1a CMakeFiles/new_project.elf.dir/C_/Users/Juan/test/trabajo_integrador/app_tasks.c.obj
 .text.wrapper_output_toggle
                0x00000e7e       0x46 CMakeFiles/new_project.elf.dir/C_/Users/Juan/test/trabajo_integrador/app_tasks.c.obj
 .text.wrapper_display_off
                0x00000ec4       0x26 CMakeFiles/new_project.elf.dir/C_/Users/Juan/test/trabajo_integrador/app_tasks.c.obj
 .text.wrapper_display_on
                0x00000eea       0x28 CMakeFiles/new_project.elf.dir/C_/Users/Juan/test/trabajo_integrador/app_tasks.c.obj
 .text.wrapper_btn_get_with_debouncing_with_pull_up
                0x00000f12       0x56 CMakeFiles/new_project.elf.dir/C_/Users/Juan/test/trabajo_integrador/app_tasks.c.obj
 .text.task_system_init
                0x00000f68      0x12c CMakeFiles/new_project.elf.dir/C_/Users/Juan/test/trabajo_integrador/app_tasks.c.obj
                0x00000f68                task_system_init
 .text.task_adc_trigger
                0x00001094       0x20 CMakeFiles/new_project.elf.dir/C_/Users/Juan/test/trabajo_integrador/app_tasks.c.obj
                0x00001094                task_adc_trigger
 .text.task_light_sensor
                0x000010b4       0x58 CMakeFiles/new_project.elf.dir/C_/Users/Juan/test/trabajo_integrador/app_tasks.c.obj
                0x000010b4                task_light_sensor
 .text.task_pwm_control
                0x0000110c       0x74 CMakeFiles/new_project.elf.dir/C_/Users/Juan/test/trabajo_integrador/app_tasks.c.obj
                0x0000110c                task_pwm_control
 .text.task_rgb_controller
                0x00001180       0x84 CMakeFiles/new_project.elf.dir/C_/Users/Juan/test/trabajo_integrador/app_tasks.c.obj
                0x00001180                task_rgb_controller
 .text.task_display_manager
                0x00001204       0xe4 CMakeFiles/new_project.elf.dir/C_/Users/Juan/test/trabajo_integrador/app_tasks.c.obj
                0x00001204                task_display_manager
 .text.task_display_toggle
                0x000012e8       0x70 CMakeFiles/new_project.elf.dir/C_/Users/Juan/test/trabajo_integrador/app_tasks.c.obj
                0x000012e8                task_display_toggle
 .text.task_user_button
                0x00001358       0x50 CMakeFiles/new_project.elf.dir/C_/Users/Juan/test/trabajo_integrador/app_tasks.c.obj
                0x00001358                task_user_button
 .text.task_buzzer_control
                0x000013a8       0x84 CMakeFiles/new_project.elf.dir/C_/Users/Juan/test/trabajo_integrador/app_tasks.c.obj
                0x000013a8                task_buzzer_control
 .text.task_setpoint_buttons
                0x0000142c       0x98 CMakeFiles/new_project.elf.dir/C_/Users/Juan/test/trabajo_integrador/app_tasks.c.obj
                0x0000142c                task_setpoint_buttons
 .text.task_system_monitor
                0x000014c4      0x128 CMakeFiles/new_project.elf.dir/C_/Users/Juan/test/trabajo_integrador/app_tasks.c.obj
                0x000014c4                task_system_monitor
 .text.ADC_GetStatusFlags
                0x000015ec       0x14 CMakeFiles/new_project.elf.dir/C_/Users/Juan/test/trabajo_integrador/isr.c.obj
 .text.ADC_ClearStatusFlags
                0x00001600       0x18 CMakeFiles/new_project.elf.dir/C_/Users/Juan/test/trabajo_integrador/isr.c.obj
 .text.ADC0_SEQA_IRQHandler
                0x00001618       0xa0 CMakeFiles/new_project.elf.dir/C_/Users/Juan/test/trabajo_integrador/isr.c.obj
                0x00001618                ADC0_SEQA_IRQHandler
 .text.__NVIC_EnableIRQ
                0x000016b8       0x34 CMakeFiles/new_project.elf.dir/C_/Users/Juan/test/trabajo_integrador/wrappers.c.obj
 .text.CLOCK_EnableClock
                0x000016ec       0x54 CMakeFiles/new_project.elf.dir/C_/Users/Juan/test/trabajo_integrador/wrappers.c.obj
 .text.CLOCK_DisableClock
                0x00001740       0x58 CMakeFiles/new_project.elf.dir/C_/Users/Juan/test/trabajo_integrador/wrappers.c.obj
 .text.CLOCK_Select
                0x00001798       0x38 CMakeFiles/new_project.elf.dir/C_/Users/Juan/test/trabajo_integrador/wrappers.c.obj
 .text.CLOCK_SetClkDivider
                0x000017d0       0x30 CMakeFiles/new_project.elf.dir/C_/Users/Juan/test/trabajo_integrador/wrappers.c.obj
 .text.CLOCK_GetClkDivider
                0x00001800       0x2c CMakeFiles/new_project.elf.dir/C_/Users/Juan/test/trabajo_integrador/wrappers.c.obj
 .text.GPIO_PinWrite
                0x0000182c       0x2c CMakeFiles/new_project.elf.dir/C_/Users/Juan/test/trabajo_integrador/wrappers.c.obj
 .text.POWER_DisablePD
                0x00001858       0x2c CMakeFiles/new_project.elf.dir/C_/Users/Juan/test/trabajo_integrador/wrappers.c.obj
 .text.ADC_EnableConvSeqA
                0x00001884       0x3a CMakeFiles/new_project.elf.dir/C_/Users/Juan/test/trabajo_integrador/wrappers.c.obj
 .text.ADC_EnableInterrupts
                0x000018be       0x22 CMakeFiles/new_project.elf.dir/C_/Users/Juan/test/trabajo_integrador/wrappers.c.obj
 .text.SCTIMER_StartTimer
                0x000018e0      0x108 CMakeFiles/new_project.elf.dir/C_/Users/Juan/test/trabajo_integrador/wrappers.c.obj
 .text.I2C_MasterRepeatedStart
                0x000019e8       0x32 CMakeFiles/new_project.elf.dir/C_/Users/Juan/test/trabajo_integrador/wrappers.c.obj
 *fill*         0x00001a1a        0x2 
 .text.wrapper_adc_init
                0x00001a1c       0xdc CMakeFiles/new_project.elf.dir/C_/Users/Juan/test/trabajo_integrador/wrappers.c.obj
                0x00001a1c                wrapper_adc_init
 .text.wrapper_btn_init
                0x00001af8       0x7c CMakeFiles/new_project.elf.dir/C_/Users/Juan/test/trabajo_integrador/wrappers.c.obj
                0x00001af8                wrapper_btn_init
 .text.wrapper_display_init
                0x00001b74       0x94 CMakeFiles/new_project.elf.dir/C_/Users/Juan/test/trabajo_integrador/wrappers.c.obj
                0x00001b74                wrapper_display_init
 .text.wrapper_display_write
                0x00001c08       0xc4 CMakeFiles/new_project.elf.dir/C_/Users/Juan/test/trabajo_integrador/wrappers.c.obj
                0x00001c08                wrapper_display_write
 .text.wrapper_pwm_init
                0x00001ccc      0x100 CMakeFiles/new_project.elf.dir/C_/Users/Juan/test/trabajo_integrador/wrappers.c.obj
                0x00001ccc                wrapper_pwm_init
 .text.wrapper_pwm_update_led
                0x00001dcc       0x58 CMakeFiles/new_project.elf.dir/C_/Users/Juan/test/trabajo_integrador/wrappers.c.obj
 .text.wrapper_pwm_update_bled
                0x00001e24       0x2c CMakeFiles/new_project.elf.dir/C_/Users/Juan/test/trabajo_integrador/wrappers.c.obj
                0x00001e24                wrapper_pwm_update_bled
 .text.wrapper_pwm_update_rled
                0x00001e50       0x2c CMakeFiles/new_project.elf.dir/C_/Users/Juan/test/trabajo_integrador/wrappers.c.obj
                0x00001e50                wrapper_pwm_update_rled
 .text.wrapper_i2c_init
                0x00001e7c       0x6c CMakeFiles/new_project.elf.dir/C_/Users/Juan/test/trabajo_integrador/wrappers.c.obj
                0x00001e7c                wrapper_i2c_init
 .text.wrapper_bh1750_init
                0x00001ee8       0x60 CMakeFiles/new_project.elf.dir/C_/Users/Juan/test/trabajo_integrador/wrappers.c.obj
                0x00001ee8                wrapper_bh1750_init
 .text.wrapper_bh1750_read
                0x00001f48       0x68 CMakeFiles/new_project.elf.dir/C_/Users/Juan/test/trabajo_integrador/wrappers.c.obj
                0x00001f48                wrapper_bh1750_read
 .text.HAL_UartGetStatus
                0x00001fb0       0x20 CMakeFiles/new_project.elf.dir/C_/Users/Juan/test/sdks/trabajo_integrador_sdk/components/uart/fsl_adapter_miniusart.c.obj
 .text.HAL_UartInit
                0x00001fd0      0x134 CMakeFiles/new_project.elf.dir/C_/Users/Juan/test/sdks/trabajo_integrador_sdk/components/uart/fsl_adapter_miniusart.c.obj
                0x00001fd0                HAL_UartInit
 .text.HAL_UartReceiveBlocking
                0x00002104       0x90 CMakeFiles/new_project.elf.dir/C_/Users/Juan/test/sdks/trabajo_integrador_sdk/components/uart/fsl_adapter_miniusart.c.obj
                0x00002104                HAL_UartReceiveBlocking
 .text.HAL_UartSendBlocking
                0x00002194       0x84 CMakeFiles/new_project.elf.dir/C_/Users/Juan/test/sdks/trabajo_integrador_sdk/components/uart/fsl_adapter_miniusart.c.obj
                0x00002194                HAL_UartSendBlocking
 .text.SystemInit
                0x00002218       0x2c CMakeFiles/new_project.elf.dir/C_/Users/Juan/test/sdks/trabajo_integrador_sdk/devices/LPC845/system_LPC845.c.obj
                0x00002218                SystemInit
 .text.SystemInitHook
                0x00002244        0xa CMakeFiles/new_project.elf.dir/C_/Users/Juan/test/sdks/trabajo_integrador_sdk/devices/LPC845/system_LPC845.c.obj
                0x00002244                SystemInitHook
 *fill*         0x0000224e        0x2 
 .text.CLOCK_GetCoreSysClkFreq
                0x00002250       0x24 CMakeFiles/new_project.elf.dir/C_/Users/Juan/test/sdks/trabajo_integrador_sdk/devices/LPC845/drivers/fsl_clock.c.obj
 .text.CLOCK_GetSystemPLLFreq
                0x00002274       0x20 CMakeFiles/new_project.elf.dir/C_/Users/Juan/test/sdks/trabajo_integrador_sdk/devices/LPC845/drivers/fsl_clock.c.obj
 .text.CLOCK_GetWdtOscFreq
                0x00002294       0x14 CMakeFiles/new_project.elf.dir/C_/Users/Juan/test/sdks/trabajo_integrador_sdk/devices/LPC845/drivers/fsl_clock.c.obj
 .text.CLOCK_GetExtClkFreq
                0x000022a8       0x14 CMakeFiles/new_project.elf.dir/C_/Users/Juan/test/sdks/trabajo_integrador_sdk/devices/LPC845/drivers/fsl_clock.c.obj
 .text.CLOCK_GetFRGInputClkFreq
                0x000022bc       0x3e CMakeFiles/new_project.elf.dir/C_/Users/Juan/test/sdks/trabajo_integrador_sdk/devices/LPC845/drivers/fsl_clock.c.obj
 *fill*         0x000022fa        0x2 
 .text.CLOCK_UpdateClkSrc
                0x000022fc       0x58 CMakeFiles/new_project.elf.dir/C_/Users/Juan/test/sdks/trabajo_integrador_sdk/devices/LPC845/drivers/fsl_clock.c.obj
 .text.CLOCK_GetFRG0ClkFreq
                0x00002354       0x64 CMakeFiles/new_project.elf.dir/C_/Users/Juan/test/sdks/trabajo_integrador_sdk/devices/LPC845/drivers/fsl_clock.c.obj
                0x00002354                CLOCK_GetFRG0ClkFreq
 .text.CLOCK_GetFRG1ClkFreq
                0x000023b8       0x64 CMakeFiles/new_project.elf.dir/C_/Users/Juan/test/sdks/trabajo_integrador_sdk/devices/LPC845/drivers/fsl_clock.c.obj
                0x000023b8                CLOCK_GetFRG1ClkFreq
 .text.CLOCK_GetMainClkFreq
                0x0000241c       0x78 CMakeFiles/new_project.elf.dir/C_/Users/Juan/test/sdks/trabajo_integrador_sdk/devices/LPC845/drivers/fsl_clock.c.obj
                0x0000241c                CLOCK_GetMainClkFreq
 .text.CLOCK_GetFroFreq
                0x00002494       0x78 CMakeFiles/new_project.elf.dir/C_/Users/Juan/test/sdks/trabajo_integrador_sdk/devices/LPC845/drivers/fsl_clock.c.obj
                0x00002494                CLOCK_GetFroFreq
 .text.CLOCK_GetFreq
                0x0000250c       0x90 CMakeFiles/new_project.elf.dir/C_/Users/Juan/test/sdks/trabajo_integrador_sdk/devices/LPC845/drivers/fsl_clock.c.obj
                0x0000250c                CLOCK_GetFreq
 .text.CLOCK_GetSystemPLLInClockRate
                0x0000259c       0x64 CMakeFiles/new_project.elf.dir/C_/Users/Juan/test/sdks/trabajo_integrador_sdk/devices/LPC845/drivers/fsl_clock.c.obj
                0x0000259c                CLOCK_GetSystemPLLInClockRate
 .text.CLOCK_SetMainClkSrc
                0x00002600       0x9c CMakeFiles/new_project.elf.dir/C_/Users/Juan/test/sdks/trabajo_integrador_sdk/devices/LPC845/drivers/fsl_clock.c.obj
                0x00002600                CLOCK_SetMainClkSrc
 .text.CLOCK_SetFroOutClkSrc
                0x0000269c       0x48 CMakeFiles/new_project.elf.dir/C_/Users/Juan/test/sdks/trabajo_integrador_sdk/devices/LPC845/drivers/fsl_clock.c.obj
                0x0000269c                CLOCK_SetFroOutClkSrc
 .text.DelayLoop
                0x000026e4       0x1a CMakeFiles/new_project.elf.dir/C_/Users/Juan/test/sdks/trabajo_integrador_sdk/devices/LPC845/drivers/fsl_common_arm.c.obj
 *fill*         0x000026fe        0x2 
 .text.SDK_DelayAtLeastUs
                0x00002700       0x84 CMakeFiles/new_project.elf.dir/C_/Users/Juan/test/sdks/trabajo_integrador_sdk/devices/LPC845/drivers/fsl_common_arm.c.obj
                0x00002700                SDK_DelayAtLeastUs
 .text.CLOCK_EnableClock
                0x00002784       0x54 CMakeFiles/new_project.elf.dir/C_/Users/Juan/test/sdks/trabajo_integrador_sdk/devices/LPC845/drivers/fsl_adc.c.obj
 .text.RESET_ReleasePeripheralReset
                0x000027d8       0x18 CMakeFiles/new_project.elf.dir/C_/Users/Juan/test/sdks/trabajo_integrador_sdk/devices/LPC845/drivers/fsl_adc.c.obj
 .text.ADC_GetInstance
                0x000027f0       0x54 CMakeFiles/new_project.elf.dir/C_/Users/Juan/test/sdks/trabajo_integrador_sdk/devices/LPC845/drivers/fsl_adc.c.obj
 .text.ADC_Init
                0x00002844       0xb4 CMakeFiles/new_project.elf.dir/C_/Users/Juan/test/sdks/trabajo_integrador_sdk/devices/LPC845/drivers/fsl_adc.c.obj
                0x00002844                ADC_Init
 .text.ADC_GetDefaultConfig
                0x000028f8       0x34 CMakeFiles/new_project.elf.dir/C_/Users/Juan/test/sdks/trabajo_integrador_sdk/devices/LPC845/drivers/fsl_adc.c.obj
                0x000028f8                ADC_GetDefaultConfig
 .text.ADC_DoSelfCalibration
                0x0000292c       0xc0 CMakeFiles/new_project.elf.dir/C_/Users/Juan/test/sdks/trabajo_integrador_sdk/devices/LPC845/drivers/fsl_adc.c.obj
                0x0000292c                ADC_DoSelfCalibration
 .text.ADC_SetConvSeqAConfig
                0x000029ec       0xa0 CMakeFiles/new_project.elf.dir/C_/Users/Juan/test/sdks/trabajo_integrador_sdk/devices/LPC845/drivers/fsl_adc.c.obj
                0x000029ec                ADC_SetConvSeqAConfig
 .text.ADC_GetChannelConversionResult
                0x00002a8c       0xbc CMakeFiles/new_project.elf.dir/C_/Users/Juan/test/sdks/trabajo_integrador_sdk/devices/LPC845/drivers/fsl_adc.c.obj
                0x00002a8c                ADC_GetChannelConversionResult
 .text.CLOCK_EnableClock
                0x00002b48       0x54 CMakeFiles/new_project.elf.dir/C_/Users/Juan/test/sdks/trabajo_integrador_sdk/devices/LPC845/drivers/fsl_gpio.c.obj
 .text.GPIO_EnablePortClock
                0x00002b9c       0x44 CMakeFiles/new_project.elf.dir/C_/Users/Juan/test/sdks/trabajo_integrador_sdk/devices/LPC845/drivers/fsl_gpio.c.obj
 .text.GPIO_PortInit
                0x00002be0       0x30 CMakeFiles/new_project.elf.dir/C_/Users/Juan/test/sdks/trabajo_integrador_sdk/devices/LPC845/drivers/fsl_gpio.c.obj
                0x00002be0                GPIO_PortInit
 .text.GPIO_PinInit
                0x00002c10       0xc0 CMakeFiles/new_project.elf.dir/C_/Users/Juan/test/sdks/trabajo_integrador_sdk/devices/LPC845/drivers/fsl_gpio.c.obj
                0x00002c10                GPIO_PinInit
 .text.CLOCK_EnableClock
                0x00002cd0       0x54 CMakeFiles/new_project.elf.dir/C_/Users/Juan/test/sdks/trabajo_integrador_sdk/devices/LPC845/drivers/fsl_i2c.c.obj
 .text.I2C_MasterEnable
                0x00002d24       0x3c CMakeFiles/new_project.elf.dir/C_/Users/Juan/test/sdks/trabajo_integrador_sdk/devices/LPC845/drivers/fsl_i2c.c.obj
 .text.I2C_GetStatusFlags
                0x00002d60       0x14 CMakeFiles/new_project.elf.dir/C_/Users/Juan/test/sdks/trabajo_integrador_sdk/devices/LPC845/drivers/fsl_i2c.c.obj
 .text.I2C_MasterClearStatusFlags
                0x00002d74       0x1c CMakeFiles/new_project.elf.dir/C_/Users/Juan/test/sdks/trabajo_integrador_sdk/devices/LPC845/drivers/fsl_i2c.c.obj
 .text.I2C_GetInstance
                0x00002d90       0x58 CMakeFiles/new_project.elf.dir/C_/Users/Juan/test/sdks/trabajo_integrador_sdk/devices/LPC845/drivers/fsl_i2c.c.obj
                0x00002d90                I2C_GetInstance
 .text.I2C_MasterGetDefaultConfig
                0x00002de8       0x34 CMakeFiles/new_project.elf.dir/C_/Users/Juan/test/sdks/trabajo_integrador_sdk/devices/LPC845/drivers/fsl_i2c.c.obj
                0x00002de8                I2C_MasterGetDefaultConfig
 .text.I2C_MasterInit
                0x00002e1c       0x64 CMakeFiles/new_project.elf.dir/C_/Users/Juan/test/sdks/trabajo_integrador_sdk/devices/LPC845/drivers/fsl_i2c.c.obj
                0x00002e1c                I2C_MasterInit
 .text.I2C_MasterSetBaudRate
                0x00002e80      0x114 CMakeFiles/new_project.elf.dir/C_/Users/Juan/test/sdks/trabajo_integrador_sdk/devices/LPC845/drivers/fsl_i2c.c.obj
                0x00002e80                I2C_MasterSetBaudRate
 .text.I2C_PendingStatusWait
                0x00002f94       0x30 CMakeFiles/new_project.elf.dir/C_/Users/Juan/test/sdks/trabajo_integrador_sdk/devices/LPC845/drivers/fsl_i2c.c.obj
 .text.I2C_MasterStart
                0x00002fc4       0x54 CMakeFiles/new_project.elf.dir/C_/Users/Juan/test/sdks/trabajo_integrador_sdk/devices/LPC845/drivers/fsl_i2c.c.obj
                0x00002fc4                I2C_MasterStart
 .text.I2C_MasterStop
                0x00003018       0x30 CMakeFiles/new_project.elf.dir/C_/Users/Juan/test/sdks/trabajo_integrador_sdk/devices/LPC845/drivers/fsl_i2c.c.obj
                0x00003018                I2C_MasterStop
 .text.I2C_MasterWriteBlocking
                0x00003048      0x124 CMakeFiles/new_project.elf.dir/C_/Users/Juan/test/sdks/trabajo_integrador_sdk/devices/LPC845/drivers/fsl_i2c.c.obj
                0x00003048                I2C_MasterWriteBlocking
 .text.I2C_MasterReadBlocking
                0x0000316c      0x104 CMakeFiles/new_project.elf.dir/C_/Users/Juan/test/sdks/trabajo_integrador_sdk/devices/LPC845/drivers/fsl_i2c.c.obj
                0x0000316c                I2C_MasterReadBlocking
 .text.I2C_TransferCommonIRQHandler
                0x00003270       0x40 CMakeFiles/new_project.elf.dir/C_/Users/Juan/test/sdks/trabajo_integrador_sdk/devices/LPC845/drivers/fsl_i2c.c.obj
 .text.I2C0_DriverIRQHandler
                0x000032b0       0x20 CMakeFiles/new_project.elf.dir/C_/Users/Juan/test/sdks/trabajo_integrador_sdk/devices/LPC845/drivers/fsl_i2c.c.obj
                0x000032b0                I2C0_DriverIRQHandler
 .text.I2C1_DriverIRQHandler
                0x000032d0       0x20 CMakeFiles/new_project.elf.dir/C_/Users/Juan/test/sdks/trabajo_integrador_sdk/devices/LPC845/drivers/fsl_i2c.c.obj
                0x000032d0                I2C1_DriverIRQHandler
 .text.I2C2_DriverIRQHandler
                0x000032f0       0x20 CMakeFiles/new_project.elf.dir/C_/Users/Juan/test/sdks/trabajo_integrador_sdk/devices/LPC845/drivers/fsl_i2c.c.obj
                0x000032f0                I2C2_DriverIRQHandler
 .text.CLOCK_EnableClock
                0x00003310       0x54 CMakeFiles/new_project.elf.dir/C_/Users/Juan/test/sdks/trabajo_integrador_sdk/devices/LPC845/drivers/fsl_usart.c.obj
 .text.USART_EnableContinuousSCLK
                0x00003364       0x40 CMakeFiles/new_project.elf.dir/C_/Users/Juan/test/sdks/trabajo_integrador_sdk/devices/LPC845/drivers/fsl_usart.c.obj
 .text.USART_EnableTx
                0x000033a4       0x46 CMakeFiles/new_project.elf.dir/C_/Users/Juan/test/sdks/trabajo_integrador_sdk/devices/LPC845/drivers/fsl_usart.c.obj
 .text.USART_EnableRx
                0x000033ea       0x44 CMakeFiles/new_project.elf.dir/C_/Users/Juan/test/sdks/trabajo_integrador_sdk/devices/LPC845/drivers/fsl_usart.c.obj
 *fill*         0x0000342e        0x2 
 .text.USART_GetInstance
                0x00003430       0x58 CMakeFiles/new_project.elf.dir/C_/Users/Juan/test/sdks/trabajo_integrador_sdk/devices/LPC845/drivers/fsl_usart.c.obj
                0x00003430                USART_GetInstance
 .text.USART_Init
                0x00003488      0x144 CMakeFiles/new_project.elf.dir/C_/Users/Juan/test/sdks/trabajo_integrador_sdk/devices/LPC845/drivers/fsl_usart.c.obj
                0x00003488                USART_Init
 .text.USART_GetDefaultConfig
                0x000035cc       0x80 CMakeFiles/new_project.elf.dir/C_/Users/Juan/test/sdks/trabajo_integrador_sdk/devices/LPC845/drivers/fsl_usart.c.obj
                0x000035cc                USART_GetDefaultConfig
 .text.USART_SetBaudRate
                0x0000364c      0x15c CMakeFiles/new_project.elf.dir/C_/Users/Juan/test/sdks/trabajo_integrador_sdk/devices/LPC845/drivers/fsl_usart.c.obj
                0x0000364c                USART_SetBaudRate
 .text.USART_WriteBlocking
                0x000037a8       0x70 CMakeFiles/new_project.elf.dir/C_/Users/Juan/test/sdks/trabajo_integrador_sdk/devices/LPC845/drivers/fsl_usart.c.obj
                0x000037a8                USART_WriteBlocking
 .text.USART_ReadBlocking
                0x00003818       0xd0 CMakeFiles/new_project.elf.dir/C_/Users/Juan/test/sdks/trabajo_integrador_sdk/devices/LPC845/drivers/fsl_usart.c.obj
                0x00003818                USART_ReadBlocking
 .text.USART0_DriverIRQHandler
                0x000038e8       0x24 CMakeFiles/new_project.elf.dir/C_/Users/Juan/test/sdks/trabajo_integrador_sdk/devices/LPC845/drivers/fsl_usart.c.obj
                0x000038e8                USART0_DriverIRQHandler
 .text.USART1_DriverIRQHandler
                0x0000390c       0x24 CMakeFiles/new_project.elf.dir/C_/Users/Juan/test/sdks/trabajo_integrador_sdk/devices/LPC845/drivers/fsl_usart.c.obj
                0x0000390c                USART1_DriverIRQHandler
 .text.USART2_DriverIRQHandler
                0x00003930       0x24 CMakeFiles/new_project.elf.dir/C_/Users/Juan/test/sdks/trabajo_integrador_sdk/devices/LPC845/drivers/fsl_usart.c.obj
                0x00003930                USART2_DriverIRQHandler
 .text.PIN_INT6_USART3_DriverIRQHandler
                0x00003954       0x24 CMakeFiles/new_project.elf.dir/C_/Users/Juan/test/sdks/trabajo_integrador_sdk/devices/LPC845/drivers/fsl_usart.c.obj
                0x00003954                PIN_INT6_USART3_DriverIRQHandler
 .text.PIN_INT7_USART4_DriverIRQHandler
                0x00003978       0x24 CMakeFiles/new_project.elf.dir/C_/Users/Juan/test/sdks/trabajo_integrador_sdk/devices/LPC845/drivers/fsl_usart.c.obj
                0x00003978                PIN_INT7_USART4_DriverIRQHandler
 .text.PINT_PinInterruptGetStatus
                0x0000399c       0x26 CMakeFiles/new_project.elf.dir/C_/Users/Juan/test/sdks/trabajo_integrador_sdk/devices/LPC845/drivers/fsl_pint.c.obj
 .text.PINT_PinInterruptClrFallFlag
                0x000039c2       0x22 CMakeFiles/new_project.elf.dir/C_/Users/Juan/test/sdks/trabajo_integrador_sdk/devices/LPC845/drivers/fsl_pint.c.obj
 .text.PINT_PinInterruptGetFallFlag
                0x000039e4       0x26 CMakeFiles/new_project.elf.dir/C_/Users/Juan/test/sdks/trabajo_integrador_sdk/devices/LPC845/drivers/fsl_pint.c.obj
 .text.PINT_PinInterruptClrRiseFlag
                0x00003a0a       0x22 CMakeFiles/new_project.elf.dir/C_/Users/Juan/test/sdks/trabajo_integrador_sdk/devices/LPC845/drivers/fsl_pint.c.obj
 .text.PINT_PinInterruptGetRiseFlag
                0x00003a2c       0x26 CMakeFiles/new_project.elf.dir/C_/Users/Juan/test/sdks/trabajo_integrador_sdk/devices/LPC845/drivers/fsl_pint.c.obj
 .text.PINT_PatternMatchResetDetectLogic
                0x00003a52       0x30 CMakeFiles/new_project.elf.dir/C_/Users/Juan/test/sdks/trabajo_integrador_sdk/devices/LPC845/drivers/fsl_pint.c.obj
                0x00003a52                PINT_PatternMatchResetDetectLogic
 *fill*         0x00003a82        0x2 
 .text.PINT_CommonIRQHanlder
                0x00003a84       0xdc CMakeFiles/new_project.elf.dir/C_/Users/Juan/test/sdks/trabajo_integrador_sdk/devices/LPC845/drivers/fsl_pint.c.obj
 .text.PIN_INT0_DriverIRQHandler
                0x00003b60       0x12 CMakeFiles/new_project.elf.dir/C_/Users/Juan/test/sdks/trabajo_integrador_sdk/devices/LPC845/drivers/fsl_pint.c.obj
                0x00003b60                PIN_INT0_DriverIRQHandler
 .text.PIN_INT1_DriverIRQHandler
                0x00003b72       0x12 CMakeFiles/new_project.elf.dir/C_/Users/Juan/test/sdks/trabajo_integrador_sdk/devices/LPC845/drivers/fsl_pint.c.obj
                0x00003b72                PIN_INT1_DriverIRQHandler
 .text.PIN_INT2_DriverIRQHandler
                0x00003b84       0x12 CMakeFiles/new_project.elf.dir/C_/Users/Juan/test/sdks/trabajo_integrador_sdk/devices/LPC845/drivers/fsl_pint.c.obj
                0x00003b84                PIN_INT2_DriverIRQHandler
 .text.PIN_INT3_DriverIRQHandler
                0x00003b96       0x12 CMakeFiles/new_project.elf.dir/C_/Users/Juan/test/sdks/trabajo_integrador_sdk/devices/LPC845/drivers/fsl_pint.c.obj
                0x00003b96                PIN_INT3_DriverIRQHandler
 .text.PIN_INT4_DriverIRQHandler
                0x00003ba8       0x12 CMakeFiles/new_project.elf.dir/C_/Users/Juan/test/sdks/trabajo_integrador_sdk/devices/LPC845/drivers/fsl_pint.c.obj
                0x00003ba8                PIN_INT4_DriverIRQHandler
 .text.PIN_INT5_DAC1_IRQHandler
                0x00003bba       0x12 CMakeFiles/new_project.elf.dir/C_/Users/Juan/test/sdks/trabajo_integrador_sdk/devices/LPC845/drivers/fsl_pint.c.obj
                0x00003bba                PIN_INT5_DAC1_IRQHandler
 .text.PIN_INT6_USART3_IRQHandler
                0x00003bcc       0x12 CMakeFiles/new_project.elf.dir/C_/Users/Juan/test/sdks/trabajo_integrador_sdk/devices/LPC845/drivers/fsl_pint.c.obj
                0x00003bcc                PIN_INT6_USART3_IRQHandler
 .text.PIN_INT7_USART4_IRQHandler
                0x00003bde       0x12 CMakeFiles/new_project.elf.dir/C_/Users/Juan/test/sdks/trabajo_integrador_sdk/devices/LPC845/drivers/fsl_pint.c.obj
                0x00003bde                PIN_INT7_USART4_IRQHandler
 .text.RESET_SetPeripheralReset
                0x00003bf0       0x7c CMakeFiles/new_project.elf.dir/C_/Users/Juan/test/sdks/trabajo_integrador_sdk/devices/LPC845/drivers/fsl_reset.c.obj
                0x00003bf0                RESET_SetPeripheralReset
 .text.RESET_ClearPeripheralReset
                0x00003c6c       0x78 CMakeFiles/new_project.elf.dir/C_/Users/Juan/test/sdks/trabajo_integrador_sdk/devices/LPC845/drivers/fsl_reset.c.obj
                0x00003c6c                RESET_ClearPeripheralReset
 .text.RESET_PeripheralReset
                0x00003ce4       0x20 CMakeFiles/new_project.elf.dir/C_/Users/Juan/test/sdks/trabajo_integrador_sdk/devices/LPC845/drivers/fsl_reset.c.obj
                0x00003ce4                RESET_PeripheralReset
 .text.CLOCK_EnableClock
                0x00003d04       0x54 CMakeFiles/new_project.elf.dir/C_/Users/Juan/test/sdks/trabajo_integrador_sdk/devices/LPC845/drivers/fsl_sctimer.c.obj
 .text.SCTIMER_StartTimer
                0x00003d58      0x108 CMakeFiles/new_project.elf.dir/C_/Users/Juan/test/sdks/trabajo_integrador_sdk/devices/LPC845/drivers/fsl_sctimer.c.obj
 .text.SCTIMER_StopTimer
                0x00003e60      0x104 CMakeFiles/new_project.elf.dir/C_/Users/Juan/test/sdks/trabajo_integrador_sdk/devices/LPC845/drivers/fsl_sctimer.c.obj
 .text.SCTIMER_SetupOutputSetAction
                0x00003f64       0x58 CMakeFiles/new_project.elf.dir/C_/Users/Juan/test/sdks/trabajo_integrador_sdk/devices/LPC845/drivers/fsl_sctimer.c.obj
 .text.SCTIMER_SetupOutputClearAction
                0x00003fbc       0x5c CMakeFiles/new_project.elf.dir/C_/Users/Juan/test/sdks/trabajo_integrador_sdk/devices/LPC845/drivers/fsl_sctimer.c.obj
 .text.SCTIMER_SetupCounterLimitAction
                0x00004018       0xdc CMakeFiles/new_project.elf.dir/C_/Users/Juan/test/sdks/trabajo_integrador_sdk/devices/LPC845/drivers/fsl_sctimer.c.obj
 .text.SCTIMER_GetInstance
                0x000040f4       0x5c CMakeFiles/new_project.elf.dir/C_/Users/Juan/test/sdks/trabajo_integrador_sdk/devices/LPC845/drivers/fsl_sctimer.c.obj
 .text.SCTIMER_Init
                0x00004150      0x154 CMakeFiles/new_project.elf.dir/C_/Users/Juan/test/sdks/trabajo_integrador_sdk/devices/LPC845/drivers/fsl_sctimer.c.obj
                0x00004150                SCTIMER_Init
 .text.SCTIMER_GetDefaultConfig
                0x000042a4       0x70 CMakeFiles/new_project.elf.dir/C_/Users/Juan/test/sdks/trabajo_integrador_sdk/devices/LPC845/drivers/fsl_sctimer.c.obj
                0x000042a4                SCTIMER_GetDefaultConfig
 .text.SCTIMER_SetupPwm
                0x00004314      0x304 CMakeFiles/new_project.elf.dir/C_/Users/Juan/test/sdks/trabajo_integrador_sdk/devices/LPC845/drivers/fsl_sctimer.c.obj
                0x00004314                SCTIMER_SetupPwm
 .text.SCTIMER_UpdatePwmDutycycle
                0x00004618      0x1b8 CMakeFiles/new_project.elf.dir/C_/Users/Juan/test/sdks/trabajo_integrador_sdk/devices/LPC845/drivers/fsl_sctimer.c.obj
                0x00004618                SCTIMER_UpdatePwmDutycycle
 .text.SCTIMER_CreateAndScheduleEvent
                0x000047d0      0x248 CMakeFiles/new_project.elf.dir/C_/Users/Juan/test/sdks/trabajo_integrador_sdk/devices/LPC845/drivers/fsl_sctimer.c.obj
                0x000047d0                SCTIMER_CreateAndScheduleEvent
 .text.SCTIMER_EventHandleIRQ
                0x00004a18       0x74 CMakeFiles/new_project.elf.dir/C_/Users/Juan/test/sdks/trabajo_integrador_sdk/devices/LPC845/drivers/fsl_sctimer.c.obj
                0x00004a18                SCTIMER_EventHandleIRQ
 .text.SCT0_DriverIRQHandler
                0x00004a8c       0x1c CMakeFiles/new_project.elf.dir/C_/Users/Juan/test/sdks/trabajo_integrador_sdk/devices/LPC845/drivers/fsl_sctimer.c.obj
                0x00004a8c                SCT0_DriverIRQHandler
 .text.SWM_SetMovablePinSelect
                0x00004aa8       0xa8 CMakeFiles/new_project.elf.dir/C_/Users/Juan/test/sdks/trabajo_integrador_sdk/devices/LPC845/drivers/fsl_swm.c.obj
                0x00004aa8                SWM_SetMovablePinSelect
 .text.SWM_SetFixedPinSelect
                0x00004b50       0xac CMakeFiles/new_project.elf.dir/C_/Users/Juan/test/sdks/trabajo_integrador_sdk/devices/LPC845/drivers/fsl_swm.c.obj
                0x00004b50                SWM_SetFixedPinSelect
 .text.fsl_assert_hook
                0x00004bfc       0x16 CMakeFiles/new_project.elf.dir/C_/Users/Juan/test/sdks/trabajo_integrador_sdk/devices/LPC845/utilities/debug_console_lite/fsl_assert.c.obj
                0x00004bfc                fsl_assert_hook
 *fill*         0x00004c12        0x2 
 .text.__assert_func
                0x00004c14       0x34 CMakeFiles/new_project.elf.dir/C_/Users/Juan/test/sdks/trabajo_integrador_sdk/devices/LPC845/utilities/debug_console_lite/fsl_assert.c.obj
                0x00004c14                __assert_func
 .text.DbgConsole_Init
                0x00004c48       0xa8 CMakeFiles/new_project.elf.dir/C_/Users/Juan/test/sdks/trabajo_integrador_sdk/devices/LPC845/utilities/debug_console_lite/fsl_debug_console.c.obj
                0x00004c48                DbgConsole_Init
 .text.DbgConsole_Printf
                0x00004cf0       0x32 CMakeFiles/new_project.elf.dir/C_/Users/Juan/test/sdks/trabajo_integrador_sdk/devices/LPC845/utilities/debug_console_lite/fsl_debug_console.c.obj
                0x00004cf0                DbgConsole_Printf
 *fill*         0x00004d22        0x2 
 .text.DbgConsole_Vprintf
                0x00004d24       0x40 CMakeFiles/new_project.elf.dir/C_/Users/Juan/test/sdks/trabajo_integrador_sdk/devices/LPC845/utilities/debug_console_lite/fsl_debug_console.c.obj
                0x00004d24                DbgConsole_Vprintf
 .text.DbgConsole_Putchar
                0x00004d64       0x30 CMakeFiles/new_project.elf.dir/C_/Users/Juan/test/sdks/trabajo_integrador_sdk/devices/LPC845/utilities/debug_console_lite/fsl_debug_console.c.obj
                0x00004d64                DbgConsole_Putchar
 .text.DbgConsole_PrintfPaddingCharacter
                0x00004d94       0x48 CMakeFiles/new_project.elf.dir/C_/Users/Juan/test/sdks/trabajo_integrador_sdk/devices/LPC845/utilities/debug_console_lite/fsl_debug_console.c.obj
 .text.DbgConsole_ConvertRadixNumToString
                0x00004ddc       0xc2 CMakeFiles/new_project.elf.dir/C_/Users/Juan/test/sdks/trabajo_integrador_sdk/devices/LPC845/utilities/debug_console_lite/fsl_debug_console.c.obj
 .text.DbgConsole_PrintfFormattedData
                0x00004e9e      0x3da CMakeFiles/new_project.elf.dir/C_/Users/Juan/test/sdks/trabajo_integrador_sdk/devices/LPC845/utilities/debug_console_lite/fsl_debug_console.c.obj
 .text.__muldi3
                0x00005278       0x5c C:/Users/Juan/.mcuxpressotools/arm-gnu-toolchain-13.2.Rel1-mingw-w64-i686-arm-none-eabi/bin/../lib/gcc/arm-none-eabi/13.2.1/thumb/v6-m/nofp\libgcc.a(_muldi3.o)
                0x00005278                __muldi3
                0x00005278                __aeabi_lmul
 .text.__fixunssfsi
                0x000052d4       0x30 C:/Users/Juan/.mcuxpressotools/arm-gnu-toolchain-13.2.Rel1-mingw-w64-i686-arm-none-eabi/bin/../lib/gcc/arm-none-eabi/13.2.1/thumb/v6-m/nofp\libgcc.a(_fixunssfsi.o)
                0x000052d4                __fixunssfsi
                0x000052d4                __aeabi_f2uiz
 .text.__fixunsdfsi
                0x00005304       0x3c C:/Users/Juan/.mcuxpressotools/arm-gnu-toolchain-13.2.Rel1-mingw-w64-i686-arm-none-eabi/bin/../lib/gcc/arm-none-eabi/13.2.1/thumb/v6-m/nofp\libgcc.a(_fixunsdfsi.o)
                0x00005304                __aeabi_d2uiz
                0x00005304                __fixunsdfsi
 .text.__udivmoddi4
                0x00005340      0x198 C:/Users/Juan/.mcuxpressotools/arm-gnu-toolchain-13.2.Rel1-mingw-w64-i686-arm-none-eabi/bin/../lib/gcc/arm-none-eabi/13.2.1/thumb/v6-m/nofp\libgcc.a(_udivmoddi4.o)
                0x00005340                __udivmoddi4
 .text.__aeabi_fsub
                0x000054d8      0x38c C:/Users/Juan/.mcuxpressotools/arm-gnu-toolchain-13.2.Rel1-mingw-w64-i686-arm-none-eabi/bin/../lib/gcc/arm-none-eabi/13.2.1/thumb/v6-m/nofp\libgcc.a(subsf3.o)
                0x000054d8                __aeabi_fsub
 .text.__aeabi_f2iz
                0x00005864       0x40 C:/Users/Juan/.mcuxpressotools/arm-gnu-toolchain-13.2.Rel1-mingw-w64-i686-arm-none-eabi/bin/../lib/gcc/arm-none-eabi/13.2.1/thumb/v6-m/nofp\libgcc.a(fixsfsi.o)
                0x00005864                __aeabi_f2iz
 .text.__aeabi_ddiv
                0x000058a4      0x604 C:/Users/Juan/.mcuxpressotools/arm-gnu-toolchain-13.2.Rel1-mingw-w64-i686-arm-none-eabi/bin/../lib/gcc/arm-none-eabi/13.2.1/thumb/v6-m/nofp\libgcc.a(divdf3.o)
                0x000058a4                __aeabi_ddiv
 .text.__aeabi_dmul
                0x00005ea8      0x598 C:/Users/Juan/.mcuxpressotools/arm-gnu-toolchain-13.2.Rel1-mingw-w64-i686-arm-none-eabi/bin/../lib/gcc/arm-none-eabi/13.2.1/thumb/v6-m/nofp\libgcc.a(muldf3.o)
                0x00005ea8                __aeabi_dmul
 .text.__aeabi_dsub
                0x00006440      0x710 C:/Users/Juan/.mcuxpressotools/arm-gnu-toolchain-13.2.Rel1-mingw-w64-i686-arm-none-eabi/bin/../lib/gcc/arm-none-eabi/13.2.1/thumb/v6-m/nofp\libgcc.a(subdf3.o)
                0x00006440                __aeabi_dsub
 .text.__aeabi_d2iz
                0x00006b50       0x78 C:/Users/Juan/.mcuxpressotools/arm-gnu-toolchain-13.2.Rel1-mingw-w64-i686-arm-none-eabi/bin/../lib/gcc/arm-none-eabi/13.2.1/thumb/v6-m/nofp\libgcc.a(fixdfsi.o)
                0x00006b50                __aeabi_d2iz
 .text.__aeabi_i2d
                0x00006bc8       0x5c C:/Users/Juan/.mcuxpressotools/arm-gnu-toolchain-13.2.Rel1-mingw-w64-i686-arm-none-eabi/bin/../lib/gcc/arm-none-eabi/13.2.1/thumb/v6-m/nofp\libgcc.a(floatsidf.o)
                0x00006bc8                __aeabi_i2d
 .text.__aeabi_d2f
                0x00006c24      0x10c C:/Users/Juan/.mcuxpressotools/arm-gnu-toolchain-13.2.Rel1-mingw-w64-i686-arm-none-eabi/bin/../lib/gcc/arm-none-eabi/13.2.1/thumb/v6-m/nofp\libgcc.a(truncdfsf2.o)
                0x00006c24                __aeabi_d2f
 .text.__eqsf2  0x00006d30       0x50 C:/Users/Juan/.mcuxpressotools/arm-gnu-toolchain-13.2.Rel1-mingw-w64-i686-arm-none-eabi/bin/../lib/gcc/arm-none-eabi/13.2.1/thumb/v6-m/nofp\libgcc.a(eqsf2.o)
                0x00006d30                __eqsf2
                0x00006d30                __nesf2
 .text.__gesf2  0x00006d80       0x94 C:/Users/Juan/.mcuxpressotools/arm-gnu-toolchain-13.2.Rel1-mingw-w64-i686-arm-none-eabi/bin/../lib/gcc/arm-none-eabi/13.2.1/thumb/v6-m/nofp\libgcc.a(gesf2.o)
                0x00006d80                __gesf2
                0x00006d80                __gtsf2
 .text.__lesf2  0x00006e14       0x90 C:/Users/Juan/.mcuxpressotools/arm-gnu-toolchain-13.2.Rel1-mingw-w64-i686-arm-none-eabi/bin/../lib/gcc/arm-none-eabi/13.2.1/thumb/v6-m/nofp\libgcc.a(lesf2.o)
                0x00006e14                __ltsf2
                0x00006e14                __lesf2
 .text.__eqdf2  0x00006ea4       0x88 C:/Users/Juan/.mcuxpressotools/arm-gnu-toolchain-13.2.Rel1-mingw-w64-i686-arm-none-eabi/bin/../lib/gcc/arm-none-eabi/13.2.1/thumb/v6-m/nofp\libgcc.a(eqdf2.o)
                0x00006ea4                __nedf2
                0x00006ea4                __eqdf2
 .text.__gedf2  0x00006f2c       0xe0 C:/Users/Juan/.mcuxpressotools/arm-gnu-toolchain-13.2.Rel1-mingw-w64-i686-arm-none-eabi/bin/../lib/gcc/arm-none-eabi/13.2.1/thumb/v6-m/nofp\libgcc.a(gedf2.o)
                0x00006f2c                __gedf2
                0x00006f2c                __gtdf2
 .text.__ledf2  0x0000700c       0xdc C:/Users/Juan/.mcuxpressotools/arm-gnu-toolchain-13.2.Rel1-mingw-w64-i686-arm-none-eabi/bin/../lib/gcc/arm-none-eabi/13.2.1/thumb/v6-m/nofp\libgcc.a(ledf2.o)
                0x0000700c                __ledf2
                0x0000700c                __ltdf2
 .text.exit     0x000070e8       0x28 C:/Users/Juan/.mcuxpressotools/arm-gnu-toolchain-13.2.Rel1-mingw-w64-i686-arm-none-eabi/bin/../lib/gcc/arm-none-eabi/13.2.1/thumb/v6-m/nofp\libc_nano.a(libc_a-exit.o)
                0x000070e8                exit
 .text.memset   0x00007110       0x10 C:/Users/Juan/.mcuxpressotools/arm-gnu-toolchain-13.2.Rel1-mingw-w64-i686-arm-none-eabi/bin/../lib/gcc/arm-none-eabi/13.2.1/thumb/v6-m/nofp\libc_nano.a(libc_a-memset.o)
                0x00007110                memset
 .text.__libc_init_array
                0x00007120       0x48 C:/Users/Juan/.mcuxpressotools/arm-gnu-toolchain-13.2.Rel1-mingw-w64-i686-arm-none-eabi/bin/../lib/gcc/arm-none-eabi/13.2.1/thumb/v6-m/nofp\libc_nano.a(libc_a-init.o)
                0x00007120                __libc_init_array
 .text.memcpy   0x00007168       0x12 C:/Users/Juan/.mcuxpressotools/arm-gnu-toolchain-13.2.Rel1-mingw-w64-i686-arm-none-eabi/bin/../lib/gcc/arm-none-eabi/13.2.1/thumb/v6-m/nofp\libc_nano.a(libc_a-memcpy-stub.o)
                0x00007168                memcpy
 .text._exit    0x0000717a        0x2 C:/Users/Juan/.mcuxpressotools/arm-gnu-toolchain-13.2.Rel1-mingw-w64-i686-arm-none-eabi/bin/../lib/gcc/arm-none-eabi/13.2.1/../../../../arm-none-eabi/lib/thumb/v6-m/nofp\libcr_newlib_nohost.a(_exit.o)
                0x0000717a                _exit
 .text.xQueueGenericReset
                0x0000717c      0x116 freertos/libfreertos.a(queue.c.obj)
                0x0000717c                xQueueGenericReset
 .text.xQueueGenericCreate
                0x00007292       0xbe freertos/libfreertos.a(queue.c.obj)
                0x00007292                xQueueGenericCreate
 .text.prvInitialiseNewQueue
                0x00007350       0x4e freertos/libfreertos.a(queue.c.obj)
 .text.xQueueCreateCountingSemaphore
                0x0000739e       0x50 freertos/libfreertos.a(queue.c.obj)
                0x0000739e                xQueueCreateCountingSemaphore
 .text.xQueueGenericSend
                0x000073ee      0x172 freertos/libfreertos.a(queue.c.obj)
                0x000073ee                xQueueGenericSend
 .text.xQueueGenericSendFromISR
                0x00007560      0x114 freertos/libfreertos.a(queue.c.obj)
                0x00007560                xQueueGenericSendFromISR
 .text.xQueueSemaphoreTake
                0x00007674      0x192 freertos/libfreertos.a(queue.c.obj)
                0x00007674                xQueueSemaphoreTake
 .text.xQueuePeek
                0x00007806      0x156 freertos/libfreertos.a(queue.c.obj)
                0x00007806                xQueuePeek
 .text.uxQueueMessagesWaiting
                0x0000795c       0x2c freertos/libfreertos.a(queue.c.obj)
                0x0000795c                uxQueueMessagesWaiting
 .text.prvGetDisinheritPriorityAfterTimeout
                0x00007988       0x2c freertos/libfreertos.a(queue.c.obj)
 .text.prvCopyDataToQueue
                0x000079b4       0xd6 freertos/libfreertos.a(queue.c.obj)
 .text.prvCopyDataFromQueue
                0x00007a8a       0x4c freertos/libfreertos.a(queue.c.obj)
 .text.prvUnlockQueue
                0x00007ad6       0xbc freertos/libfreertos.a(queue.c.obj)
 .text.prvIsQueueEmpty
                0x00007b92       0x2c freertos/libfreertos.a(queue.c.obj)
 .text.prvIsQueueFull
                0x00007bbe       0x30 freertos/libfreertos.a(queue.c.obj)
 .text.prvCreateTask
                0x00007bee       0x82 freertos/libfreertos.a(tasks.c.obj)
 .text.xTaskCreate
                0x00007c70       0x4c freertos/libfreertos.a(tasks.c.obj)
                0x00007c70                xTaskCreate
 .text.prvInitialiseNewTask
                0x00007cbc      0x108 freertos/libfreertos.a(tasks.c.obj)
 .text.prvAddNewTaskToReadyList
                0x00007dc4      0x120 freertos/libfreertos.a(tasks.c.obj)
 .text.vTaskDelete
                0x00007ee4       0xec freertos/libfreertos.a(tasks.c.obj)
                0x00007ee4                vTaskDelete
 .text.vTaskDelay
                0x00007fd0       0x4c freertos/libfreertos.a(tasks.c.obj)
                0x00007fd0                vTaskDelay
 .text.prvCreateIdleTasks
                0x0000801c       0x98 freertos/libfreertos.a(tasks.c.obj)
 .text.vTaskStartScheduler
                0x000080b4       0x58 freertos/libfreertos.a(tasks.c.obj)
                0x000080b4                vTaskStartScheduler
 .text.vTaskSuspendAll
                0x0000810c       0x18 freertos/libfreertos.a(tasks.c.obj)
                0x0000810c                vTaskSuspendAll
 .text.prvGetExpectedIdleTime
                0x00008124       0x70 freertos/libfreertos.a(tasks.c.obj)
 .text.xTaskResumeAll
                0x00008194      0x1ec freertos/libfreertos.a(tasks.c.obj)
                0x00008194                xTaskResumeAll
 .text.xTaskGetTickCount
                0x00008380       0x1c freertos/libfreertos.a(tasks.c.obj)
                0x00008380                xTaskGetTickCount
 .text.uxTaskGetNumberOfTasks
                0x0000839c       0x14 freertos/libfreertos.a(tasks.c.obj)
                0x0000839c                uxTaskGetNumberOfTasks
 .text.vTaskStepTick
                0x000083b0       0x84 freertos/libfreertos.a(tasks.c.obj)
                0x000083b0                vTaskStepTick
 .text.xTaskIncrementTick
                0x00008434      0x21c freertos/libfreertos.a(tasks.c.obj)
                0x00008434                xTaskIncrementTick
 .text.vTaskSwitchContext
                0x00008650       0xa8 freertos/libfreertos.a(tasks.c.obj)
                0x00008650                vTaskSwitchContext
 .text.vTaskPlaceOnEventList
                0x000086f8       0x40 freertos/libfreertos.a(tasks.c.obj)
                0x000086f8                vTaskPlaceOnEventList
 .text.xTaskRemoveFromEventList
                0x00008738      0x1a0 freertos/libfreertos.a(tasks.c.obj)
                0x00008738                xTaskRemoveFromEventList
 .text.vTaskInternalSetTimeOutState
                0x000088d8       0x28 freertos/libfreertos.a(tasks.c.obj)
                0x000088d8                vTaskInternalSetTimeOutState
 .text.xTaskCheckForTimeOut
                0x00008900       0xac freertos/libfreertos.a(tasks.c.obj)
                0x00008900                xTaskCheckForTimeOut
 .text.vTaskMissedYield
                0x000089ac       0x14 freertos/libfreertos.a(tasks.c.obj)
                0x000089ac                vTaskMissedYield
 .text.prvIdleTask
                0x000089c0       0x64 freertos/libfreertos.a(tasks.c.obj)
 .text.eTaskConfirmSleepModeStatus
                0x00008a24       0x78 freertos/libfreertos.a(tasks.c.obj)
                0x00008a24                eTaskConfirmSleepModeStatus
 .text.prvInitialiseTaskLists
                0x00008a9c       0x88 freertos/libfreertos.a(tasks.c.obj)
 .text.prvCheckTasksWaitingTermination
                0x00008b24       0x5c freertos/libfreertos.a(tasks.c.obj)
 .text.prvDeleteTCB
                0x00008b80       0x22 freertos/libfreertos.a(tasks.c.obj)
 *fill*         0x00008ba2        0x2 
 .text.prvResetNextTaskUnblockTime
                0x00008ba4       0x34 freertos/libfreertos.a(tasks.c.obj)
 .text.xTaskPriorityInherit
                0x00008bd8      0x124 freertos/libfreertos.a(tasks.c.obj)
                0x00008bd8                xTaskPriorityInherit
 .text.xTaskPriorityDisinherit
                0x00008cfc      0x10c freertos/libfreertos.a(tasks.c.obj)
                0x00008cfc                xTaskPriorityDisinherit
 .text.vTaskPriorityDisinheritAfterTimeout
                0x00008e08      0x134 freertos/libfreertos.a(tasks.c.obj)
                0x00008e08                vTaskPriorityDisinheritAfterTimeout
 .text.pvTaskIncrementMutexHeldCount
                0x00008f3c       0x2c freertos/libfreertos.a(tasks.c.obj)
                0x00008f3c                pvTaskIncrementMutexHeldCount
 .text.prvAddCurrentTaskToDelayedList
                0x00008f68       0xe4 freertos/libfreertos.a(tasks.c.obj)
 .text.pvPortMalloc
                0x0000904c      0x140 freertos/libfreertos.a(heap_2.c.obj)
                0x0000904c                pvPortMalloc
 .text.vPortFree
                0x0000918c       0xac freertos/libfreertos.a(heap_2.c.obj)
                0x0000918c                vPortFree
 .text.prvHeapInit
                0x00009238       0x50 freertos/libfreertos.a(heap_2.c.obj)
 .text.pxPortInitialiseStack
                0x00009288       0x54 freertos/libfreertos.a(port.c.obj)
                0x00009288                pxPortInitialiseStack
 .text.prvTaskExitError
                0x000092dc       0x30 freertos/libfreertos.a(port.c.obj)
 .text.SVC_Handler
                0x0000930c        0xa freertos/libfreertos.a(port.c.obj)
                0x0000930c                SVC_Handler
 *fill*         0x00009316        0xa 
 .text.vPortStartFirstTask
                0x00009320       0x38 freertos/libfreertos.a(port.c.obj)
 .text.xPortStartScheduler
                0x00009358       0x48 freertos/libfreertos.a(port.c.obj)
                0x00009358                xPortStartScheduler
 .text.vPortYield
                0x000093a0       0x20 freertos/libfreertos.a(port.c.obj)
                0x000093a0                vPortYield
 .text.vPortEnterCritical
                0x000093c0       0x24 freertos/libfreertos.a(port.c.obj)
                0x000093c0                vPortEnterCritical
 .text.vPortExitCritical
                0x000093e4       0x30 freertos/libfreertos.a(port.c.obj)
                0x000093e4                vPortExitCritical
 .text.ulSetInterruptMaskFromISR
                0x00009414        0xc freertos/libfreertos.a(port.c.obj)
                0x00009414                ulSetInterruptMaskFromISR
 .text.vClearInterruptMaskFromISR
                0x00009420        0x8 freertos/libfreertos.a(port.c.obj)
                0x00009420                vClearInterruptMaskFromISR
 *fill*         0x00009428        0x8 
 .text.PendSV_Handler
                0x00009430       0x48 freertos/libfreertos.a(port.c.obj)
                0x00009430                PendSV_Handler
 .text.SysTick_Handler
                0x00009478       0x34 freertos/libfreertos.a(port.c.obj)
                0x00009478                SysTick_Handler
 .text.vPortSetupTimerInterrupt
                0x000094ac       0x84 freertos/libfreertos.a(port.c.obj)
                0x000094ac                vPortSetupTimerInterrupt
 .text.vPortSuppressTicksAndSleep
                0x00009530      0x194 freertos/libfreertos.a(port.c.obj)
                0x00009530                vPortSuppressTicksAndSleep
 .text.vListInitialise
                0x000096c4       0x3c freertos/libfreertos.a(list.c.obj)
                0x000096c4                vListInitialise
 .text.vListInitialiseItem
                0x00009700       0x16 freertos/libfreertos.a(list.c.obj)
                0x00009700                vListInitialiseItem
 .text.vListInsertEnd
                0x00009716       0x44 freertos/libfreertos.a(list.c.obj)
                0x00009716                vListInsertEnd
 .text.vListInsert
                0x0000975a       0x6c freertos/libfreertos.a(list.c.obj)
                0x0000975a                vListInsert
 .text.uxListRemove
                0x000097c6       0x50 freertos/libfreertos.a(list.c.obj)
                0x000097c6                uxListRemove
 *(.rodata)
 *fill*         0x00009816        0x2 
 .rodata        0x00009818       0xa3 CMakeFiles/new_project.elf.dir/C_/Users/Juan/test/trabajo_integrador/main.c.obj
 *fill*         0x000098bb        0x1 
 .rodata        0x000098bc       0x4a CMakeFiles/new_project.elf.dir/C_/Users/Juan/test/trabajo_integrador/board.c.obj
 *fill*         0x00009906        0x2 
 .rodata        0x00009908       0x5e CMakeFiles/new_project.elf.dir/C_/Users/Juan/test/trabajo_integrador/clock_config.c.obj
 *fill*         0x00009966        0x2 
 .rodata        0x00009968       0xc2 CMakeFiles/new_project.elf.dir/C_/Users/Juan/test/trabajo_integrador/app_tasks.c.obj
 *fill*         0x00009a2a        0x2 
 .rodata        0x00009a2c      0x1c8 CMakeFiles/new_project.elf.dir/C_/Users/Juan/test/trabajo_integrador/wrappers.c.obj
 .rodata        0x00009bf4       0xf3 CMakeFiles/new_project.elf.dir/C_/Users/Juan/test/sdks/trabajo_integrador_sdk/components/uart/fsl_adapter_miniusart.c.obj
 *fill*         0x00009ce7        0x1 
 .rodata        0x00009ce8       0xb4 CMakeFiles/new_project.elf.dir/C_/Users/Juan/test/sdks/trabajo_integrador_sdk/devices/LPC845/drivers/fsl_clock.c.obj
 .rodata        0x00009d9c       0x6b CMakeFiles/new_project.elf.dir/C_/Users/Juan/test/sdks/trabajo_integrador_sdk/devices/LPC845/drivers/fsl_common_arm.c.obj
 *fill*         0x00009e07        0x1 
 .rodata        0x00009e08       0xbc CMakeFiles/new_project.elf.dir/C_/Users/Juan/test/sdks/trabajo_integrador_sdk/devices/LPC845/drivers/fsl_adc.c.obj
 .rodata        0x00009ec4       0x75 CMakeFiles/new_project.elf.dir/C_/Users/Juan/test/sdks/trabajo_integrador_sdk/devices/LPC845/drivers/fsl_gpio.c.obj
 *fill*         0x00009f39        0x3 
 .rodata        0x00009f3c      0x168 CMakeFiles/new_project.elf.dir/C_/Users/Juan/test/sdks/trabajo_integrador_sdk/devices/LPC845/drivers/fsl_i2c.c.obj
 .rodata        0x0000a0a4      0x293 CMakeFiles/new_project.elf.dir/C_/Users/Juan/test/sdks/trabajo_integrador_sdk/devices/LPC845/drivers/fsl_usart.c.obj
 *fill*         0x0000a337        0x1 
 .rodata        0x0000a338       0x62 CMakeFiles/new_project.elf.dir/C_/Users/Juan/test/sdks/trabajo_integrador_sdk/devices/LPC845/drivers/fsl_reset.c.obj
 *fill*         0x0000a39a        0x2 
 .rodata        0x0000a39c      0x257 CMakeFiles/new_project.elf.dir/C_/Users/Juan/test/sdks/trabajo_integrador_sdk/devices/LPC845/drivers/fsl_sctimer.c.obj
 *fill*         0x0000a5f3        0x1 
 .rodata        0x0000a5f4       0x7e CMakeFiles/new_project.elf.dir/C_/Users/Juan/test/sdks/trabajo_integrador_sdk/devices/LPC845/drivers/fsl_swm.c.obj
 *fill*         0x0000a672        0x2 
 .rodata        0x0000a674       0x3e CMakeFiles/new_project.elf.dir/C_/Users/Juan/test/sdks/trabajo_integrador_sdk/devices/LPC845/utilities/debug_console_lite/fsl_assert.c.obj
 *fill*         0x0000a6b2        0x2 
 .rodata        0x0000a6b4        0x5 freertos/libfreertos.a(tasks.c.obj)
 *(.rodata*)
 *fill*         0x0000a6b9        0x3 
 .rodata.__func__.0
                0x0000a6bc       0x17 CMakeFiles/new_project.elf.dir/C_/Users/Juan/test/trabajo_integrador/board.c.obj
 *fill*         0x0000a6d3        0x1 
 .rodata.__func__.0
                0x0000a6d4       0x17 CMakeFiles/new_project.elf.dir/C_/Users/Juan/test/trabajo_integrador/clock_config.c.obj
 *fill*         0x0000a6eb        0x1 
 .rodata.__func__.0
                0x0000a6ec       0x13 CMakeFiles/new_project.elf.dir/C_/Users/Juan/test/trabajo_integrador/wrappers.c.obj
 *fill*         0x0000a6ff        0x1 
 .rodata.s_UsartAdapterBase
                0x0000a700       0x14 CMakeFiles/new_project.elf.dir/C_/Users/Juan/test/sdks/trabajo_integrador_sdk/components/uart/fsl_adapter_miniusart.c.obj
 .rodata.__func__.5
                0x0000a714        0xd CMakeFiles/new_project.elf.dir/C_/Users/Juan/test/sdks/trabajo_integrador_sdk/components/uart/fsl_adapter_miniusart.c.obj
 *fill*         0x0000a721        0x3 
 .rodata.__func__.3
                0x0000a724       0x18 CMakeFiles/new_project.elf.dir/C_/Users/Juan/test/sdks/trabajo_integrador_sdk/components/uart/fsl_adapter_miniusart.c.obj
 .rodata.__func__.2
                0x0000a73c       0x15 CMakeFiles/new_project.elf.dir/C_/Users/Juan/test/sdks/trabajo_integrador_sdk/components/uart/fsl_adapter_miniusart.c.obj
 *fill*         0x0000a751        0x3 
 .rodata.CLOCK_GetFreq
                0x0000a754       0x24 CMakeFiles/new_project.elf.dir/C_/Users/Juan/test/sdks/trabajo_integrador_sdk/devices/LPC845/drivers/fsl_clock.c.obj
 .rodata.__func__.2
                0x0000a778       0x13 CMakeFiles/new_project.elf.dir/C_/Users/Juan/test/sdks/trabajo_integrador_sdk/devices/LPC845/drivers/fsl_clock.c.obj
 *fill*         0x0000a78b        0x1 
 .rodata.__func__.0
                0x0000a78c       0x13 CMakeFiles/new_project.elf.dir/C_/Users/Juan/test/sdks/trabajo_integrador_sdk/devices/LPC845/drivers/fsl_common_arm.c.obj
 *fill*         0x0000a79f        0x1 
 .rodata.__func__.7
                0x0000a7a0       0x10 CMakeFiles/new_project.elf.dir/C_/Users/Juan/test/sdks/trabajo_integrador_sdk/devices/LPC845/drivers/fsl_adc.c.obj
 .rodata.__func__.6
                0x0000a7b0        0x9 CMakeFiles/new_project.elf.dir/C_/Users/Juan/test/sdks/trabajo_integrador_sdk/devices/LPC845/drivers/fsl_adc.c.obj
 *fill*         0x0000a7b9        0x3 
 .rodata.__func__.5
                0x0000a7bc       0x16 CMakeFiles/new_project.elf.dir/C_/Users/Juan/test/sdks/trabajo_integrador_sdk/devices/LPC845/drivers/fsl_adc.c.obj
 *fill*         0x0000a7d2        0x2 
 .rodata.__func__.4
                0x0000a7d4       0x16 CMakeFiles/new_project.elf.dir/C_/Users/Juan/test/sdks/trabajo_integrador_sdk/devices/LPC845/drivers/fsl_adc.c.obj
 *fill*         0x0000a7ea        0x2 
 .rodata.__func__.0
                0x0000a7ec       0x1f CMakeFiles/new_project.elf.dir/C_/Users/Juan/test/sdks/trabajo_integrador_sdk/devices/LPC845/drivers/fsl_adc.c.obj
 *fill*         0x0000a80b        0x1 
 .rodata.s_gpioClockName
                0x0000a80c        0x4 CMakeFiles/new_project.elf.dir/C_/Users/Juan/test/sdks/trabajo_integrador_sdk/devices/LPC845/drivers/fsl_gpio.c.obj
 .rodata.s_gpioResets
                0x0000a810        0x8 CMakeFiles/new_project.elf.dir/C_/Users/Juan/test/sdks/trabajo_integrador_sdk/devices/LPC845/drivers/fsl_gpio.c.obj
 .rodata.__func__.0
                0x0000a818       0x15 CMakeFiles/new_project.elf.dir/C_/Users/Juan/test/sdks/trabajo_integrador_sdk/devices/LPC845/drivers/fsl_gpio.c.obj
 *fill*         0x0000a82d        0x3 
 .rodata.s_i2cBases
                0x0000a830       0x10 CMakeFiles/new_project.elf.dir/C_/Users/Juan/test/sdks/trabajo_integrador_sdk/devices/LPC845/drivers/fsl_i2c.c.obj
 .rodata.s_i2cClocks
                0x0000a840        0x8 CMakeFiles/new_project.elf.dir/C_/Users/Juan/test/sdks/trabajo_integrador_sdk/devices/LPC845/drivers/fsl_i2c.c.obj
 .rodata.s_i2cResets
                0x0000a848       0x10 CMakeFiles/new_project.elf.dir/C_/Users/Juan/test/sdks/trabajo_integrador_sdk/devices/LPC845/drivers/fsl_i2c.c.obj
 .rodata.__func__.13
                0x0000a858       0x10 CMakeFiles/new_project.elf.dir/C_/Users/Juan/test/sdks/trabajo_integrador_sdk/devices/LPC845/drivers/fsl_i2c.c.obj
 .rodata.__func__.12
                0x0000a868       0x16 CMakeFiles/new_project.elf.dir/C_/Users/Juan/test/sdks/trabajo_integrador_sdk/devices/LPC845/drivers/fsl_i2c.c.obj
 *fill*         0x0000a87e        0x2 
 .rodata.__func__.11
                0x0000a880       0x18 CMakeFiles/new_project.elf.dir/C_/Users/Juan/test/sdks/trabajo_integrador_sdk/devices/LPC845/drivers/fsl_i2c.c.obj
 .rodata.__func__.10
                0x0000a898       0x17 CMakeFiles/new_project.elf.dir/C_/Users/Juan/test/sdks/trabajo_integrador_sdk/devices/LPC845/drivers/fsl_i2c.c.obj
 *fill*         0x0000a8af        0x1 
 .rodata.s_usartBaseAddrs
                0x0000a8b0       0x14 CMakeFiles/new_project.elf.dir/C_/Users/Juan/test/sdks/trabajo_integrador_sdk/devices/LPC845/drivers/fsl_usart.c.obj
 .rodata.s_usartClock
                0x0000a8c4        0xa CMakeFiles/new_project.elf.dir/C_/Users/Juan/test/sdks/trabajo_integrador_sdk/devices/LPC845/drivers/fsl_usart.c.obj
 *fill*         0x0000a8ce        0x2 
 .rodata.s_usartRest
                0x0000a8d0       0x14 CMakeFiles/new_project.elf.dir/C_/Users/Juan/test/sdks/trabajo_integrador_sdk/devices/LPC845/drivers/fsl_usart.c.obj
 .rodata.__func__.18
                0x0000a8e4       0x12 CMakeFiles/new_project.elf.dir/C_/Users/Juan/test/sdks/trabajo_integrador_sdk/devices/LPC845/drivers/fsl_usart.c.obj
 *fill*         0x0000a8f6        0x2 
 .rodata.__func__.13
                0x0000a8f8        0xb CMakeFiles/new_project.elf.dir/C_/Users/Juan/test/sdks/trabajo_integrador_sdk/devices/LPC845/drivers/fsl_usart.c.obj
 *fill*         0x0000a903        0x1 
 .rodata.__func__.11
                0x0000a904       0x17 CMakeFiles/new_project.elf.dir/C_/Users/Juan/test/sdks/trabajo_integrador_sdk/devices/LPC845/drivers/fsl_usart.c.obj
 *fill*         0x0000a91b        0x1 
 .rodata.__func__.10
                0x0000a91c       0x12 CMakeFiles/new_project.elf.dir/C_/Users/Juan/test/sdks/trabajo_integrador_sdk/devices/LPC845/drivers/fsl_usart.c.obj
 *fill*         0x0000a92e        0x2 
 .rodata.__func__.9
                0x0000a930       0x14 CMakeFiles/new_project.elf.dir/C_/Users/Juan/test/sdks/trabajo_integrador_sdk/devices/LPC845/drivers/fsl_usart.c.obj
 .rodata.__func__.8
                0x0000a944       0x13 CMakeFiles/new_project.elf.dir/C_/Users/Juan/test/sdks/trabajo_integrador_sdk/devices/LPC845/drivers/fsl_usart.c.obj
 *fill*         0x0000a957        0x1 
 .rodata.__func__.1
                0x0000a958       0x19 CMakeFiles/new_project.elf.dir/C_/Users/Juan/test/sdks/trabajo_integrador_sdk/devices/LPC845/drivers/fsl_reset.c.obj
 *fill*         0x0000a971        0x3 
 .rodata.__func__.0
                0x0000a974       0x1b CMakeFiles/new_project.elf.dir/C_/Users/Juan/test/sdks/trabajo_integrador_sdk/devices/LPC845/drivers/fsl_reset.c.obj
 *fill*         0x0000a98f        0x1 
 .rodata.__func__.10
                0x0000a990       0x14 CMakeFiles/new_project.elf.dir/C_/Users/Juan/test/sdks/trabajo_integrador_sdk/devices/LPC845/drivers/fsl_sctimer.c.obj
 .rodata.__func__.9
                0x0000a9a4        0xd CMakeFiles/new_project.elf.dir/C_/Users/Juan/test/sdks/trabajo_integrador_sdk/devices/LPC845/drivers/fsl_sctimer.c.obj
 *fill*         0x0000a9b1        0x3 
 .rodata.__func__.8
                0x0000a9b4       0x19 CMakeFiles/new_project.elf.dir/C_/Users/Juan/test/sdks/trabajo_integrador_sdk/devices/LPC845/drivers/fsl_sctimer.c.obj
 *fill*         0x0000a9cd        0x3 
 .rodata.__func__.7
                0x0000a9d0       0x11 CMakeFiles/new_project.elf.dir/C_/Users/Juan/test/sdks/trabajo_integrador_sdk/devices/LPC845/drivers/fsl_sctimer.c.obj
 *fill*         0x0000a9e1        0x3 
 .rodata.__func__.6
                0x0000a9e4       0x20 CMakeFiles/new_project.elf.dir/C_/Users/Juan/test/sdks/trabajo_integrador_sdk/devices/LPC845/drivers/fsl_sctimer.c.obj
 .rodata.__func__.5
                0x0000aa04       0x1f CMakeFiles/new_project.elf.dir/C_/Users/Juan/test/sdks/trabajo_integrador_sdk/devices/LPC845/drivers/fsl_sctimer.c.obj
 *fill*         0x0000aa23        0x1 
 .rodata.__func__.4
                0x0000aa24       0x1d CMakeFiles/new_project.elf.dir/C_/Users/Juan/test/sdks/trabajo_integrador_sdk/devices/LPC845/drivers/fsl_sctimer.c.obj
 *fill*         0x0000aa41        0x3 
 .rodata.__func__.3
                0x0000aa44       0x1b CMakeFiles/new_project.elf.dir/C_/Users/Juan/test/sdks/trabajo_integrador_sdk/devices/LPC845/drivers/fsl_sctimer.c.obj
 *fill*         0x0000aa5f        0x1 
 .rodata.__func__.2
                0x0000aa60       0x12 CMakeFiles/new_project.elf.dir/C_/Users/Juan/test/sdks/trabajo_integrador_sdk/devices/LPC845/drivers/fsl_sctimer.c.obj
 *fill*         0x0000aa72        0x2 
 .rodata.__func__.1
                0x0000aa74       0x13 CMakeFiles/new_project.elf.dir/C_/Users/Juan/test/sdks/trabajo_integrador_sdk/devices/LPC845/drivers/fsl_sctimer.c.obj
 *fill*         0x0000aa87        0x1 
 .rodata.__func__.1
                0x0000aa88       0x18 CMakeFiles/new_project.elf.dir/C_/Users/Juan/test/sdks/trabajo_integrador_sdk/devices/LPC845/drivers/fsl_swm.c.obj
 .rodata.__func__.0
                0x0000aaa0       0x16 CMakeFiles/new_project.elf.dir/C_/Users/Juan/test/sdks/trabajo_integrador_sdk/devices/LPC845/drivers/fsl_swm.c.obj
 *fill*         0x0000aab6        0x2 
 .rodata.__aeabi_ddiv
                0x0000aab8       0x40 C:/Users/Juan/.mcuxpressotools/arm-gnu-toolchain-13.2.Rel1-mingw-w64-i686-arm-none-eabi/bin/../lib/gcc/arm-none-eabi/13.2.1/thumb/v6-m/nofp\libgcc.a(divdf3.o)
 .rodata.uxTopUsedPriority
                0x0000aaf8        0x4 freertos/libfreertos.a(tasks.c.obj)
 *(.glue_7)
 .glue_7        0x0000aafc        0x0 linker stubs
 *(.glue_7t)
 .glue_7t       0x0000aafc        0x0 linker stubs
 *(.eh_frame)
 .eh_frame      0x0000aafc        0x0 C:/Users/Juan/.mcuxpressotools/arm-gnu-toolchain-13.2.Rel1-mingw-w64-i686-arm-none-eabi/bin/../lib/gcc/arm-none-eabi/13.2.1/thumb/v6-m/nofp/crtbegin.o
 *(.init)
 .init          0x0000aafc        0x4 C:/Users/Juan/.mcuxpressotools/arm-gnu-toolchain-13.2.Rel1-mingw-w64-i686-arm-none-eabi/bin/../lib/gcc/arm-none-eabi/13.2.1/thumb/v6-m/nofp/crti.o
                0x0000aafc                _init
 .init          0x0000ab00        0x8 C:/Users/Juan/.mcuxpressotools/arm-gnu-toolchain-13.2.Rel1-mingw-w64-i686-arm-none-eabi/bin/../lib/gcc/arm-none-eabi/13.2.1/thumb/v6-m/nofp/crtn.o
 *(.fini)
 .fini          0x0000ab08        0x4 C:/Users/Juan/.mcuxpressotools/arm-gnu-toolchain-13.2.Rel1-mingw-w64-i686-arm-none-eabi/bin/../lib/gcc/arm-none-eabi/13.2.1/thumb/v6-m/nofp/crti.o
                0x0000ab08                _fini
 .fini          0x0000ab0c        0x8 C:/Users/Juan/.mcuxpressotools/arm-gnu-toolchain-13.2.Rel1-mingw-w64-i686-arm-none-eabi/bin/../lib/gcc/arm-none-eabi/13.2.1/thumb/v6-m/nofp/crtn.o
                0x0000ab14                        . = ALIGN (0x4)

.vfp11_veneer   0x0000ab14        0x0
 .vfp11_veneer  0x0000ab14        0x0 linker stubs

.v4_bx          0x0000ab14        0x0
 .v4_bx         0x0000ab14        0x0 linker stubs

.iplt           0x0000ab14        0x0
 .iplt          0x0000ab14        0x0 C:/Users/Juan/.mcuxpressotools/arm-gnu-toolchain-13.2.Rel1-mingw-w64-i686-arm-none-eabi/bin/../lib/gcc/arm-none-eabi/13.2.1/thumb/v6-m/nofp/crtbegin.o

.ARM.extab
 *(.ARM.extab* .gnu.linkonce.armextab.*)

.ARM            0x0000ab14        0x8
                0x0000ab14                        __exidx_start = .
 *(.ARM.exidx*)
 .ARM.exidx     0x0000ab14        0x8 C:/Users/Juan/.mcuxpressotools/arm-gnu-toolchain-13.2.Rel1-mingw-w64-i686-arm-none-eabi/bin/../lib/gcc/arm-none-eabi/13.2.1/thumb/v6-m/nofp/crt0.o
                                 0x10 (size before relaxing)
 .ARM.exidx.text.__udivmoddi4
                0x0000ab1c        0x0 C:/Users/Juan/.mcuxpressotools/arm-gnu-toolchain-13.2.Rel1-mingw-w64-i686-arm-none-eabi/bin/../lib/gcc/arm-none-eabi/13.2.1/thumb/v6-m/nofp\libgcc.a(_udivmoddi4.o)
                                  0x8 (size before relaxing)
                0x0000ab1c                        __exidx_end = .

.rel.dyn        0x0000ab1c        0x0
 .rel.iplt      0x0000ab1c        0x0 C:/Users/Juan/.mcuxpressotools/arm-gnu-toolchain-13.2.Rel1-mingw-w64-i686-arm-none-eabi/bin/../lib/gcc/arm-none-eabi/13.2.1/thumb/v6-m/nofp/crtbegin.o

.ctors          0x0000ab1c        0x0
                0x0000ab1c                        __CTOR_LIST__ = .
 *crtbegin.o(.ctors)
 *crtbegin?.o(.ctors)
 *(EXCLUDE_FILE(*crtend.o *crtend?.o) .ctors)
 *(SORT_BY_NAME(.ctors.*))
 *(.ctors)
                0x0000ab1c                        __CTOR_END__ = .

.dtors          0x0000ab1c        0x0
                0x0000ab1c                        __DTOR_LIST__ = .
 *crtbegin.o(.dtors)
 *crtbegin?.o(.dtors)
 *(EXCLUDE_FILE(*crtend.o *crtend?.o) .dtors)
 *(SORT_BY_NAME(.dtors.*))
 *(.dtors)
                0x0000ab1c                        __DTOR_END__ = .

.preinit_array  0x0000ab1c        0x0
                0x0000ab1c                        PROVIDE (__preinit_array_start = .)
 *(.preinit_array*)
                0x0000ab1c                        PROVIDE (__preinit_array_end = .)

.init_array     0x0000ab1c        0x4
                0x0000ab1c                        PROVIDE (__init_array_start = .)
 *(SORT_BY_NAME(.init_array.*))
 *(.init_array*)
 .init_array    0x0000ab1c        0x4 C:/Users/Juan/.mcuxpressotools/arm-gnu-toolchain-13.2.Rel1-mingw-w64-i686-arm-none-eabi/bin/../lib/gcc/arm-none-eabi/13.2.1/thumb/v6-m/nofp/crtbegin.o
                0x0000ab20                        PROVIDE (__init_array_end = .)

.fini_array     0x0000ab20        0x4
                [!provide]                        PROVIDE (__fini_array_start = .)
 *(SORT_BY_NAME(.fini_array.*))
 *(.fini_array*)
 .fini_array    0x0000ab20        0x4 C:/Users/Juan/.mcuxpressotools/arm-gnu-toolchain-13.2.Rel1-mingw-w64-i686-arm-none-eabi/bin/../lib/gcc/arm-none-eabi/13.2.1/thumb/v6-m/nofp/crtbegin.o
                [!provide]                        PROVIDE (__fini_array_end = .)
                0x0000ab24                        __etext = .
                0x0000ab24                        __DATA_ROM = .

.data           0x10000000        0xc load address 0x0000ab24
                0x10000000                        . = ALIGN (0x4)
                0x10000000                        __DATA_RAM = .
                0x10000000                        __data_start__ = .
 *(.ramfunc*)
 *(.data)
 *(.data*)
 .data.SystemCoreClock
                0x10000000        0x4 CMakeFiles/new_project.elf.dir/C_/Users/Juan/test/sdks/trabajo_integrador_sdk/devices/LPC845/system_LPC845.c.obj
                0x10000000                SystemCoreClock
 .data.xFreeBytesRemaining
                0x10000004        0x4 freertos/libfreertos.a(heap_2.c.obj)
 .data.uxCriticalNesting
                0x10000008        0x4 freertos/libfreertos.a(port.c.obj)
 *(.jcr*)
                0x1000000c                        . = ALIGN (0x4)
                0x1000000c                        __data_end__ = .
                0x0000ab30                        __DATA_END = (__DATA_ROM + (__data_end__ - __data_start__))
                0x00010000                        text_end = (ORIGIN (m_text) + LENGTH (m_text))
                0x00000001                        ASSERT ((__DATA_END <= text_end), region m_text overflowed with text and data)

.tm_clone_table
                0x1000000c        0x0 load address 0x0000ab30
 .tm_clone_table
                0x1000000c        0x0 C:/Users/Juan/.mcuxpressotools/arm-gnu-toolchain-13.2.Rel1-mingw-w64-i686-arm-none-eabi/bin/../lib/gcc/arm-none-eabi/13.2.1/thumb/v6-m/nofp/crtbegin.o
 .tm_clone_table
                0x1000000c        0x0 C:/Users/Juan/.mcuxpressotools/arm-gnu-toolchain-13.2.Rel1-mingw-w64-i686-arm-none-eabi/bin/../lib/gcc/arm-none-eabi/13.2.1/thumb/v6-m/nofp/crtend.o

.igot.plt       0x1000000c        0x0 load address 0x0000ab30
 .igot.plt      0x1000000c        0x0 C:/Users/Juan/.mcuxpressotools/arm-gnu-toolchain-13.2.Rel1-mingw-w64-i686-arm-none-eabi/bin/../lib/gcc/arm-none-eabi/13.2.1/thumb/v6-m/nofp/crtbegin.o

.bss            0x1000000c     0x2234 load address 0x0000ab30
                0x1000000c                        . = ALIGN (0x4)
                0x1000000c                        __START_BSS = .
                0x1000000c                        __bss_start__ = .
 *(.bss)
 *(.bss*)
 .bss.completed.1
                0x1000000c        0x1 C:/Users/Juan/.mcuxpressotools/arm-gnu-toolchain-13.2.Rel1-mingw-w64-i686-arm-none-eabi/bin/../lib/gcc/arm-none-eabi/13.2.1/thumb/v6-m/nofp/crtbegin.o
 *fill*         0x1000000d        0x3 
 .bss.object.0  0x10000010       0x18 C:/Users/Juan/.mcuxpressotools/arm-gnu-toolchain-13.2.Rel1-mingw-w64-i686-arm-none-eabi/bin/../lib/gcc/arm-none-eabi/13.2.1/thumb/v6-m/nofp/crtbegin.o
 .bss.queue_adc
                0x10000028        0x4 CMakeFiles/new_project.elf.dir/C_/Users/Juan/test/trabajo_integrador/app_tasks.c.obj
                0x10000028                queue_adc
 .bss.queue_lux
                0x1000002c        0x4 CMakeFiles/new_project.elf.dir/C_/Users/Juan/test/trabajo_integrador/app_tasks.c.obj
                0x1000002c                queue_lux
 .bss.queue_display
                0x10000030        0x4 CMakeFiles/new_project.elf.dir/C_/Users/Juan/test/trabajo_integrador/app_tasks.c.obj
                0x10000030                queue_display
 .bss.queue_display_control
                0x10000034        0x4 CMakeFiles/new_project.elf.dir/C_/Users/Juan/test/trabajo_integrador/app_tasks.c.obj
                0x10000034                queue_display_control
 .bss.queue_setpoint
                0x10000038        0x4 CMakeFiles/new_project.elf.dir/C_/Users/Juan/test/trabajo_integrador/app_tasks.c.obj
                0x10000038                queue_setpoint
 .bss.semphr_buzz
                0x1000003c        0x4 CMakeFiles/new_project.elf.dir/C_/Users/Juan/test/trabajo_integrador/app_tasks.c.obj
                0x1000003c                semphr_buzz
 .bss.semphr_counter
                0x10000040        0x4 CMakeFiles/new_project.elf.dir/C_/Users/Juan/test/trabajo_integrador/app_tasks.c.obj
                0x10000040                semphr_counter
 .bss.semphr_usr
                0x10000044        0x4 CMakeFiles/new_project.elf.dir/C_/Users/Juan/test/trabajo_integrador/app_tasks.c.obj
                0x10000044                semphr_usr
 .bss.handle_display
                0x10000048        0x4 CMakeFiles/new_project.elf.dir/C_/Users/Juan/test/trabajo_integrador/app_tasks.c.obj
                0x10000048                handle_display
 .bss.pwm_bled_event
                0x1000004c        0x4 CMakeFiles/new_project.elf.dir/C_/Users/Juan/test/trabajo_integrador/wrappers.c.obj
 .bss.pwm_rled_event
                0x10000050        0x4 CMakeFiles/new_project.elf.dir/C_/Users/Juan/test/trabajo_integrador/wrappers.c.obj
 .bss.pwm_gled_event
                0x10000054        0x4 CMakeFiles/new_project.elf.dir/C_/Users/Juan/test/trabajo_integrador/wrappers.c.obj
 .bss.g_Ext_Clk_Freq
                0x10000058        0x4 CMakeFiles/new_project.elf.dir/C_/Users/Juan/test/sdks/trabajo_integrador_sdk/devices/LPC845/drivers/fsl_clock.c.obj
                0x10000058                g_Ext_Clk_Freq
 .bss.g_Wdt_Osc_Freq
                0x1000005c        0x4 CMakeFiles/new_project.elf.dir/C_/Users/Juan/test/sdks/trabajo_integrador_sdk/devices/LPC845/drivers/fsl_clock.c.obj
                0x1000005c                g_Wdt_Osc_Freq
 .bss.s_i2cHandle
                0x10000060       0x10 CMakeFiles/new_project.elf.dir/C_/Users/Juan/test/sdks/trabajo_integrador_sdk/devices/LPC845/drivers/fsl_i2c.c.obj
 .bss.s_i2cMasterIsr
                0x10000070        0x4 CMakeFiles/new_project.elf.dir/C_/Users/Juan/test/sdks/trabajo_integrador_sdk/devices/LPC845/drivers/fsl_i2c.c.obj
 .bss.s_i2cSlaveIsr
                0x10000074        0x4 CMakeFiles/new_project.elf.dir/C_/Users/Juan/test/sdks/trabajo_integrador_sdk/devices/LPC845/drivers/fsl_i2c.c.obj
 .bss.s_usartHandle
                0x10000078       0x14 CMakeFiles/new_project.elf.dir/C_/Users/Juan/test/sdks/trabajo_integrador_sdk/devices/LPC845/drivers/fsl_usart.c.obj
 .bss.s_usartIsr
                0x1000008c        0x4 CMakeFiles/new_project.elf.dir/C_/Users/Juan/test/sdks/trabajo_integrador_sdk/devices/LPC845/drivers/fsl_usart.c.obj
 .bss.s_pintCallback
                0x10000090        0x4 CMakeFiles/new_project.elf.dir/C_/Users/Juan/test/sdks/trabajo_integrador_sdk/devices/LPC845/drivers/fsl_pint.c.obj
 .bss.s_eventCallback
                0x10000094       0x20 CMakeFiles/new_project.elf.dir/C_/Users/Juan/test/sdks/trabajo_integrador_sdk/devices/LPC845/drivers/fsl_sctimer.c.obj
 .bss.s_currentEvent
                0x100000b4        0x4 CMakeFiles/new_project.elf.dir/C_/Users/Juan/test/sdks/trabajo_integrador_sdk/devices/LPC845/drivers/fsl_sctimer.c.obj
 .bss.s_currentState
                0x100000b8        0x4 CMakeFiles/new_project.elf.dir/C_/Users/Juan/test/sdks/trabajo_integrador_sdk/devices/LPC845/drivers/fsl_sctimer.c.obj
 .bss.s_currentMatch
                0x100000bc        0x4 CMakeFiles/new_project.elf.dir/C_/Users/Juan/test/sdks/trabajo_integrador_sdk/devices/LPC845/drivers/fsl_sctimer.c.obj
 .bss.s_currentMatchhigh
                0x100000c0        0x4 CMakeFiles/new_project.elf.dir/C_/Users/Juan/test/sdks/trabajo_integrador_sdk/devices/LPC845/drivers/fsl_sctimer.c.obj
 .bss.s_sctimerIsr
                0x100000c4        0x4 CMakeFiles/new_project.elf.dir/C_/Users/Juan/test/sdks/trabajo_integrador_sdk/devices/LPC845/drivers/fsl_sctimer.c.obj
 .bss.s_debugConsole
                0x100000c8       0x14 CMakeFiles/new_project.elf.dir/C_/Users/Juan/test/sdks/trabajo_integrador_sdk/devices/LPC845/utilities/debug_console_lite/fsl_debug_console.c.obj
 .bss.__stdio_exit_handler
                0x100000dc        0x4 C:/Users/Juan/.mcuxpressotools/arm-gnu-toolchain-13.2.Rel1-mingw-w64-i686-arm-none-eabi/bin/../lib/gcc/arm-none-eabi/13.2.1/thumb/v6-m/nofp\libc_nano.a(libc_a-findfp.o)
                0x100000dc                __stdio_exit_handler
 .bss.pxCurrentTCB
                0x100000e0        0x4 freertos/libfreertos.a(tasks.c.obj)
                0x100000e0                pxCurrentTCB
 .bss.pxReadyTasksLists
                0x100000e4       0xa0 freertos/libfreertos.a(tasks.c.obj)
 .bss.xDelayedTaskList1
                0x10000184       0x14 freertos/libfreertos.a(tasks.c.obj)
 .bss.xDelayedTaskList2
                0x10000198       0x14 freertos/libfreertos.a(tasks.c.obj)
 .bss.pxDelayedTaskList
                0x100001ac        0x4 freertos/libfreertos.a(tasks.c.obj)
 .bss.pxOverflowDelayedTaskList
                0x100001b0        0x4 freertos/libfreertos.a(tasks.c.obj)
 .bss.xPendingReadyList
                0x100001b4       0x14 freertos/libfreertos.a(tasks.c.obj)
 .bss.xTasksWaitingTermination
                0x100001c8       0x14 freertos/libfreertos.a(tasks.c.obj)
 .bss.uxDeletedTasksWaitingCleanUp
                0x100001dc        0x4 freertos/libfreertos.a(tasks.c.obj)
 .bss.xSuspendedTaskList
                0x100001e0       0x14 freertos/libfreertos.a(tasks.c.obj)
 .bss.uxCurrentNumberOfTasks
                0x100001f4        0x4 freertos/libfreertos.a(tasks.c.obj)
 .bss.xTickCount
                0x100001f8        0x4 freertos/libfreertos.a(tasks.c.obj)
 .bss.uxTopReadyPriority
                0x100001fc        0x4 freertos/libfreertos.a(tasks.c.obj)
 .bss.xSchedulerRunning
                0x10000200        0x4 freertos/libfreertos.a(tasks.c.obj)
 .bss.xPendedTicks
                0x10000204        0x4 freertos/libfreertos.a(tasks.c.obj)
 .bss.xYieldPendings
                0x10000208        0x4 freertos/libfreertos.a(tasks.c.obj)
 .bss.xNumOfOverflows
                0x1000020c        0x4 freertos/libfreertos.a(tasks.c.obj)
 .bss.uxTaskNumber
                0x10000210        0x4 freertos/libfreertos.a(tasks.c.obj)
 .bss.xNextTaskUnblockTime
                0x10000214        0x4 freertos/libfreertos.a(tasks.c.obj)
 .bss.xIdleTaskHandles
                0x10000218        0x4 freertos/libfreertos.a(tasks.c.obj)
 .bss.uxSchedulerSuspended